[2025-11-08T16:02:39.471+0000] {taskinstance.py:1157} INFO - Dependencies all met for dep_context=non-requeueable deps ti=<TaskInstance: dbt_transform.dbt_run scheduled__2025-11-08T15:52:24.072041+00:00 [queued]>
[2025-11-08T16:02:39.485+0000] {taskinstance.py:1157} INFO - Dependencies all met for dep_context=requeueable deps ti=<TaskInstance: dbt_transform.dbt_run scheduled__2025-11-08T15:52:24.072041+00:00 [queued]>
[2025-11-08T16:02:39.486+0000] {taskinstance.py:1359} INFO - Starting attempt 2 of 2
[2025-11-08T16:02:39.512+0000] {taskinstance.py:1380} INFO - Executing <Task(BashOperator): dbt_run> on 2025-11-08 15:52:24.072041+00:00
[2025-11-08T16:02:39.525+0000] {standard_task_runner.py:57} INFO - Started process 9434 to run task
[2025-11-08T16:02:39.531+0000] {standard_task_runner.py:84} INFO - Running: ['***', 'tasks', 'run', 'dbt_transform', 'dbt_run', 'scheduled__2025-11-08T15:52:24.072041+00:00', '--job-id', '486', '--raw', '--subdir', 'DAGS_FOLDER/dbt_dag.py', '--cfg-path', '/tmp/tmp7f3sv9zq']
[2025-11-08T16:02:39.537+0000] {standard_task_runner.py:85} INFO - Job 486: Subtask dbt_run
[2025-11-08T16:02:39.647+0000] {task_command.py:415} INFO - Running <TaskInstance: dbt_transform.dbt_run scheduled__2025-11-08T15:52:24.072041+00:00 [running]> on host 8ce966dfa5f8
[2025-11-08T16:02:39.808+0000] {taskinstance.py:1660} INFO - Exporting env vars: AIRFLOW_CTX_DAG_OWNER='***' AIRFLOW_CTX_DAG_ID='dbt_transform' AIRFLOW_CTX_TASK_ID='dbt_run' AIRFLOW_CTX_EXECUTION_DATE='2025-11-08T15:52:24.072041+00:00' AIRFLOW_CTX_TRY_NUMBER='2' AIRFLOW_CTX_DAG_RUN_ID='scheduled__2025-11-08T15:52:24.072041+00:00'
[2025-11-08T16:02:39.811+0000] {subprocess.py:63} INFO - Tmp dir root location: /tmp
[2025-11-08T16:02:39.813+0000] {subprocess.py:75} INFO - Running command: ['/bin/bash', '-c', 'docker exec dbt_***_project-dbt-1 dbt run']
[2025-11-08T16:02:39.844+0000] {subprocess.py:86} INFO - Output:
[2025-11-08T16:02:43.434+0000] {subprocess.py:93} INFO - [0m16:02:43  Running with dbt=1.8.7
[2025-11-08T16:02:44.177+0000] {subprocess.py:93} INFO - [0m16:02:44  Registered adapter: sqlserver=1.8.7
[2025-11-08T16:02:47.662+0000] {subprocess.py:93} INFO - [0m16:02:47  Found 10 models, 18 data tests, 13 sources, 614 macros
[2025-11-08T16:02:47.673+0000] {subprocess.py:93} INFO - [0m16:02:47
[2025-11-08T16:02:47.894+0000] {subprocess.py:93} INFO - [0m16:02:47
[2025-11-08T16:02:47.896+0000] {subprocess.py:93} INFO - [0m16:02:47  Finished running  in 0 hours 0 minutes and 0.22 seconds (0.22s).
[2025-11-08T16:02:47.899+0000] {subprocess.py:93} INFO - [0m16:02:47  Encountered an error:
[2025-11-08T16:02:47.900+0000] {subprocess.py:93} INFO - Database Error
[2025-11-08T16:02:47.901+0000] {subprocess.py:93} INFO -   ('28000', "[28000] [Microsoft][ODBC Driver 17 for SQL Server][SQL Server]Login failed for user 'imrandbtnew'. (18456) (SQLDriverConnect)")
[2025-11-08T16:02:49.819+0000] {subprocess.py:97} INFO - Command exited with return code 2
[2025-11-08T16:02:49.847+0000] {taskinstance.py:1935} ERROR - Task failed with exception
Traceback (most recent call last):
  File "/home/airflow/.local/lib/python3.9/site-packages/airflow/operators/bash.py", line 210, in execute
    raise AirflowException(
airflow.exceptions.AirflowException: Bash command failed. The command returned a non-zero exit code 2.
[2025-11-08T16:02:49.856+0000] {taskinstance.py:1398} INFO - Marking task as FAILED. dag_id=dbt_transform, task_id=dbt_run, execution_date=20251108T155224, start_date=20251108T160239, end_date=20251108T160249
[2025-11-08T16:02:49.883+0000] {standard_task_runner.py:104} ERROR - Failed to execute job 486 for task dbt_run (Bash command failed. The command returned a non-zero exit code 2.; 9434)
[2025-11-08T16:02:49.946+0000] {local_task_job_runner.py:228} INFO - Task exited with return code 1
[2025-11-08T16:02:49.991+0000] {taskinstance.py:2776} INFO - 0 downstream tasks scheduled from follow-on schedule check
