[2025-11-08T16:45:36.723+0000] {taskinstance.py:1157} INFO - Dependencies all met for dep_context=non-requeueable deps ti=<TaskInstance: dbt_transform.dbt_run scheduled__2025-11-08T16:35:21.872649+00:00 [queued]>
[2025-11-08T16:45:36.748+0000] {taskinstance.py:1157} INFO - Dependencies all met for dep_context=requeueable deps ti=<TaskInstance: dbt_transform.dbt_run scheduled__2025-11-08T16:35:21.872649+00:00 [queued]>
[2025-11-08T16:45:36.749+0000] {taskinstance.py:1359} INFO - Starting attempt 2 of 2
[2025-11-08T16:45:36.786+0000] {taskinstance.py:1380} INFO - Executing <Task(BashOperator): dbt_run> on 2025-11-08 16:35:21.872649+00:00
[2025-11-08T16:45:36.803+0000] {standard_task_runner.py:57} INFO - Started process 10800 to run task
[2025-11-08T16:45:36.809+0000] {standard_task_runner.py:84} INFO - Running: ['***', 'tasks', 'run', 'dbt_transform', 'dbt_run', 'scheduled__2025-11-08T16:35:21.872649+00:00', '--job-id', '557', '--raw', '--subdir', 'DAGS_FOLDER/dbt_dag.py', '--cfg-path', '/tmp/tmp_e7updly']
[2025-11-08T16:45:36.817+0000] {standard_task_runner.py:85} INFO - Job 557: Subtask dbt_run
[2025-11-08T16:45:36.947+0000] {task_command.py:415} INFO - Running <TaskInstance: dbt_transform.dbt_run scheduled__2025-11-08T16:35:21.872649+00:00 [running]> on host 8ce966dfa5f8
[2025-11-08T16:45:37.107+0000] {taskinstance.py:1660} INFO - Exporting env vars: AIRFLOW_CTX_DAG_OWNER='***' AIRFLOW_CTX_DAG_ID='dbt_transform' AIRFLOW_CTX_TASK_ID='dbt_run' AIRFLOW_CTX_EXECUTION_DATE='2025-11-08T16:35:21.872649+00:00' AIRFLOW_CTX_TRY_NUMBER='2' AIRFLOW_CTX_DAG_RUN_ID='scheduled__2025-11-08T16:35:21.872649+00:00'
[2025-11-08T16:45:37.111+0000] {subprocess.py:63} INFO - Tmp dir root location: /tmp
[2025-11-08T16:45:37.115+0000] {subprocess.py:75} INFO - Running command: ['/bin/bash', '-c', 'docker exec dbt_***_project-dbt-1 dbt run']
[2025-11-08T16:45:37.150+0000] {subprocess.py:86} INFO - Output:
[2025-11-08T16:45:40.689+0000] {subprocess.py:93} INFO - [0m16:45:40  Running with dbt=1.8.7
[2025-11-08T16:45:41.499+0000] {subprocess.py:93} INFO - [0m16:45:41  Registered adapter: sqlserver=1.8.7
[2025-11-08T16:45:44.713+0000] {subprocess.py:93} INFO - [0m16:45:44  Found 10 models, 18 data tests, 13 sources, 614 macros
[2025-11-08T16:45:44.726+0000] {subprocess.py:93} INFO - [0m16:45:44
[2025-11-08T16:45:44.923+0000] {subprocess.py:93} INFO - [0m16:45:44
[2025-11-08T16:45:44.925+0000] {subprocess.py:93} INFO - [0m16:45:44  Finished running  in 0 hours 0 minutes and 0.19 seconds (0.19s).
[2025-11-08T16:45:44.928+0000] {subprocess.py:93} INFO - [0m16:45:44  Encountered an error:
[2025-11-08T16:45:44.929+0000] {subprocess.py:93} INFO - Database Error
[2025-11-08T16:45:44.930+0000] {subprocess.py:93} INFO -   ('28000', "[28000] [Microsoft][ODBC Driver 17 for SQL Server][SQL Server]Login failed for user 'imrandbtnew'. (18456) (SQLDriverConnect)")
[2025-11-08T16:45:46.904+0000] {subprocess.py:97} INFO - Command exited with return code 2
[2025-11-08T16:45:46.932+0000] {taskinstance.py:1935} ERROR - Task failed with exception
Traceback (most recent call last):
  File "/home/airflow/.local/lib/python3.9/site-packages/airflow/operators/bash.py", line 210, in execute
    raise AirflowException(
airflow.exceptions.AirflowException: Bash command failed. The command returned a non-zero exit code 2.
[2025-11-08T16:45:46.942+0000] {taskinstance.py:1398} INFO - Marking task as FAILED. dag_id=dbt_transform, task_id=dbt_run, execution_date=20251108T163521, start_date=20251108T164536, end_date=20251108T164546
[2025-11-08T16:45:46.976+0000] {standard_task_runner.py:104} ERROR - Failed to execute job 557 for task dbt_run (Bash command failed. The command returned a non-zero exit code 2.; 10800)
[2025-11-08T16:45:47.032+0000] {local_task_job_runner.py:228} INFO - Task exited with return code 1
[2025-11-08T16:45:47.086+0000] {taskinstance.py:2776} INFO - 0 downstream tasks scheduled from follow-on schedule check
