[2025-11-08T08:55:03.348+0000] {taskinstance.py:1157} INFO - Dependencies all met for dep_context=non-requeueable deps ti=<TaskInstance: dbt_transform.dbt_run scheduled__2025-11-08T08:44:49.604321+00:00 [queued]>
[2025-11-08T08:55:03.367+0000] {taskinstance.py:1157} INFO - Dependencies all met for dep_context=requeueable deps ti=<TaskInstance: dbt_transform.dbt_run scheduled__2025-11-08T08:44:49.604321+00:00 [queued]>
[2025-11-08T08:55:03.368+0000] {taskinstance.py:1359} INFO - Starting attempt 2 of 2
[2025-11-08T08:55:03.396+0000] {taskinstance.py:1380} INFO - Executing <Task(BashOperator): dbt_run> on 2025-11-08 08:44:49.604321+00:00
[2025-11-08T08:55:03.417+0000] {standard_task_runner.py:57} INFO - Started process 1370 to run task
[2025-11-08T08:55:03.426+0000] {standard_task_runner.py:84} INFO - Running: ['***', 'tasks', 'run', 'dbt_transform', 'dbt_run', 'scheduled__2025-11-08T08:44:49.604321+00:00', '--job-id', '38', '--raw', '--subdir', 'DAGS_FOLDER/dbt_dag.py', '--cfg-path', '/tmp/tmp0jdae016']
[2025-11-08T08:55:03.433+0000] {standard_task_runner.py:85} INFO - Job 38: Subtask dbt_run
[2025-11-08T08:55:03.575+0000] {task_command.py:415} INFO - Running <TaskInstance: dbt_transform.dbt_run scheduled__2025-11-08T08:44:49.604321+00:00 [running]> on host 8ce966dfa5f8
[2025-11-08T08:55:03.740+0000] {taskinstance.py:1660} INFO - Exporting env vars: AIRFLOW_CTX_DAG_OWNER='***' AIRFLOW_CTX_DAG_ID='dbt_transform' AIRFLOW_CTX_TASK_ID='dbt_run' AIRFLOW_CTX_EXECUTION_DATE='2025-11-08T08:44:49.604321+00:00' AIRFLOW_CTX_TRY_NUMBER='2' AIRFLOW_CTX_DAG_RUN_ID='scheduled__2025-11-08T08:44:49.604321+00:00'
[2025-11-08T08:55:03.743+0000] {subprocess.py:63} INFO - Tmp dir root location: /tmp
[2025-11-08T08:55:03.748+0000] {subprocess.py:75} INFO - Running command: ['/bin/bash', '-c', 'docker exec dbt_***_project-dbt-1 dbt run']
[2025-11-08T08:55:03.776+0000] {subprocess.py:86} INFO - Output:
[2025-11-08T08:55:07.144+0000] {subprocess.py:93} INFO - [0m08:55:07  Running with dbt=1.8.7
[2025-11-08T08:55:08.046+0000] {subprocess.py:93} INFO - [0m08:55:08  Registered adapter: sqlserver=1.8.7
[2025-11-08T08:55:11.591+0000] {subprocess.py:93} INFO - [0m08:55:11  Found 10 models, 18 data tests, 13 sources, 614 macros
[2025-11-08T08:55:11.600+0000] {subprocess.py:93} INFO - [0m08:55:11
[2025-11-08T08:55:11.784+0000] {subprocess.py:93} INFO - [0m08:55:11
[2025-11-08T08:55:11.785+0000] {subprocess.py:93} INFO - [0m08:55:11  Finished running  in 0 hours 0 minutes and 0.18 seconds (0.18s).
[2025-11-08T08:55:11.787+0000] {subprocess.py:93} INFO - [0m08:55:11  Encountered an error:
[2025-11-08T08:55:11.788+0000] {subprocess.py:93} INFO - Database Error
[2025-11-08T08:55:11.789+0000] {subprocess.py:93} INFO -   ('28000', "[28000] [Microsoft][ODBC Driver 17 for SQL Server][SQL Server]Login failed for user 'imrandbtnew'. (18456) (SQLDriverConnect)")
[2025-11-08T08:55:13.674+0000] {subprocess.py:97} INFO - Command exited with return code 2
[2025-11-08T08:55:13.718+0000] {taskinstance.py:1935} ERROR - Task failed with exception
Traceback (most recent call last):
  File "/home/airflow/.local/lib/python3.9/site-packages/airflow/operators/bash.py", line 210, in execute
    raise AirflowException(
airflow.exceptions.AirflowException: Bash command failed. The command returned a non-zero exit code 2.
[2025-11-08T08:55:13.727+0000] {taskinstance.py:1398} INFO - Marking task as FAILED. dag_id=dbt_transform, task_id=dbt_run, execution_date=20251108T084449, start_date=20251108T085503, end_date=20251108T085513
[2025-11-08T08:55:13.766+0000] {standard_task_runner.py:104} ERROR - Failed to execute job 38 for task dbt_run (Bash command failed. The command returned a non-zero exit code 2.; 1370)
[2025-11-08T08:55:13.801+0000] {local_task_job_runner.py:228} INFO - Task exited with return code 1
[2025-11-08T08:55:13.849+0000] {taskinstance.py:2776} INFO - 0 downstream tasks scheduled from follow-on schedule check
