[2025-11-08T14:03:39.900+0000] {taskinstance.py:1157} INFO - Dependencies all met for dep_context=non-requeueable deps ti=<TaskInstance: dbt_transform.dbt_run scheduled__2025-11-08T13:53:24.156029+00:00 [queued]>
[2025-11-08T14:03:39.925+0000] {taskinstance.py:1157} INFO - Dependencies all met for dep_context=requeueable deps ti=<TaskInstance: dbt_transform.dbt_run scheduled__2025-11-08T13:53:24.156029+00:00 [queued]>
[2025-11-08T14:03:39.928+0000] {taskinstance.py:1359} INFO - Starting attempt 2 of 2
[2025-11-08T14:03:39.968+0000] {taskinstance.py:1380} INFO - Executing <Task(BashOperator): dbt_run> on 2025-11-08 13:53:24.156029+00:00
[2025-11-08T14:03:39.990+0000] {standard_task_runner.py:57} INFO - Started process 4794 to run task
[2025-11-08T14:03:39.999+0000] {standard_task_runner.py:84} INFO - Running: ['***', 'tasks', 'run', 'dbt_transform', 'dbt_run', 'scheduled__2025-11-08T13:53:24.156029+00:00', '--job-id', '221', '--raw', '--subdir', 'DAGS_FOLDER/dbt_dag.py', '--cfg-path', '/tmp/tmpos6um4gh']
[2025-11-08T14:03:40.005+0000] {standard_task_runner.py:85} INFO - Job 221: Subtask dbt_run
[2025-11-08T14:03:40.150+0000] {task_command.py:415} INFO - Running <TaskInstance: dbt_transform.dbt_run scheduled__2025-11-08T13:53:24.156029+00:00 [running]> on host 8ce966dfa5f8
[2025-11-08T14:03:40.352+0000] {taskinstance.py:1660} INFO - Exporting env vars: AIRFLOW_CTX_DAG_OWNER='***' AIRFLOW_CTX_DAG_ID='dbt_transform' AIRFLOW_CTX_TASK_ID='dbt_run' AIRFLOW_CTX_EXECUTION_DATE='2025-11-08T13:53:24.156029+00:00' AIRFLOW_CTX_TRY_NUMBER='2' AIRFLOW_CTX_DAG_RUN_ID='scheduled__2025-11-08T13:53:24.156029+00:00'
[2025-11-08T14:03:40.358+0000] {subprocess.py:63} INFO - Tmp dir root location: /tmp
[2025-11-08T14:03:40.364+0000] {subprocess.py:75} INFO - Running command: ['/bin/bash', '-c', 'docker exec dbt_***_project-dbt-1 dbt run']
[2025-11-08T14:03:40.414+0000] {subprocess.py:86} INFO - Output:
[2025-11-08T14:03:44.160+0000] {subprocess.py:93} INFO - [0m14:03:44  Running with dbt=1.8.7
[2025-11-08T14:03:45.122+0000] {subprocess.py:93} INFO - [0m14:03:45  Registered adapter: sqlserver=1.8.7
[2025-11-08T14:03:48.576+0000] {subprocess.py:93} INFO - [0m14:03:48  Found 10 models, 18 data tests, 13 sources, 614 macros
[2025-11-08T14:03:48.587+0000] {subprocess.py:93} INFO - [0m14:03:48
[2025-11-08T14:03:48.784+0000] {subprocess.py:93} INFO - [0m14:03:48
[2025-11-08T14:03:48.786+0000] {subprocess.py:93} INFO - [0m14:03:48  Finished running  in 0 hours 0 minutes and 0.19 seconds (0.19s).
[2025-11-08T14:03:48.788+0000] {subprocess.py:93} INFO - [0m14:03:48  Encountered an error:
[2025-11-08T14:03:48.789+0000] {subprocess.py:93} INFO - Database Error
[2025-11-08T14:03:48.790+0000] {subprocess.py:93} INFO -   ('28000', "[28000] [Microsoft][ODBC Driver 17 for SQL Server][SQL Server]Login failed for user 'imrandbtnew'. (18456) (SQLDriverConnect)")
[2025-11-08T14:03:50.787+0000] {subprocess.py:97} INFO - Command exited with return code 2
[2025-11-08T14:03:50.814+0000] {taskinstance.py:1935} ERROR - Task failed with exception
Traceback (most recent call last):
  File "/home/airflow/.local/lib/python3.9/site-packages/airflow/operators/bash.py", line 210, in execute
    raise AirflowException(
airflow.exceptions.AirflowException: Bash command failed. The command returned a non-zero exit code 2.
[2025-11-08T14:03:50.824+0000] {taskinstance.py:1398} INFO - Marking task as FAILED. dag_id=dbt_transform, task_id=dbt_run, execution_date=20251108T135324, start_date=20251108T140339, end_date=20251108T140350
[2025-11-08T14:03:50.863+0000] {standard_task_runner.py:104} ERROR - Failed to execute job 221 for task dbt_run (Bash command failed. The command returned a non-zero exit code 2.; 4794)
[2025-11-08T14:03:50.913+0000] {local_task_job_runner.py:228} INFO - Task exited with return code 1
[2025-11-08T14:03:50.969+0000] {taskinstance.py:2776} INFO - 0 downstream tasks scheduled from follow-on schedule check
