[2025-11-08T17:01:48.715+0000] {taskinstance.py:1157} INFO - Dependencies all met for dep_context=non-requeueable deps ti=<TaskInstance: dbt_transform.dbt_run scheduled__2025-11-08T16:51:37.453417+00:00 [queued]>
[2025-11-08T17:01:48.736+0000] {taskinstance.py:1157} INFO - Dependencies all met for dep_context=requeueable deps ti=<TaskInstance: dbt_transform.dbt_run scheduled__2025-11-08T16:51:37.453417+00:00 [queued]>
[2025-11-08T17:01:48.737+0000] {taskinstance.py:1359} INFO - Starting attempt 2 of 2
[2025-11-08T17:01:48.774+0000] {taskinstance.py:1380} INFO - Executing <Task(BashOperator): dbt_run> on 2025-11-08 16:51:37.453417+00:00
[2025-11-08T17:01:48.788+0000] {standard_task_runner.py:57} INFO - Started process 11372 to run task
[2025-11-08T17:01:48.795+0000] {standard_task_runner.py:84} INFO - Running: ['***', 'tasks', 'run', 'dbt_transform', 'dbt_run', 'scheduled__2025-11-08T16:51:37.453417+00:00', '--job-id', '588', '--raw', '--subdir', 'DAGS_FOLDER/dbt_dag.py', '--cfg-path', '/tmp/tmp1oj3zuha']
[2025-11-08T17:01:48.801+0000] {standard_task_runner.py:85} INFO - Job 588: Subtask dbt_run
[2025-11-08T17:01:48.917+0000] {task_command.py:415} INFO - Running <TaskInstance: dbt_transform.dbt_run scheduled__2025-11-08T16:51:37.453417+00:00 [running]> on host 8ce966dfa5f8
[2025-11-08T17:01:49.071+0000] {taskinstance.py:1660} INFO - Exporting env vars: AIRFLOW_CTX_DAG_OWNER='***' AIRFLOW_CTX_DAG_ID='dbt_transform' AIRFLOW_CTX_TASK_ID='dbt_run' AIRFLOW_CTX_EXECUTION_DATE='2025-11-08T16:51:37.453417+00:00' AIRFLOW_CTX_TRY_NUMBER='2' AIRFLOW_CTX_DAG_RUN_ID='scheduled__2025-11-08T16:51:37.453417+00:00'
[2025-11-08T17:01:49.076+0000] {subprocess.py:63} INFO - Tmp dir root location: /tmp
[2025-11-08T17:01:49.079+0000] {subprocess.py:75} INFO - Running command: ['/bin/bash', '-c', 'docker exec dbt_***_project-dbt-1 dbt run']
[2025-11-08T17:01:49.109+0000] {subprocess.py:86} INFO - Output:
[2025-11-08T17:01:52.745+0000] {subprocess.py:93} INFO - [0m17:01:52  Running with dbt=1.8.7
[2025-11-08T17:01:53.501+0000] {subprocess.py:93} INFO - [0m17:01:53  Registered adapter: sqlserver=1.8.7
[2025-11-08T17:01:56.418+0000] {subprocess.py:93} INFO - [0m17:01:56  Found 10 models, 18 data tests, 13 sources, 614 macros
[2025-11-08T17:01:56.428+0000] {subprocess.py:93} INFO - [0m17:01:56
[2025-11-08T17:01:56.615+0000] {subprocess.py:93} INFO - [0m17:01:56
[2025-11-08T17:01:56.618+0000] {subprocess.py:93} INFO - [0m17:01:56  Finished running  in 0 hours 0 minutes and 0.18 seconds (0.18s).
[2025-11-08T17:01:56.620+0000] {subprocess.py:93} INFO - [0m17:01:56  Encountered an error:
[2025-11-08T17:01:56.621+0000] {subprocess.py:93} INFO - Database Error
[2025-11-08T17:01:56.622+0000] {subprocess.py:93} INFO -   ('28000', "[28000] [Microsoft][ODBC Driver 17 for SQL Server][SQL Server]Login failed for user 'imrandbtnew'. (18456) (SQLDriverConnect)")
[2025-11-08T17:01:58.422+0000] {subprocess.py:97} INFO - Command exited with return code 2
[2025-11-08T17:01:58.443+0000] {taskinstance.py:1935} ERROR - Task failed with exception
Traceback (most recent call last):
  File "/home/airflow/.local/lib/python3.9/site-packages/airflow/operators/bash.py", line 210, in execute
    raise AirflowException(
airflow.exceptions.AirflowException: Bash command failed. The command returned a non-zero exit code 2.
[2025-11-08T17:01:58.452+0000] {taskinstance.py:1398} INFO - Marking task as FAILED. dag_id=dbt_transform, task_id=dbt_run, execution_date=20251108T165137, start_date=20251108T170148, end_date=20251108T170158
[2025-11-08T17:01:58.482+0000] {standard_task_runner.py:104} ERROR - Failed to execute job 588 for task dbt_run (Bash command failed. The command returned a non-zero exit code 2.; 11372)
[2025-11-08T17:01:58.527+0000] {local_task_job_runner.py:228} INFO - Task exited with return code 1
[2025-11-08T17:01:58.567+0000] {taskinstance.py:2776} INFO - 0 downstream tasks scheduled from follow-on schedule check
