[2025-11-08T16:08:03.304+0000] {taskinstance.py:1157} INFO - Dependencies all met for dep_context=non-requeueable deps ti=<TaskInstance: dbt_transform.dbt_run scheduled__2025-11-08T15:57:48.445823+00:00 [queued]>
[2025-11-08T16:08:03.324+0000] {taskinstance.py:1157} INFO - Dependencies all met for dep_context=requeueable deps ti=<TaskInstance: dbt_transform.dbt_run scheduled__2025-11-08T15:57:48.445823+00:00 [queued]>
[2025-11-08T16:08:03.326+0000] {taskinstance.py:1359} INFO - Starting attempt 2 of 2
[2025-11-08T16:08:03.357+0000] {taskinstance.py:1380} INFO - Executing <Task(BashOperator): dbt_run> on 2025-11-08 15:57:48.445823+00:00
[2025-11-08T16:08:03.369+0000] {standard_task_runner.py:57} INFO - Started process 9576 to run task
[2025-11-08T16:08:03.378+0000] {standard_task_runner.py:84} INFO - Running: ['***', 'tasks', 'run', 'dbt_transform', 'dbt_run', 'scheduled__2025-11-08T15:57:48.445823+00:00', '--job-id', '493', '--raw', '--subdir', 'DAGS_FOLDER/dbt_dag.py', '--cfg-path', '/tmp/tmppvmguw3n']
[2025-11-08T16:08:03.387+0000] {standard_task_runner.py:85} INFO - Job 493: Subtask dbt_run
[2025-11-08T16:08:03.536+0000] {task_command.py:415} INFO - Running <TaskInstance: dbt_transform.dbt_run scheduled__2025-11-08T15:57:48.445823+00:00 [running]> on host 8ce966dfa5f8
[2025-11-08T16:08:03.705+0000] {taskinstance.py:1660} INFO - Exporting env vars: AIRFLOW_CTX_DAG_OWNER='***' AIRFLOW_CTX_DAG_ID='dbt_transform' AIRFLOW_CTX_TASK_ID='dbt_run' AIRFLOW_CTX_EXECUTION_DATE='2025-11-08T15:57:48.445823+00:00' AIRFLOW_CTX_TRY_NUMBER='2' AIRFLOW_CTX_DAG_RUN_ID='scheduled__2025-11-08T15:57:48.445823+00:00'
[2025-11-08T16:08:03.710+0000] {subprocess.py:63} INFO - Tmp dir root location: /tmp
[2025-11-08T16:08:03.713+0000] {subprocess.py:75} INFO - Running command: ['/bin/bash', '-c', 'docker exec dbt_***_project-dbt-1 dbt run']
[2025-11-08T16:08:03.743+0000] {subprocess.py:86} INFO - Output:
[2025-11-08T16:08:07.702+0000] {subprocess.py:93} INFO - [0m16:08:07  Running with dbt=1.8.7
[2025-11-08T16:08:08.434+0000] {subprocess.py:93} INFO - [0m16:08:08  Registered adapter: sqlserver=1.8.7
[2025-11-08T16:08:11.459+0000] {subprocess.py:93} INFO - [0m16:08:11  Found 10 models, 18 data tests, 13 sources, 614 macros
[2025-11-08T16:08:11.467+0000] {subprocess.py:93} INFO - [0m16:08:11
[2025-11-08T16:08:11.638+0000] {subprocess.py:93} INFO - [0m16:08:11
[2025-11-08T16:08:11.639+0000] {subprocess.py:93} INFO - [0m16:08:11  Finished running  in 0 hours 0 minutes and 0.17 seconds (0.17s).
[2025-11-08T16:08:11.640+0000] {subprocess.py:93} INFO - [0m16:08:11  Encountered an error:
[2025-11-08T16:08:11.641+0000] {subprocess.py:93} INFO - Database Error
[2025-11-08T16:08:11.641+0000] {subprocess.py:93} INFO -   ('28000', "[28000] [Microsoft][ODBC Driver 17 for SQL Server][SQL Server]Login failed for user 'imrandbtnew'. (18456) (SQLDriverConnect)")
[2025-11-08T16:08:13.602+0000] {subprocess.py:97} INFO - Command exited with return code 2
[2025-11-08T16:08:13.631+0000] {taskinstance.py:1935} ERROR - Task failed with exception
Traceback (most recent call last):
  File "/home/airflow/.local/lib/python3.9/site-packages/airflow/operators/bash.py", line 210, in execute
    raise AirflowException(
airflow.exceptions.AirflowException: Bash command failed. The command returned a non-zero exit code 2.
[2025-11-08T16:08:13.640+0000] {taskinstance.py:1398} INFO - Marking task as FAILED. dag_id=dbt_transform, task_id=dbt_run, execution_date=20251108T155748, start_date=20251108T160803, end_date=20251108T160813
[2025-11-08T16:08:13.711+0000] {standard_task_runner.py:104} ERROR - Failed to execute job 493 for task dbt_run (Bash command failed. The command returned a non-zero exit code 2.; 9576)
[2025-11-08T16:08:13.764+0000] {local_task_job_runner.py:228} INFO - Task exited with return code 1
[2025-11-08T16:08:13.820+0000] {taskinstance.py:2776} INFO - 0 downstream tasks scheduled from follow-on schedule check
