[2025-11-08T10:36:12.029+0000] {taskinstance.py:1157} INFO - Dependencies all met for dep_context=non-requeueable deps ti=<TaskInstance: dbt_transform.dbt_run scheduled__2025-11-08T10:31:09.369246+00:00 [queued]>
[2025-11-08T10:36:12.056+0000] {taskinstance.py:1157} INFO - Dependencies all met for dep_context=requeueable deps ti=<TaskInstance: dbt_transform.dbt_run scheduled__2025-11-08T10:31:09.369246+00:00 [queued]>
[2025-11-08T10:36:12.057+0000] {taskinstance.py:1359} INFO - Starting attempt 1 of 2
[2025-11-08T10:36:12.087+0000] {taskinstance.py:1380} INFO - Executing <Task(BashOperator): dbt_run> on 2025-11-08 10:31:09.369246+00:00
[2025-11-08T10:36:12.097+0000] {standard_task_runner.py:57} INFO - Started process 2403 to run task
[2025-11-08T10:36:12.104+0000] {standard_task_runner.py:84} INFO - Running: ['***', 'tasks', 'run', 'dbt_transform', 'dbt_run', 'scheduled__2025-11-08T10:31:09.369246+00:00', '--job-id', '91', '--raw', '--subdir', 'DAGS_FOLDER/dbt_dag.py', '--cfg-path', '/tmp/tmp__nohr0v']
[2025-11-08T10:36:12.111+0000] {standard_task_runner.py:85} INFO - Job 91: Subtask dbt_run
[2025-11-08T10:36:12.246+0000] {task_command.py:415} INFO - Running <TaskInstance: dbt_transform.dbt_run scheduled__2025-11-08T10:31:09.369246+00:00 [running]> on host 8ce966dfa5f8
[2025-11-08T10:36:12.476+0000] {taskinstance.py:1660} INFO - Exporting env vars: AIRFLOW_CTX_DAG_OWNER='***' AIRFLOW_CTX_DAG_ID='dbt_transform' AIRFLOW_CTX_TASK_ID='dbt_run' AIRFLOW_CTX_EXECUTION_DATE='2025-11-08T10:31:09.369246+00:00' AIRFLOW_CTX_TRY_NUMBER='1' AIRFLOW_CTX_DAG_RUN_ID='scheduled__2025-11-08T10:31:09.369246+00:00'
[2025-11-08T10:36:12.479+0000] {subprocess.py:63} INFO - Tmp dir root location: /tmp
[2025-11-08T10:36:12.482+0000] {subprocess.py:75} INFO - Running command: ['/bin/bash', '-c', 'docker exec dbt_***_project-dbt-1 dbt run']
[2025-11-08T10:36:12.515+0000] {subprocess.py:86} INFO - Output:
[2025-11-08T10:36:15.940+0000] {subprocess.py:93} INFO - [0m10:36:15  Running with dbt=1.8.7
[2025-11-08T10:36:16.756+0000] {subprocess.py:93} INFO - [0m10:36:16  Registered adapter: sqlserver=1.8.7
[2025-11-08T10:36:19.967+0000] {subprocess.py:93} INFO - [0m10:36:19  Found 10 models, 18 data tests, 13 sources, 614 macros
[2025-11-08T10:36:19.978+0000] {subprocess.py:93} INFO - [0m10:36:19
[2025-11-08T10:36:20.199+0000] {subprocess.py:93} INFO - [0m10:36:20
[2025-11-08T10:36:20.201+0000] {subprocess.py:93} INFO - [0m10:36:20  Finished running  in 0 hours 0 minutes and 0.22 seconds (0.22s).
[2025-11-08T10:36:20.203+0000] {subprocess.py:93} INFO - [0m10:36:20  Encountered an error:
[2025-11-08T10:36:20.204+0000] {subprocess.py:93} INFO - Database Error
[2025-11-08T10:36:20.204+0000] {subprocess.py:93} INFO -   ('28000', "[28000] [Microsoft][ODBC Driver 17 for SQL Server][SQL Server]Login failed for user 'imrandbtnew'. (18456) (SQLDriverConnect)")
[2025-11-08T10:36:22.272+0000] {subprocess.py:97} INFO - Command exited with return code 2
[2025-11-08T10:36:22.301+0000] {taskinstance.py:1935} ERROR - Task failed with exception
Traceback (most recent call last):
  File "/home/airflow/.local/lib/python3.9/site-packages/airflow/operators/bash.py", line 210, in execute
    raise AirflowException(
airflow.exceptions.AirflowException: Bash command failed. The command returned a non-zero exit code 2.
[2025-11-08T10:36:22.310+0000] {taskinstance.py:1398} INFO - Marking task as UP_FOR_RETRY. dag_id=dbt_transform, task_id=dbt_run, execution_date=20251108T103109, start_date=20251108T103612, end_date=20251108T103622
[2025-11-08T10:36:22.343+0000] {standard_task_runner.py:104} ERROR - Failed to execute job 91 for task dbt_run (Bash command failed. The command returned a non-zero exit code 2.; 2403)
[2025-11-08T10:36:22.372+0000] {local_task_job_runner.py:228} INFO - Task exited with return code 1
[2025-11-08T10:36:22.419+0000] {taskinstance.py:2776} INFO - 0 downstream tasks scheduled from follow-on schedule check
