[2025-11-08T15:08:40.297+0000] {taskinstance.py:1157} INFO - Dependencies all met for dep_context=non-requeueable deps ti=<TaskInstance: dbt_transform.dbt_run scheduled__2025-11-08T14:58:27.823580+00:00 [queued]>
[2025-11-08T15:08:40.312+0000] {taskinstance.py:1157} INFO - Dependencies all met for dep_context=requeueable deps ti=<TaskInstance: dbt_transform.dbt_run scheduled__2025-11-08T14:58:27.823580+00:00 [queued]>
[2025-11-08T15:08:40.313+0000] {taskinstance.py:1359} INFO - Starting attempt 2 of 2
[2025-11-08T15:08:40.335+0000] {taskinstance.py:1380} INFO - Executing <Task(BashOperator): dbt_run> on 2025-11-08 14:58:27.823580+00:00
[2025-11-08T15:08:40.348+0000] {standard_task_runner.py:57} INFO - Started process 7587 to run task
[2025-11-08T15:08:40.354+0000] {standard_task_runner.py:84} INFO - Running: ['***', 'tasks', 'run', 'dbt_transform', 'dbt_run', 'scheduled__2025-11-08T14:58:27.823580+00:00', '--job-id', '388', '--raw', '--subdir', 'DAGS_FOLDER/dbt_dag.py', '--cfg-path', '/tmp/tmpevhdhyva']
[2025-11-08T15:08:40.361+0000] {standard_task_runner.py:85} INFO - Job 388: Subtask dbt_run
[2025-11-08T15:08:40.495+0000] {task_command.py:415} INFO - Running <TaskInstance: dbt_transform.dbt_run scheduled__2025-11-08T14:58:27.823580+00:00 [running]> on host 8ce966dfa5f8
[2025-11-08T15:08:40.645+0000] {taskinstance.py:1660} INFO - Exporting env vars: AIRFLOW_CTX_DAG_OWNER='***' AIRFLOW_CTX_DAG_ID='dbt_transform' AIRFLOW_CTX_TASK_ID='dbt_run' AIRFLOW_CTX_EXECUTION_DATE='2025-11-08T14:58:27.823580+00:00' AIRFLOW_CTX_TRY_NUMBER='2' AIRFLOW_CTX_DAG_RUN_ID='scheduled__2025-11-08T14:58:27.823580+00:00'
[2025-11-08T15:08:40.649+0000] {subprocess.py:63} INFO - Tmp dir root location: /tmp
[2025-11-08T15:08:40.652+0000] {subprocess.py:75} INFO - Running command: ['/bin/bash', '-c', 'docker exec dbt_***_project-dbt-1 dbt run']
[2025-11-08T15:08:40.675+0000] {subprocess.py:86} INFO - Output:
[2025-11-08T15:08:43.059+0000] {subprocess.py:93} INFO - [0m15:08:43  Running with dbt=1.8.7
[2025-11-08T15:08:43.703+0000] {subprocess.py:93} INFO - [0m15:08:43  Registered adapter: sqlserver=1.8.7
[2025-11-08T15:08:46.357+0000] {subprocess.py:93} INFO - [0m15:08:46  Found 10 models, 18 data tests, 13 sources, 614 macros
[2025-11-08T15:08:46.364+0000] {subprocess.py:93} INFO - [0m15:08:46
[2025-11-08T15:08:46.530+0000] {subprocess.py:93} INFO - [0m15:08:46
[2025-11-08T15:08:46.532+0000] {subprocess.py:93} INFO - [0m15:08:46  Finished running  in 0 hours 0 minutes and 0.16 seconds (0.16s).
[2025-11-08T15:08:46.535+0000] {subprocess.py:93} INFO - [0m15:08:46  Encountered an error:
[2025-11-08T15:08:46.536+0000] {subprocess.py:93} INFO - Database Error
[2025-11-08T15:08:46.537+0000] {subprocess.py:93} INFO -   ('28000', "[28000] [Microsoft][ODBC Driver 17 for SQL Server][SQL Server]Login failed for user 'imrandbtnew'. (18456) (SQLDriverConnect)")
[2025-11-08T15:08:48.243+0000] {subprocess.py:97} INFO - Command exited with return code 2
[2025-11-08T15:08:48.264+0000] {taskinstance.py:1935} ERROR - Task failed with exception
Traceback (most recent call last):
  File "/home/airflow/.local/lib/python3.9/site-packages/airflow/operators/bash.py", line 210, in execute
    raise AirflowException(
airflow.exceptions.AirflowException: Bash command failed. The command returned a non-zero exit code 2.
[2025-11-08T15:08:48.270+0000] {taskinstance.py:1398} INFO - Marking task as FAILED. dag_id=dbt_transform, task_id=dbt_run, execution_date=20251108T145827, start_date=20251108T150840, end_date=20251108T150848
[2025-11-08T15:08:48.296+0000] {standard_task_runner.py:104} ERROR - Failed to execute job 388 for task dbt_run (Bash command failed. The command returned a non-zero exit code 2.; 7587)
[2025-11-08T15:08:48.334+0000] {local_task_job_runner.py:228} INFO - Task exited with return code 1
[2025-11-08T15:08:48.367+0000] {taskinstance.py:2776} INFO - 0 downstream tasks scheduled from follow-on schedule check
