[2025-11-08T14:52:19.073+0000] {taskinstance.py:1157} INFO - Dependencies all met for dep_context=non-requeueable deps ti=<TaskInstance: dbt_transform.dbt_run scheduled__2025-11-08T14:42:05.900774+00:00 [queued]>
[2025-11-08T14:52:19.087+0000] {taskinstance.py:1157} INFO - Dependencies all met for dep_context=requeueable deps ti=<TaskInstance: dbt_transform.dbt_run scheduled__2025-11-08T14:42:05.900774+00:00 [queued]>
[2025-11-08T14:52:19.088+0000] {taskinstance.py:1359} INFO - Starting attempt 2 of 2
[2025-11-08T14:52:19.113+0000] {taskinstance.py:1380} INFO - Executing <Task(BashOperator): dbt_run> on 2025-11-08 14:42:05.900774+00:00
[2025-11-08T14:52:19.126+0000] {standard_task_runner.py:57} INFO - Started process 6925 to run task
[2025-11-08T14:52:19.135+0000] {standard_task_runner.py:84} INFO - Running: ['***', 'tasks', 'run', 'dbt_transform', 'dbt_run', 'scheduled__2025-11-08T14:42:05.900774+00:00', '--job-id', '350', '--raw', '--subdir', 'DAGS_FOLDER/dbt_dag.py', '--cfg-path', '/tmp/tmpbj9tzs5a']
[2025-11-08T14:52:19.142+0000] {standard_task_runner.py:85} INFO - Job 350: Subtask dbt_run
[2025-11-08T14:52:19.279+0000] {task_command.py:415} INFO - Running <TaskInstance: dbt_transform.dbt_run scheduled__2025-11-08T14:42:05.900774+00:00 [running]> on host 8ce966dfa5f8
[2025-11-08T14:52:19.463+0000] {taskinstance.py:1660} INFO - Exporting env vars: AIRFLOW_CTX_DAG_OWNER='***' AIRFLOW_CTX_DAG_ID='dbt_transform' AIRFLOW_CTX_TASK_ID='dbt_run' AIRFLOW_CTX_EXECUTION_DATE='2025-11-08T14:42:05.900774+00:00' AIRFLOW_CTX_TRY_NUMBER='2' AIRFLOW_CTX_DAG_RUN_ID='scheduled__2025-11-08T14:42:05.900774+00:00'
[2025-11-08T14:52:19.467+0000] {subprocess.py:63} INFO - Tmp dir root location: /tmp
[2025-11-08T14:52:19.470+0000] {subprocess.py:75} INFO - Running command: ['/bin/bash', '-c', 'docker exec dbt_***_project-dbt-1 dbt run']
[2025-11-08T14:52:19.503+0000] {subprocess.py:86} INFO - Output:
[2025-11-08T14:52:23.475+0000] {subprocess.py:93} INFO - [0m14:52:23  Running with dbt=1.8.7
[2025-11-08T14:52:24.195+0000] {subprocess.py:93} INFO - [0m14:52:24  Registered adapter: sqlserver=1.8.7
[2025-11-08T14:52:27.163+0000] {subprocess.py:93} INFO - [0m14:52:27  Found 10 models, 18 data tests, 13 sources, 614 macros
[2025-11-08T14:52:27.172+0000] {subprocess.py:93} INFO - [0m14:52:27
[2025-11-08T14:52:27.367+0000] {subprocess.py:93} INFO - [0m14:52:27
[2025-11-08T14:52:27.368+0000] {subprocess.py:93} INFO - [0m14:52:27  Finished running  in 0 hours 0 minutes and 0.19 seconds (0.19s).
[2025-11-08T14:52:27.371+0000] {subprocess.py:93} INFO - [0m14:52:27  Encountered an error:
[2025-11-08T14:52:27.372+0000] {subprocess.py:93} INFO - Database Error
[2025-11-08T14:52:27.373+0000] {subprocess.py:93} INFO -   ('28000', "[28000] [Microsoft][ODBC Driver 17 for SQL Server][SQL Server]Login failed for user 'imrandbtnew'. (18456) (SQLDriverConnect)")
[2025-11-08T14:52:29.182+0000] {subprocess.py:97} INFO - Command exited with return code 2
[2025-11-08T14:52:29.205+0000] {taskinstance.py:1935} ERROR - Task failed with exception
Traceback (most recent call last):
  File "/home/airflow/.local/lib/python3.9/site-packages/airflow/operators/bash.py", line 210, in execute
    raise AirflowException(
airflow.exceptions.AirflowException: Bash command failed. The command returned a non-zero exit code 2.
[2025-11-08T14:52:29.214+0000] {taskinstance.py:1398} INFO - Marking task as FAILED. dag_id=dbt_transform, task_id=dbt_run, execution_date=20251108T144205, start_date=20251108T145219, end_date=20251108T145229
[2025-11-08T14:52:29.241+0000] {standard_task_runner.py:104} ERROR - Failed to execute job 350 for task dbt_run (Bash command failed. The command returned a non-zero exit code 2.; 6925)
[2025-11-08T14:52:29.267+0000] {local_task_job_runner.py:228} INFO - Task exited with return code 1
[2025-11-08T14:52:29.306+0000] {taskinstance.py:2776} INFO - 0 downstream tasks scheduled from follow-on schedule check
