[2025-11-08T16:34:38.687+0000] {taskinstance.py:1157} INFO - Dependencies all met for dep_context=non-requeueable deps ti=<TaskInstance: dbt_transform.dbt_run scheduled__2025-11-08T16:24:26.121524+00:00 [queued]>
[2025-11-08T16:34:38.704+0000] {taskinstance.py:1157} INFO - Dependencies all met for dep_context=requeueable deps ti=<TaskInstance: dbt_transform.dbt_run scheduled__2025-11-08T16:24:26.121524+00:00 [queued]>
[2025-11-08T16:34:38.705+0000] {taskinstance.py:1359} INFO - Starting attempt 2 of 2
[2025-11-08T16:34:38.734+0000] {taskinstance.py:1380} INFO - Executing <Task(BashOperator): dbt_run> on 2025-11-08 16:24:26.121524+00:00
[2025-11-08T16:34:38.748+0000] {standard_task_runner.py:57} INFO - Started process 10414 to run task
[2025-11-08T16:34:38.756+0000] {standard_task_runner.py:84} INFO - Running: ['***', 'tasks', 'run', 'dbt_transform', 'dbt_run', 'scheduled__2025-11-08T16:24:26.121524+00:00', '--job-id', '536', '--raw', '--subdir', 'DAGS_FOLDER/dbt_dag.py', '--cfg-path', '/tmp/tmpxlihymwy']
[2025-11-08T16:34:38.763+0000] {standard_task_runner.py:85} INFO - Job 536: Subtask dbt_run
[2025-11-08T16:34:38.903+0000] {task_command.py:415} INFO - Running <TaskInstance: dbt_transform.dbt_run scheduled__2025-11-08T16:24:26.121524+00:00 [running]> on host 8ce966dfa5f8
[2025-11-08T16:34:39.064+0000] {taskinstance.py:1660} INFO - Exporting env vars: AIRFLOW_CTX_DAG_OWNER='***' AIRFLOW_CTX_DAG_ID='dbt_transform' AIRFLOW_CTX_TASK_ID='dbt_run' AIRFLOW_CTX_EXECUTION_DATE='2025-11-08T16:24:26.121524+00:00' AIRFLOW_CTX_TRY_NUMBER='2' AIRFLOW_CTX_DAG_RUN_ID='scheduled__2025-11-08T16:24:26.121524+00:00'
[2025-11-08T16:34:39.068+0000] {subprocess.py:63} INFO - Tmp dir root location: /tmp
[2025-11-08T16:34:39.071+0000] {subprocess.py:75} INFO - Running command: ['/bin/bash', '-c', 'docker exec dbt_***_project-dbt-1 dbt run']
[2025-11-08T16:34:39.097+0000] {subprocess.py:86} INFO - Output:
[2025-11-08T16:34:42.604+0000] {subprocess.py:93} INFO - [0m16:34:42  Running with dbt=1.8.7
[2025-11-08T16:34:43.445+0000] {subprocess.py:93} INFO - [0m16:34:43  Registered adapter: sqlserver=1.8.7
[2025-11-08T16:34:46.721+0000] {subprocess.py:93} INFO - [0m16:34:46  Found 10 models, 18 data tests, 13 sources, 614 macros
[2025-11-08T16:34:46.738+0000] {subprocess.py:93} INFO - [0m16:34:46
[2025-11-08T16:34:46.923+0000] {subprocess.py:93} INFO - [0m16:34:46
[2025-11-08T16:34:46.925+0000] {subprocess.py:93} INFO - [0m16:34:46  Finished running  in 0 hours 0 minutes and 0.18 seconds (0.18s).
[2025-11-08T16:34:46.928+0000] {subprocess.py:93} INFO - [0m16:34:46  Encountered an error:
[2025-11-08T16:34:46.929+0000] {subprocess.py:93} INFO - Database Error
[2025-11-08T16:34:46.930+0000] {subprocess.py:93} INFO -   ('28000', "[28000] [Microsoft][ODBC Driver 17 for SQL Server][SQL Server]Login failed for user 'imrandbtnew'. (18456) (SQLDriverConnect)")
[2025-11-08T16:34:48.773+0000] {subprocess.py:97} INFO - Command exited with return code 2
[2025-11-08T16:34:48.795+0000] {taskinstance.py:1935} ERROR - Task failed with exception
Traceback (most recent call last):
  File "/home/airflow/.local/lib/python3.9/site-packages/airflow/operators/bash.py", line 210, in execute
    raise AirflowException(
airflow.exceptions.AirflowException: Bash command failed. The command returned a non-zero exit code 2.
[2025-11-08T16:34:48.801+0000] {taskinstance.py:1398} INFO - Marking task as FAILED. dag_id=dbt_transform, task_id=dbt_run, execution_date=20251108T162426, start_date=20251108T163438, end_date=20251108T163448
[2025-11-08T16:34:48.830+0000] {standard_task_runner.py:104} ERROR - Failed to execute job 536 for task dbt_run (Bash command failed. The command returned a non-zero exit code 2.; 10414)
[2025-11-08T16:34:48.882+0000] {local_task_job_runner.py:228} INFO - Task exited with return code 1
[2025-11-08T16:34:48.924+0000] {taskinstance.py:2776} INFO - 0 downstream tasks scheduled from follow-on schedule check
