[2025-11-08T14:47:26.309+0000] {taskinstance.py:1157} INFO - Dependencies all met for dep_context=non-requeueable deps ti=<TaskInstance: dbt_transform.dbt_run scheduled__2025-11-08T14:42:23.863614+00:00 [queued]>
[2025-11-08T14:47:26.327+0000] {taskinstance.py:1157} INFO - Dependencies all met for dep_context=requeueable deps ti=<TaskInstance: dbt_transform.dbt_run scheduled__2025-11-08T14:42:23.863614+00:00 [queued]>
[2025-11-08T14:47:26.328+0000] {taskinstance.py:1359} INFO - Starting attempt 1 of 2
[2025-11-08T14:47:26.359+0000] {taskinstance.py:1380} INFO - Executing <Task(BashOperator): dbt_run> on 2025-11-08 14:42:23.863614+00:00
[2025-11-08T14:47:26.375+0000] {standard_task_runner.py:57} INFO - Started process 6834 to run task
[2025-11-08T14:47:26.381+0000] {standard_task_runner.py:84} INFO - Running: ['***', 'tasks', 'run', 'dbt_transform', 'dbt_run', 'scheduled__2025-11-08T14:42:23.863614+00:00', '--job-id', '347', '--raw', '--subdir', 'DAGS_FOLDER/dbt_dag.py', '--cfg-path', '/tmp/tmps_cv_yei']
[2025-11-08T14:47:26.386+0000] {standard_task_runner.py:85} INFO - Job 347: Subtask dbt_run
[2025-11-08T14:47:26.506+0000] {task_command.py:415} INFO - Running <TaskInstance: dbt_transform.dbt_run scheduled__2025-11-08T14:42:23.863614+00:00 [running]> on host 8ce966dfa5f8
[2025-11-08T14:47:26.696+0000] {taskinstance.py:1660} INFO - Exporting env vars: AIRFLOW_CTX_DAG_OWNER='***' AIRFLOW_CTX_DAG_ID='dbt_transform' AIRFLOW_CTX_TASK_ID='dbt_run' AIRFLOW_CTX_EXECUTION_DATE='2025-11-08T14:42:23.863614+00:00' AIRFLOW_CTX_TRY_NUMBER='1' AIRFLOW_CTX_DAG_RUN_ID='scheduled__2025-11-08T14:42:23.863614+00:00'
[2025-11-08T14:47:26.700+0000] {subprocess.py:63} INFO - Tmp dir root location: /tmp
[2025-11-08T14:47:26.703+0000] {subprocess.py:75} INFO - Running command: ['/bin/bash', '-c', 'docker exec dbt_***_project-dbt-1 dbt run']
[2025-11-08T14:47:26.733+0000] {subprocess.py:86} INFO - Output:
[2025-11-08T14:47:30.105+0000] {subprocess.py:93} INFO - [0m14:47:30  Running with dbt=1.8.7
[2025-11-08T14:47:30.946+0000] {subprocess.py:93} INFO - [0m14:47:30  Registered adapter: sqlserver=1.8.7
[2025-11-08T14:47:34.342+0000] {subprocess.py:93} INFO - [0m14:47:34  Found 10 models, 18 data tests, 13 sources, 614 macros
[2025-11-08T14:47:34.351+0000] {subprocess.py:93} INFO - [0m14:47:34
[2025-11-08T14:47:34.528+0000] {subprocess.py:93} INFO - [0m14:47:34
[2025-11-08T14:47:34.530+0000] {subprocess.py:93} INFO - [0m14:47:34  Finished running  in 0 hours 0 minutes and 0.17 seconds (0.17s).
[2025-11-08T14:47:34.534+0000] {subprocess.py:93} INFO - [0m14:47:34  Encountered an error:
[2025-11-08T14:47:34.535+0000] {subprocess.py:93} INFO - Database Error
[2025-11-08T14:47:34.536+0000] {subprocess.py:93} INFO -   ('28000', "[28000] [Microsoft][ODBC Driver 17 for SQL Server][SQL Server]Login failed for user 'imrandbtnew'. (18456) (SQLDriverConnect)")
[2025-11-08T14:47:36.406+0000] {subprocess.py:97} INFO - Command exited with return code 2
[2025-11-08T14:47:36.433+0000] {taskinstance.py:1935} ERROR - Task failed with exception
Traceback (most recent call last):
  File "/home/airflow/.local/lib/python3.9/site-packages/airflow/operators/bash.py", line 210, in execute
    raise AirflowException(
airflow.exceptions.AirflowException: Bash command failed. The command returned a non-zero exit code 2.
[2025-11-08T14:47:36.441+0000] {taskinstance.py:1398} INFO - Marking task as UP_FOR_RETRY. dag_id=dbt_transform, task_id=dbt_run, execution_date=20251108T144223, start_date=20251108T144726, end_date=20251108T144736
[2025-11-08T14:47:36.474+0000] {standard_task_runner.py:104} ERROR - Failed to execute job 347 for task dbt_run (Bash command failed. The command returned a non-zero exit code 2.; 6834)
[2025-11-08T14:47:36.503+0000] {local_task_job_runner.py:228} INFO - Task exited with return code 1
[2025-11-08T14:47:36.543+0000] {taskinstance.py:2776} INFO - 0 downstream tasks scheduled from follow-on schedule check
