[2025-11-08T14:52:38.680+0000] {taskinstance.py:1157} INFO - Dependencies all met for dep_context=non-requeueable deps ti=<TaskInstance: dbt_transform.dbt_run scheduled__2025-11-08T14:42:23.863614+00:00 [queued]>
[2025-11-08T14:52:38.699+0000] {taskinstance.py:1157} INFO - Dependencies all met for dep_context=requeueable deps ti=<TaskInstance: dbt_transform.dbt_run scheduled__2025-11-08T14:42:23.863614+00:00 [queued]>
[2025-11-08T14:52:38.701+0000] {taskinstance.py:1359} INFO - Starting attempt 2 of 2
[2025-11-08T14:52:38.729+0000] {taskinstance.py:1380} INFO - Executing <Task(BashOperator): dbt_run> on 2025-11-08 14:42:23.863614+00:00
[2025-11-08T14:52:38.745+0000] {standard_task_runner.py:57} INFO - Started process 7021 to run task
[2025-11-08T14:52:38.750+0000] {standard_task_runner.py:84} INFO - Running: ['***', 'tasks', 'run', 'dbt_transform', 'dbt_run', 'scheduled__2025-11-08T14:42:23.863614+00:00', '--job-id', '357', '--raw', '--subdir', 'DAGS_FOLDER/dbt_dag.py', '--cfg-path', '/tmp/tmptwc2pt_f']
[2025-11-08T14:52:38.755+0000] {standard_task_runner.py:85} INFO - Job 357: Subtask dbt_run
[2025-11-08T14:52:38.865+0000] {task_command.py:415} INFO - Running <TaskInstance: dbt_transform.dbt_run scheduled__2025-11-08T14:42:23.863614+00:00 [running]> on host 8ce966dfa5f8
[2025-11-08T14:52:39.050+0000] {taskinstance.py:1660} INFO - Exporting env vars: AIRFLOW_CTX_DAG_OWNER='***' AIRFLOW_CTX_DAG_ID='dbt_transform' AIRFLOW_CTX_TASK_ID='dbt_run' AIRFLOW_CTX_EXECUTION_DATE='2025-11-08T14:42:23.863614+00:00' AIRFLOW_CTX_TRY_NUMBER='2' AIRFLOW_CTX_DAG_RUN_ID='scheduled__2025-11-08T14:42:23.863614+00:00'
[2025-11-08T14:52:39.053+0000] {subprocess.py:63} INFO - Tmp dir root location: /tmp
[2025-11-08T14:52:39.056+0000] {subprocess.py:75} INFO - Running command: ['/bin/bash', '-c', 'docker exec dbt_***_project-dbt-1 dbt run']
[2025-11-08T14:52:39.090+0000] {subprocess.py:86} INFO - Output:
[2025-11-08T14:52:42.492+0000] {subprocess.py:93} INFO - [0m14:52:42  Running with dbt=1.8.7
[2025-11-08T14:52:43.246+0000] {subprocess.py:93} INFO - [0m14:52:43  Registered adapter: sqlserver=1.8.7
[2025-11-08T14:52:46.214+0000] {subprocess.py:93} INFO - [0m14:52:46  Found 10 models, 18 data tests, 13 sources, 614 macros
[2025-11-08T14:52:46.225+0000] {subprocess.py:93} INFO - [0m14:52:46
[2025-11-08T14:52:46.409+0000] {subprocess.py:93} INFO - [0m14:52:46
[2025-11-08T14:52:46.410+0000] {subprocess.py:93} INFO - [0m14:52:46  Finished running  in 0 hours 0 minutes and 0.18 seconds (0.18s).
[2025-11-08T14:52:46.413+0000] {subprocess.py:93} INFO - [0m14:52:46  Encountered an error:
[2025-11-08T14:52:46.414+0000] {subprocess.py:93} INFO - Database Error
[2025-11-08T14:52:46.414+0000] {subprocess.py:93} INFO -   ('28000', "[28000] [Microsoft][ODBC Driver 17 for SQL Server][SQL Server]Login failed for user 'imrandbtnew'. (18456) (SQLDriverConnect)")
[2025-11-08T14:52:48.238+0000] {subprocess.py:97} INFO - Command exited with return code 2
[2025-11-08T14:52:48.264+0000] {taskinstance.py:1935} ERROR - Task failed with exception
Traceback (most recent call last):
  File "/home/airflow/.local/lib/python3.9/site-packages/airflow/operators/bash.py", line 210, in execute
    raise AirflowException(
airflow.exceptions.AirflowException: Bash command failed. The command returned a non-zero exit code 2.
[2025-11-08T14:52:48.272+0000] {taskinstance.py:1398} INFO - Marking task as FAILED. dag_id=dbt_transform, task_id=dbt_run, execution_date=20251108T144223, start_date=20251108T145238, end_date=20251108T145248
[2025-11-08T14:52:48.304+0000] {standard_task_runner.py:104} ERROR - Failed to execute job 357 for task dbt_run (Bash command failed. The command returned a non-zero exit code 2.; 7021)
[2025-11-08T14:52:48.351+0000] {local_task_job_runner.py:228} INFO - Task exited with return code 1
[2025-11-08T14:52:48.396+0000] {taskinstance.py:2776} INFO - 0 downstream tasks scheduled from follow-on schedule check
