[2025-11-08T13:52:59.878+0000] {taskinstance.py:1157} INFO - Dependencies all met for dep_context=non-requeueable deps ti=<TaskInstance: dbt_transform.dbt_run scheduled__2025-11-08T13:47:57.996579+00:00 [queued]>
[2025-11-08T13:52:59.900+0000] {taskinstance.py:1157} INFO - Dependencies all met for dep_context=requeueable deps ti=<TaskInstance: dbt_transform.dbt_run scheduled__2025-11-08T13:47:57.996579+00:00 [queued]>
[2025-11-08T13:52:59.902+0000] {taskinstance.py:1359} INFO - Starting attempt 1 of 2
[2025-11-08T13:52:59.929+0000] {taskinstance.py:1380} INFO - Executing <Task(BashOperator): dbt_run> on 2025-11-08 13:47:57.996579+00:00
[2025-11-08T13:52:59.941+0000] {standard_task_runner.py:57} INFO - Started process 4368 to run task
[2025-11-08T13:52:59.948+0000] {standard_task_runner.py:84} INFO - Running: ['***', 'tasks', 'run', 'dbt_transform', 'dbt_run', 'scheduled__2025-11-08T13:47:57.996579+00:00', '--job-id', '197', '--raw', '--subdir', 'DAGS_FOLDER/dbt_dag.py', '--cfg-path', '/tmp/tmp0d_vm_eq']
[2025-11-08T13:52:59.953+0000] {standard_task_runner.py:85} INFO - Job 197: Subtask dbt_run
[2025-11-08T13:53:00.090+0000] {task_command.py:415} INFO - Running <TaskInstance: dbt_transform.dbt_run scheduled__2025-11-08T13:47:57.996579+00:00 [running]> on host 8ce966dfa5f8
[2025-11-08T13:53:00.254+0000] {taskinstance.py:1660} INFO - Exporting env vars: AIRFLOW_CTX_DAG_OWNER='***' AIRFLOW_CTX_DAG_ID='dbt_transform' AIRFLOW_CTX_TASK_ID='dbt_run' AIRFLOW_CTX_EXECUTION_DATE='2025-11-08T13:47:57.996579+00:00' AIRFLOW_CTX_TRY_NUMBER='1' AIRFLOW_CTX_DAG_RUN_ID='scheduled__2025-11-08T13:47:57.996579+00:00'
[2025-11-08T13:53:00.257+0000] {subprocess.py:63} INFO - Tmp dir root location: /tmp
[2025-11-08T13:53:00.260+0000] {subprocess.py:75} INFO - Running command: ['/bin/bash', '-c', 'docker exec dbt_***_project-dbt-1 dbt run']
[2025-11-08T13:53:00.288+0000] {subprocess.py:86} INFO - Output:
[2025-11-08T13:53:03.647+0000] {subprocess.py:93} INFO - [0m13:53:03  Running with dbt=1.8.7
[2025-11-08T13:53:04.365+0000] {subprocess.py:93} INFO - [0m13:53:04  Registered adapter: sqlserver=1.8.7
[2025-11-08T13:53:07.393+0000] {subprocess.py:93} INFO - [0m13:53:07  Found 10 models, 18 data tests, 13 sources, 614 macros
[2025-11-08T13:53:07.401+0000] {subprocess.py:93} INFO - [0m13:53:07
[2025-11-08T13:53:07.606+0000] {subprocess.py:93} INFO - [0m13:53:07
[2025-11-08T13:53:07.608+0000] {subprocess.py:93} INFO - [0m13:53:07  Finished running  in 0 hours 0 minutes and 0.20 seconds (0.20s).
[2025-11-08T13:53:07.611+0000] {subprocess.py:93} INFO - [0m13:53:07  Encountered an error:
[2025-11-08T13:53:07.612+0000] {subprocess.py:93} INFO - Database Error
[2025-11-08T13:53:07.613+0000] {subprocess.py:93} INFO -   ('28000', "[28000] [Microsoft][ODBC Driver 17 for SQL Server][SQL Server]Login failed for user 'imrandbtnew'. (18456) (SQLDriverConnect)")
[2025-11-08T13:53:09.687+0000] {subprocess.py:97} INFO - Command exited with return code 2
[2025-11-08T13:53:09.713+0000] {taskinstance.py:1935} ERROR - Task failed with exception
Traceback (most recent call last):
  File "/home/airflow/.local/lib/python3.9/site-packages/airflow/operators/bash.py", line 210, in execute
    raise AirflowException(
airflow.exceptions.AirflowException: Bash command failed. The command returned a non-zero exit code 2.
[2025-11-08T13:53:09.721+0000] {taskinstance.py:1398} INFO - Marking task as UP_FOR_RETRY. dag_id=dbt_transform, task_id=dbt_run, execution_date=20251108T134757, start_date=20251108T135259, end_date=20251108T135309
[2025-11-08T13:53:09.757+0000] {standard_task_runner.py:104} ERROR - Failed to execute job 197 for task dbt_run (Bash command failed. The command returned a non-zero exit code 2.; 4368)
[2025-11-08T13:53:09.806+0000] {local_task_job_runner.py:228} INFO - Task exited with return code 1
[2025-11-08T13:53:09.862+0000] {taskinstance.py:2776} INFO - 0 downstream tasks scheduled from follow-on schedule check
