[2025-11-08T16:45:30.996+0000] {taskinstance.py:1157} INFO - Dependencies all met for dep_context=non-requeueable deps ti=<TaskInstance: dbt_transform.dbt_run scheduled__2025-11-08T16:35:16.860756+00:00 [queued]>
[2025-11-08T16:45:31.016+0000] {taskinstance.py:1157} INFO - Dependencies all met for dep_context=requeueable deps ti=<TaskInstance: dbt_transform.dbt_run scheduled__2025-11-08T16:35:16.860756+00:00 [queued]>
[2025-11-08T16:45:31.018+0000] {taskinstance.py:1359} INFO - Starting attempt 2 of 2
[2025-11-08T16:45:31.043+0000] {taskinstance.py:1380} INFO - Executing <Task(BashOperator): dbt_run> on 2025-11-08 16:35:16.860756+00:00
[2025-11-08T16:45:31.054+0000] {standard_task_runner.py:57} INFO - Started process 10786 to run task
[2025-11-08T16:45:31.060+0000] {standard_task_runner.py:84} INFO - Running: ['***', 'tasks', 'run', 'dbt_transform', 'dbt_run', 'scheduled__2025-11-08T16:35:16.860756+00:00', '--job-id', '556', '--raw', '--subdir', 'DAGS_FOLDER/dbt_dag.py', '--cfg-path', '/tmp/tmpu835xpg4']
[2025-11-08T16:45:31.067+0000] {standard_task_runner.py:85} INFO - Job 556: Subtask dbt_run
[2025-11-08T16:45:31.189+0000] {task_command.py:415} INFO - Running <TaskInstance: dbt_transform.dbt_run scheduled__2025-11-08T16:35:16.860756+00:00 [running]> on host 8ce966dfa5f8
[2025-11-08T16:45:31.319+0000] {taskinstance.py:1660} INFO - Exporting env vars: AIRFLOW_CTX_DAG_OWNER='***' AIRFLOW_CTX_DAG_ID='dbt_transform' AIRFLOW_CTX_TASK_ID='dbt_run' AIRFLOW_CTX_EXECUTION_DATE='2025-11-08T16:35:16.860756+00:00' AIRFLOW_CTX_TRY_NUMBER='2' AIRFLOW_CTX_DAG_RUN_ID='scheduled__2025-11-08T16:35:16.860756+00:00'
[2025-11-08T16:45:31.322+0000] {subprocess.py:63} INFO - Tmp dir root location: /tmp
[2025-11-08T16:45:31.325+0000] {subprocess.py:75} INFO - Running command: ['/bin/bash', '-c', 'docker exec dbt_***_project-dbt-1 dbt run']
[2025-11-08T16:45:31.355+0000] {subprocess.py:86} INFO - Output:
[2025-11-08T16:45:34.811+0000] {subprocess.py:93} INFO - [0m16:45:34  Running with dbt=1.8.7
[2025-11-08T16:45:35.716+0000] {subprocess.py:93} INFO - [0m16:45:35  Registered adapter: sqlserver=1.8.7
[2025-11-08T16:45:39.036+0000] {subprocess.py:93} INFO - [0m16:45:39  Found 10 models, 18 data tests, 13 sources, 614 macros
[2025-11-08T16:45:39.046+0000] {subprocess.py:93} INFO - [0m16:45:39
[2025-11-08T16:45:39.246+0000] {subprocess.py:93} INFO - [0m16:45:39
[2025-11-08T16:45:39.248+0000] {subprocess.py:93} INFO - [0m16:45:39  Finished running  in 0 hours 0 minutes and 0.20 seconds (0.20s).
[2025-11-08T16:45:39.252+0000] {subprocess.py:93} INFO - [0m16:45:39  Encountered an error:
[2025-11-08T16:45:39.252+0000] {subprocess.py:93} INFO - Database Error
[2025-11-08T16:45:39.253+0000] {subprocess.py:93} INFO -   ('28000', "[28000] [Microsoft][ODBC Driver 17 for SQL Server][SQL Server]Login failed for user 'imrandbtnew'. (18456) (SQLDriverConnect)")
[2025-11-08T16:45:41.199+0000] {subprocess.py:97} INFO - Command exited with return code 2
[2025-11-08T16:45:41.224+0000] {taskinstance.py:1935} ERROR - Task failed with exception
Traceback (most recent call last):
  File "/home/airflow/.local/lib/python3.9/site-packages/airflow/operators/bash.py", line 210, in execute
    raise AirflowException(
airflow.exceptions.AirflowException: Bash command failed. The command returned a non-zero exit code 2.
[2025-11-08T16:45:41.233+0000] {taskinstance.py:1398} INFO - Marking task as FAILED. dag_id=dbt_transform, task_id=dbt_run, execution_date=20251108T163516, start_date=20251108T164530, end_date=20251108T164541
[2025-11-08T16:45:41.262+0000] {standard_task_runner.py:104} ERROR - Failed to execute job 556 for task dbt_run (Bash command failed. The command returned a non-zero exit code 2.; 10786)
[2025-11-08T16:45:41.321+0000] {local_task_job_runner.py:228} INFO - Task exited with return code 1
[2025-11-08T16:45:41.439+0000] {taskinstance.py:2776} INFO - 0 downstream tasks scheduled from follow-on schedule check
