[2025-11-08T14:09:07.609+0000] {taskinstance.py:1157} INFO - Dependencies all met for dep_context=non-requeueable deps ti=<TaskInstance: dbt_transform.dbt_run scheduled__2025-11-08T13:58:51.165003+00:00 [queued]>
[2025-11-08T14:09:07.635+0000] {taskinstance.py:1157} INFO - Dependencies all met for dep_context=requeueable deps ti=<TaskInstance: dbt_transform.dbt_run scheduled__2025-11-08T13:58:51.165003+00:00 [queued]>
[2025-11-08T14:09:07.636+0000] {taskinstance.py:1359} INFO - Starting attempt 2 of 2
[2025-11-08T14:09:07.681+0000] {taskinstance.py:1380} INFO - Executing <Task(BashOperator): dbt_run> on 2025-11-08 13:58:51.165003+00:00
[2025-11-08T14:09:07.708+0000] {standard_task_runner.py:57} INFO - Started process 5059 to run task
[2025-11-08T14:09:07.717+0000] {standard_task_runner.py:84} INFO - Running: ['***', 'tasks', 'run', 'dbt_transform', 'dbt_run', 'scheduled__2025-11-08T13:58:51.165003+00:00', '--job-id', '237', '--raw', '--subdir', 'DAGS_FOLDER/dbt_dag.py', '--cfg-path', '/tmp/tmpic5pk_qi']
[2025-11-08T14:09:07.726+0000] {standard_task_runner.py:85} INFO - Job 237: Subtask dbt_run
[2025-11-08T14:09:07.914+0000] {task_command.py:415} INFO - Running <TaskInstance: dbt_transform.dbt_run scheduled__2025-11-08T13:58:51.165003+00:00 [running]> on host 8ce966dfa5f8
[2025-11-08T14:09:08.124+0000] {taskinstance.py:1660} INFO - Exporting env vars: AIRFLOW_CTX_DAG_OWNER='***' AIRFLOW_CTX_DAG_ID='dbt_transform' AIRFLOW_CTX_TASK_ID='dbt_run' AIRFLOW_CTX_EXECUTION_DATE='2025-11-08T13:58:51.165003+00:00' AIRFLOW_CTX_TRY_NUMBER='2' AIRFLOW_CTX_DAG_RUN_ID='scheduled__2025-11-08T13:58:51.165003+00:00'
[2025-11-08T14:09:08.128+0000] {subprocess.py:63} INFO - Tmp dir root location: /tmp
[2025-11-08T14:09:08.132+0000] {subprocess.py:75} INFO - Running command: ['/bin/bash', '-c', 'docker exec dbt_***_project-dbt-1 dbt run']
[2025-11-08T14:09:08.179+0000] {subprocess.py:86} INFO - Output:
[2025-11-08T14:09:12.655+0000] {subprocess.py:93} INFO - [0m14:09:12  Running with dbt=1.8.7
[2025-11-08T14:09:13.386+0000] {subprocess.py:93} INFO - [0m14:09:13  Registered adapter: sqlserver=1.8.7
[2025-11-08T14:09:16.798+0000] {subprocess.py:93} INFO - [0m14:09:16  Found 10 models, 18 data tests, 13 sources, 614 macros
[2025-11-08T14:09:16.810+0000] {subprocess.py:93} INFO - [0m14:09:16
[2025-11-08T14:09:16.941+0000] {subprocess.py:93} INFO - [0m14:09:16
[2025-11-08T14:09:16.942+0000] {subprocess.py:93} INFO - [0m14:09:16  Finished running  in 0 hours 0 minutes and 0.13 seconds (0.13s).
[2025-11-08T14:09:16.945+0000] {subprocess.py:93} INFO - [0m14:09:16  Encountered an error:
[2025-11-08T14:09:16.945+0000] {subprocess.py:93} INFO - Database Error
[2025-11-08T14:09:16.946+0000] {subprocess.py:93} INFO -   ('28000', "[28000] [Microsoft][ODBC Driver 17 for SQL Server][SQL Server]Login failed for user 'imrandbtnew'. (18456) (SQLDriverConnect)")
[2025-11-08T14:09:19.826+0000] {subprocess.py:97} INFO - Command exited with return code 2
[2025-11-08T14:09:19.843+0000] {taskinstance.py:1935} ERROR - Task failed with exception
Traceback (most recent call last):
  File "/home/airflow/.local/lib/python3.9/site-packages/airflow/operators/bash.py", line 210, in execute
    raise AirflowException(
airflow.exceptions.AirflowException: Bash command failed. The command returned a non-zero exit code 2.
[2025-11-08T14:09:19.849+0000] {taskinstance.py:1398} INFO - Marking task as FAILED. dag_id=dbt_transform, task_id=dbt_run, execution_date=20251108T135851, start_date=20251108T140907, end_date=20251108T140919
[2025-11-08T14:09:19.869+0000] {standard_task_runner.py:104} ERROR - Failed to execute job 237 for task dbt_run (Bash command failed. The command returned a non-zero exit code 2.; 5059)
[2025-11-08T14:09:19.900+0000] {local_task_job_runner.py:228} INFO - Task exited with return code 1
[2025-11-08T14:09:19.931+0000] {taskinstance.py:2776} INFO - 0 downstream tasks scheduled from follow-on schedule check
