[2025-11-08T10:57:32.503+0000] {taskinstance.py:1157} INFO - Dependencies all met for dep_context=non-requeueable deps ti=<TaskInstance: dbt_transform.dbt_run scheduled__2025-11-08T10:47:18.015434+00:00 [queued]>
[2025-11-08T10:57:32.525+0000] {taskinstance.py:1157} INFO - Dependencies all met for dep_context=requeueable deps ti=<TaskInstance: dbt_transform.dbt_run scheduled__2025-11-08T10:47:18.015434+00:00 [queued]>
[2025-11-08T10:57:32.527+0000] {taskinstance.py:1359} INFO - Starting attempt 2 of 2
[2025-11-08T10:57:32.562+0000] {taskinstance.py:1380} INFO - Executing <Task(BashOperator): dbt_run> on 2025-11-08 10:47:18.015434+00:00
[2025-11-08T10:57:32.577+0000] {standard_task_runner.py:57} INFO - Started process 3029 to run task
[2025-11-08T10:57:32.584+0000] {standard_task_runner.py:84} INFO - Running: ['***', 'tasks', 'run', 'dbt_transform', 'dbt_run', 'scheduled__2025-11-08T10:47:18.015434+00:00', '--job-id', '122', '--raw', '--subdir', 'DAGS_FOLDER/dbt_dag.py', '--cfg-path', '/tmp/tmpyb__l22j']
[2025-11-08T10:57:32.589+0000] {standard_task_runner.py:85} INFO - Job 122: Subtask dbt_run
[2025-11-08T10:57:32.715+0000] {task_command.py:415} INFO - Running <TaskInstance: dbt_transform.dbt_run scheduled__2025-11-08T10:47:18.015434+00:00 [running]> on host 8ce966dfa5f8
[2025-11-08T10:57:32.879+0000] {taskinstance.py:1660} INFO - Exporting env vars: AIRFLOW_CTX_DAG_OWNER='***' AIRFLOW_CTX_DAG_ID='dbt_transform' AIRFLOW_CTX_TASK_ID='dbt_run' AIRFLOW_CTX_EXECUTION_DATE='2025-11-08T10:47:18.015434+00:00' AIRFLOW_CTX_TRY_NUMBER='2' AIRFLOW_CTX_DAG_RUN_ID='scheduled__2025-11-08T10:47:18.015434+00:00'
[2025-11-08T10:57:32.882+0000] {subprocess.py:63} INFO - Tmp dir root location: /tmp
[2025-11-08T10:57:32.888+0000] {subprocess.py:75} INFO - Running command: ['/bin/bash', '-c', 'docker exec dbt_***_project-dbt-1 dbt run']
[2025-11-08T10:57:32.925+0000] {subprocess.py:86} INFO - Output:
[2025-11-08T10:57:36.467+0000] {subprocess.py:93} INFO - [0m10:57:36  Running with dbt=1.8.7
[2025-11-08T10:57:37.264+0000] {subprocess.py:93} INFO - [0m10:57:37  Registered adapter: sqlserver=1.8.7
[2025-11-08T10:57:40.450+0000] {subprocess.py:93} INFO - [0m10:57:40  Found 10 models, 18 data tests, 13 sources, 614 macros
[2025-11-08T10:57:40.464+0000] {subprocess.py:93} INFO - [0m10:57:40
[2025-11-08T10:57:40.648+0000] {subprocess.py:93} INFO - [0m10:57:40
[2025-11-08T10:57:40.653+0000] {subprocess.py:93} INFO - [0m10:57:40  Finished running  in 0 hours 0 minutes and 0.18 seconds (0.18s).
[2025-11-08T10:57:40.658+0000] {subprocess.py:93} INFO - [0m10:57:40  Encountered an error:
[2025-11-08T10:57:40.659+0000] {subprocess.py:93} INFO - Database Error
[2025-11-08T10:57:40.660+0000] {subprocess.py:93} INFO -   ('28000', "[28000] [Microsoft][ODBC Driver 17 for SQL Server][SQL Server]Login failed for user 'imrandbtnew'. (18456) (SQLDriverConnect)")
[2025-11-08T10:57:42.633+0000] {subprocess.py:97} INFO - Command exited with return code 2
[2025-11-08T10:57:42.660+0000] {taskinstance.py:1935} ERROR - Task failed with exception
Traceback (most recent call last):
  File "/home/airflow/.local/lib/python3.9/site-packages/airflow/operators/bash.py", line 210, in execute
    raise AirflowException(
airflow.exceptions.AirflowException: Bash command failed. The command returned a non-zero exit code 2.
[2025-11-08T10:57:42.669+0000] {taskinstance.py:1398} INFO - Marking task as FAILED. dag_id=dbt_transform, task_id=dbt_run, execution_date=20251108T104718, start_date=20251108T105732, end_date=20251108T105742
[2025-11-08T10:57:42.704+0000] {standard_task_runner.py:104} ERROR - Failed to execute job 122 for task dbt_run (Bash command failed. The command returned a non-zero exit code 2.; 3029)
[2025-11-08T10:57:42.739+0000] {local_task_job_runner.py:228} INFO - Task exited with return code 1
[2025-11-08T10:57:42.791+0000] {taskinstance.py:2776} INFO - 0 downstream tasks scheduled from follow-on schedule check
