[2025-11-08T16:40:10.624+0000] {taskinstance.py:1157} INFO - Dependencies all met for dep_context=non-requeueable deps ti=<TaskInstance: dbt_transform.dbt_run scheduled__2025-11-08T16:29:56.322364+00:00 [queued]>
[2025-11-08T16:40:10.642+0000] {taskinstance.py:1157} INFO - Dependencies all met for dep_context=requeueable deps ti=<TaskInstance: dbt_transform.dbt_run scheduled__2025-11-08T16:29:56.322364+00:00 [queued]>
[2025-11-08T16:40:10.643+0000] {taskinstance.py:1359} INFO - Starting attempt 2 of 2
[2025-11-08T16:40:10.667+0000] {taskinstance.py:1380} INFO - Executing <Task(BashOperator): dbt_run> on 2025-11-08 16:29:56.322364+00:00
[2025-11-08T16:40:10.682+0000] {standard_task_runner.py:57} INFO - Started process 10612 to run task
[2025-11-08T16:40:10.691+0000] {standard_task_runner.py:84} INFO - Running: ['***', 'tasks', 'run', 'dbt_transform', 'dbt_run', 'scheduled__2025-11-08T16:29:56.322364+00:00', '--job-id', '547', '--raw', '--subdir', 'DAGS_FOLDER/dbt_dag.py', '--cfg-path', '/tmp/tmpar__q4pt']
[2025-11-08T16:40:10.698+0000] {standard_task_runner.py:85} INFO - Job 547: Subtask dbt_run
[2025-11-08T16:40:10.835+0000] {task_command.py:415} INFO - Running <TaskInstance: dbt_transform.dbt_run scheduled__2025-11-08T16:29:56.322364+00:00 [running]> on host 8ce966dfa5f8
[2025-11-08T16:40:10.993+0000] {taskinstance.py:1660} INFO - Exporting env vars: AIRFLOW_CTX_DAG_OWNER='***' AIRFLOW_CTX_DAG_ID='dbt_transform' AIRFLOW_CTX_TASK_ID='dbt_run' AIRFLOW_CTX_EXECUTION_DATE='2025-11-08T16:29:56.322364+00:00' AIRFLOW_CTX_TRY_NUMBER='2' AIRFLOW_CTX_DAG_RUN_ID='scheduled__2025-11-08T16:29:56.322364+00:00'
[2025-11-08T16:40:10.997+0000] {subprocess.py:63} INFO - Tmp dir root location: /tmp
[2025-11-08T16:40:10.999+0000] {subprocess.py:75} INFO - Running command: ['/bin/bash', '-c', 'docker exec dbt_***_project-dbt-1 dbt run']
[2025-11-08T16:40:11.026+0000] {subprocess.py:86} INFO - Output:
[2025-11-08T16:40:14.615+0000] {subprocess.py:93} INFO - [0m16:40:14  Running with dbt=1.8.7
[2025-11-08T16:40:15.416+0000] {subprocess.py:93} INFO - [0m16:40:15  Registered adapter: sqlserver=1.8.7
[2025-11-08T16:40:18.727+0000] {subprocess.py:93} INFO - [0m16:40:18  Found 10 models, 18 data tests, 13 sources, 614 macros
[2025-11-08T16:40:18.738+0000] {subprocess.py:93} INFO - [0m16:40:18
[2025-11-08T16:40:18.926+0000] {subprocess.py:93} INFO - [0m16:40:18
[2025-11-08T16:40:18.927+0000] {subprocess.py:93} INFO - [0m16:40:18  Finished running  in 0 hours 0 minutes and 0.19 seconds (0.19s).
[2025-11-08T16:40:18.929+0000] {subprocess.py:93} INFO - [0m16:40:18  Encountered an error:
[2025-11-08T16:40:18.930+0000] {subprocess.py:93} INFO - Database Error
[2025-11-08T16:40:18.931+0000] {subprocess.py:93} INFO -   ('28000', "[28000] [Microsoft][ODBC Driver 17 for SQL Server][SQL Server]Login failed for user 'imrandbtnew'. (18456) (SQLDriverConnect)")
[2025-11-08T16:40:20.758+0000] {subprocess.py:97} INFO - Command exited with return code 2
[2025-11-08T16:40:20.781+0000] {taskinstance.py:1935} ERROR - Task failed with exception
Traceback (most recent call last):
  File "/home/airflow/.local/lib/python3.9/site-packages/airflow/operators/bash.py", line 210, in execute
    raise AirflowException(
airflow.exceptions.AirflowException: Bash command failed. The command returned a non-zero exit code 2.
[2025-11-08T16:40:20.789+0000] {taskinstance.py:1398} INFO - Marking task as FAILED. dag_id=dbt_transform, task_id=dbt_run, execution_date=20251108T162956, start_date=20251108T164010, end_date=20251108T164020
[2025-11-08T16:40:20.817+0000] {standard_task_runner.py:104} ERROR - Failed to execute job 547 for task dbt_run (Bash command failed. The command returned a non-zero exit code 2.; 10612)
[2025-11-08T16:40:20.863+0000] {local_task_job_runner.py:228} INFO - Task exited with return code 1
[2025-11-08T16:40:20.904+0000] {taskinstance.py:2776} INFO - 0 downstream tasks scheduled from follow-on schedule check
