[2025-11-08T15:08:47.307+0000] {taskinstance.py:1157} INFO - Dependencies all met for dep_context=non-requeueable deps ti=<TaskInstance: dbt_transform.dbt_run scheduled__2025-11-08T14:58:36.611768+00:00 [queued]>
[2025-11-08T15:08:47.319+0000] {taskinstance.py:1157} INFO - Dependencies all met for dep_context=requeueable deps ti=<TaskInstance: dbt_transform.dbt_run scheduled__2025-11-08T14:58:36.611768+00:00 [queued]>
[2025-11-08T15:08:47.320+0000] {taskinstance.py:1359} INFO - Starting attempt 2 of 2
[2025-11-08T15:08:47.340+0000] {taskinstance.py:1380} INFO - Executing <Task(BashOperator): dbt_run> on 2025-11-08 14:58:36.611768+00:00
[2025-11-08T15:08:47.351+0000] {standard_task_runner.py:57} INFO - Started process 7630 to run task
[2025-11-08T15:08:47.357+0000] {standard_task_runner.py:84} INFO - Running: ['***', 'tasks', 'run', 'dbt_transform', 'dbt_run', 'scheduled__2025-11-08T14:58:36.611768+00:00', '--job-id', '391', '--raw', '--subdir', 'DAGS_FOLDER/dbt_dag.py', '--cfg-path', '/tmp/tmppg3haqgn']
[2025-11-08T15:08:47.361+0000] {standard_task_runner.py:85} INFO - Job 391: Subtask dbt_run
[2025-11-08T15:08:47.465+0000] {task_command.py:415} INFO - Running <TaskInstance: dbt_transform.dbt_run scheduled__2025-11-08T14:58:36.611768+00:00 [running]> on host 8ce966dfa5f8
[2025-11-08T15:08:47.586+0000] {taskinstance.py:1660} INFO - Exporting env vars: AIRFLOW_CTX_DAG_OWNER='***' AIRFLOW_CTX_DAG_ID='dbt_transform' AIRFLOW_CTX_TASK_ID='dbt_run' AIRFLOW_CTX_EXECUTION_DATE='2025-11-08T14:58:36.611768+00:00' AIRFLOW_CTX_TRY_NUMBER='2' AIRFLOW_CTX_DAG_RUN_ID='scheduled__2025-11-08T14:58:36.611768+00:00'
[2025-11-08T15:08:47.589+0000] {subprocess.py:63} INFO - Tmp dir root location: /tmp
[2025-11-08T15:08:47.590+0000] {subprocess.py:75} INFO - Running command: ['/bin/bash', '-c', 'docker exec dbt_***_project-dbt-1 dbt run']
[2025-11-08T15:08:47.607+0000] {subprocess.py:86} INFO - Output:
[2025-11-08T15:08:50.318+0000] {subprocess.py:93} INFO - [0m15:08:50  Running with dbt=1.8.7
[2025-11-08T15:08:51.028+0000] {subprocess.py:93} INFO - [0m15:08:51  Registered adapter: sqlserver=1.8.7
[2025-11-08T15:08:53.369+0000] {subprocess.py:93} INFO - [0m15:08:53  Found 10 models, 18 data tests, 13 sources, 614 macros
[2025-11-08T15:08:53.376+0000] {subprocess.py:93} INFO - [0m15:08:53
[2025-11-08T15:08:53.493+0000] {subprocess.py:93} INFO - [0m15:08:53
[2025-11-08T15:08:53.494+0000] {subprocess.py:93} INFO - [0m15:08:53  Finished running  in 0 hours 0 minutes and 0.12 seconds (0.12s).
[2025-11-08T15:08:53.495+0000] {subprocess.py:93} INFO - [0m15:08:53  Encountered an error:
[2025-11-08T15:08:53.496+0000] {subprocess.py:93} INFO - Database Error
[2025-11-08T15:08:53.496+0000] {subprocess.py:93} INFO -   ('28000', "[28000] [Microsoft][ODBC Driver 17 for SQL Server][SQL Server]Login failed for user 'imrandbtnew'. (18456) (SQLDriverConnect)")
[2025-11-08T15:08:55.225+0000] {subprocess.py:97} INFO - Command exited with return code 2
[2025-11-08T15:08:55.241+0000] {taskinstance.py:1935} ERROR - Task failed with exception
Traceback (most recent call last):
  File "/home/airflow/.local/lib/python3.9/site-packages/airflow/operators/bash.py", line 210, in execute
    raise AirflowException(
airflow.exceptions.AirflowException: Bash command failed. The command returned a non-zero exit code 2.
[2025-11-08T15:08:55.245+0000] {taskinstance.py:1398} INFO - Marking task as FAILED. dag_id=dbt_transform, task_id=dbt_run, execution_date=20251108T145836, start_date=20251108T150847, end_date=20251108T150855
[2025-11-08T15:08:55.265+0000] {standard_task_runner.py:104} ERROR - Failed to execute job 391 for task dbt_run (Bash command failed. The command returned a non-zero exit code 2.; 7630)
[2025-11-08T15:08:55.283+0000] {local_task_job_runner.py:228} INFO - Task exited with return code 1
[2025-11-08T15:08:55.311+0000] {taskinstance.py:2776} INFO - 0 downstream tasks scheduled from follow-on schedule check
