[2025-11-08T15:19:46.765+0000] {taskinstance.py:1157} INFO - Dependencies all met for dep_context=non-requeueable deps ti=<TaskInstance: dbt_transform.dbt_run scheduled__2025-11-08T15:14:44.149948+00:00 [queued]>
[2025-11-08T15:19:46.785+0000] {taskinstance.py:1157} INFO - Dependencies all met for dep_context=requeueable deps ti=<TaskInstance: dbt_transform.dbt_run scheduled__2025-11-08T15:14:44.149948+00:00 [queued]>
[2025-11-08T15:19:46.786+0000] {taskinstance.py:1359} INFO - Starting attempt 1 of 2
[2025-11-08T15:19:46.814+0000] {taskinstance.py:1380} INFO - Executing <Task(BashOperator): dbt_run> on 2025-11-08 15:14:44.149948+00:00
[2025-11-08T15:19:46.826+0000] {standard_task_runner.py:57} INFO - Started process 8058 to run task
[2025-11-08T15:19:46.832+0000] {standard_task_runner.py:84} INFO - Running: ['***', 'tasks', 'run', 'dbt_transform', 'dbt_run', 'scheduled__2025-11-08T15:14:44.149948+00:00', '--job-id', '415', '--raw', '--subdir', 'DAGS_FOLDER/dbt_dag.py', '--cfg-path', '/tmp/tmp595_0561']
[2025-11-08T15:19:46.839+0000] {standard_task_runner.py:85} INFO - Job 415: Subtask dbt_run
[2025-11-08T15:19:46.959+0000] {task_command.py:415} INFO - Running <TaskInstance: dbt_transform.dbt_run scheduled__2025-11-08T15:14:44.149948+00:00 [running]> on host 8ce966dfa5f8
[2025-11-08T15:19:47.125+0000] {taskinstance.py:1660} INFO - Exporting env vars: AIRFLOW_CTX_DAG_OWNER='***' AIRFLOW_CTX_DAG_ID='dbt_transform' AIRFLOW_CTX_TASK_ID='dbt_run' AIRFLOW_CTX_EXECUTION_DATE='2025-11-08T15:14:44.149948+00:00' AIRFLOW_CTX_TRY_NUMBER='1' AIRFLOW_CTX_DAG_RUN_ID='scheduled__2025-11-08T15:14:44.149948+00:00'
[2025-11-08T15:19:47.128+0000] {subprocess.py:63} INFO - Tmp dir root location: /tmp
[2025-11-08T15:19:47.131+0000] {subprocess.py:75} INFO - Running command: ['/bin/bash', '-c', 'docker exec dbt_***_project-dbt-1 dbt run']
[2025-11-08T15:19:47.159+0000] {subprocess.py:86} INFO - Output:
[2025-11-08T15:19:50.834+0000] {subprocess.py:93} INFO - [0m15:19:50  Running with dbt=1.8.7
[2025-11-08T15:19:51.691+0000] {subprocess.py:93} INFO - [0m15:19:51  Registered adapter: sqlserver=1.8.7
[2025-11-08T15:19:55.317+0000] {subprocess.py:93} INFO - [0m15:19:55  Found 10 models, 18 data tests, 13 sources, 614 macros
[2025-11-08T15:19:55.325+0000] {subprocess.py:93} INFO - [0m15:19:55
[2025-11-08T15:19:55.522+0000] {subprocess.py:93} INFO - [0m15:19:55
[2025-11-08T15:19:55.523+0000] {subprocess.py:93} INFO - [0m15:19:55  Finished running  in 0 hours 0 minutes and 0.19 seconds (0.19s).
[2025-11-08T15:19:55.526+0000] {subprocess.py:93} INFO - [0m15:19:55  Encountered an error:
[2025-11-08T15:19:55.527+0000] {subprocess.py:93} INFO - Database Error
[2025-11-08T15:19:55.528+0000] {subprocess.py:93} INFO -   ('28000', "[28000] [Microsoft][ODBC Driver 17 for SQL Server][SQL Server]Login failed for user 'imrandbtnew'. (18456) (SQLDriverConnect)")
[2025-11-08T15:19:57.491+0000] {subprocess.py:97} INFO - Command exited with return code 2
[2025-11-08T15:19:57.522+0000] {taskinstance.py:1935} ERROR - Task failed with exception
Traceback (most recent call last):
  File "/home/airflow/.local/lib/python3.9/site-packages/airflow/operators/bash.py", line 210, in execute
    raise AirflowException(
airflow.exceptions.AirflowException: Bash command failed. The command returned a non-zero exit code 2.
[2025-11-08T15:19:57.531+0000] {taskinstance.py:1398} INFO - Marking task as UP_FOR_RETRY. dag_id=dbt_transform, task_id=dbt_run, execution_date=20251108T151444, start_date=20251108T151946, end_date=20251108T151957
[2025-11-08T15:19:57.566+0000] {standard_task_runner.py:104} ERROR - Failed to execute job 415 for task dbt_run (Bash command failed. The command returned a non-zero exit code 2.; 8058)
[2025-11-08T15:19:57.621+0000] {local_task_job_runner.py:228} INFO - Task exited with return code 1
[2025-11-08T15:19:57.678+0000] {taskinstance.py:2776} INFO - 0 downstream tasks scheduled from follow-on schedule check
