[2025-11-08T13:42:14.363+0000] {taskinstance.py:1157} INFO - Dependencies all met for dep_context=non-requeueable deps ti=<TaskInstance: dbt_transform.dbt_run scheduled__2025-11-08T13:37:11.367529+00:00 [queued]>
[2025-11-08T13:42:14.381+0000] {taskinstance.py:1157} INFO - Dependencies all met for dep_context=requeueable deps ti=<TaskInstance: dbt_transform.dbt_run scheduled__2025-11-08T13:37:11.367529+00:00 [queued]>
[2025-11-08T13:42:14.382+0000] {taskinstance.py:1359} INFO - Starting attempt 1 of 2
[2025-11-08T13:42:14.422+0000] {taskinstance.py:1380} INFO - Executing <Task(BashOperator): dbt_run> on 2025-11-08 13:37:11.367529+00:00
[2025-11-08T13:42:14.442+0000] {standard_task_runner.py:57} INFO - Started process 3949 to run task
[2025-11-08T13:42:14.447+0000] {standard_task_runner.py:84} INFO - Running: ['***', 'tasks', 'run', 'dbt_transform', 'dbt_run', 'scheduled__2025-11-08T13:37:11.367529+00:00', '--job-id', '172', '--raw', '--subdir', 'DAGS_FOLDER/dbt_dag.py', '--cfg-path', '/tmp/tmp32z1pou6']
[2025-11-08T13:42:14.456+0000] {standard_task_runner.py:85} INFO - Job 172: Subtask dbt_run
[2025-11-08T13:42:14.597+0000] {task_command.py:415} INFO - Running <TaskInstance: dbt_transform.dbt_run scheduled__2025-11-08T13:37:11.367529+00:00 [running]> on host 8ce966dfa5f8
[2025-11-08T13:42:14.759+0000] {taskinstance.py:1660} INFO - Exporting env vars: AIRFLOW_CTX_DAG_OWNER='***' AIRFLOW_CTX_DAG_ID='dbt_transform' AIRFLOW_CTX_TASK_ID='dbt_run' AIRFLOW_CTX_EXECUTION_DATE='2025-11-08T13:37:11.367529+00:00' AIRFLOW_CTX_TRY_NUMBER='1' AIRFLOW_CTX_DAG_RUN_ID='scheduled__2025-11-08T13:37:11.367529+00:00'
[2025-11-08T13:42:14.763+0000] {subprocess.py:63} INFO - Tmp dir root location: /tmp
[2025-11-08T13:42:14.766+0000] {subprocess.py:75} INFO - Running command: ['/bin/bash', '-c', 'docker exec dbt_***_project-dbt-1 dbt run']
[2025-11-08T13:42:14.798+0000] {subprocess.py:86} INFO - Output:
[2025-11-08T13:42:18.471+0000] {subprocess.py:93} INFO - [0m13:42:18  Running with dbt=1.8.7
[2025-11-08T13:42:19.365+0000] {subprocess.py:93} INFO - [0m13:42:19  Registered adapter: sqlserver=1.8.7
[2025-11-08T13:42:21.855+0000] {subprocess.py:93} INFO - [0m13:42:21  Found 10 models, 18 data tests, 13 sources, 614 macros
[2025-11-08T13:42:21.864+0000] {subprocess.py:93} INFO - [0m13:42:21
[2025-11-08T13:42:22.025+0000] {subprocess.py:93} INFO - [0m13:42:22
[2025-11-08T13:42:22.027+0000] {subprocess.py:93} INFO - [0m13:42:22  Finished running  in 0 hours 0 minutes and 0.16 seconds (0.16s).
[2025-11-08T13:42:22.029+0000] {subprocess.py:93} INFO - [0m13:42:22  Encountered an error:
[2025-11-08T13:42:22.030+0000] {subprocess.py:93} INFO - Database Error
[2025-11-08T13:42:22.030+0000] {subprocess.py:93} INFO -   ('28000', "[28000] [Microsoft][ODBC Driver 17 for SQL Server][SQL Server]Login failed for user 'imrandbtnew'. (18456) (SQLDriverConnect)")
[2025-11-08T13:42:23.842+0000] {subprocess.py:97} INFO - Command exited with return code 2
[2025-11-08T13:42:23.869+0000] {taskinstance.py:1935} ERROR - Task failed with exception
Traceback (most recent call last):
  File "/home/airflow/.local/lib/python3.9/site-packages/airflow/operators/bash.py", line 210, in execute
    raise AirflowException(
airflow.exceptions.AirflowException: Bash command failed. The command returned a non-zero exit code 2.
[2025-11-08T13:42:23.878+0000] {taskinstance.py:1398} INFO - Marking task as UP_FOR_RETRY. dag_id=dbt_transform, task_id=dbt_run, execution_date=20251108T133711, start_date=20251108T134214, end_date=20251108T134223
[2025-11-08T13:42:23.914+0000] {standard_task_runner.py:104} ERROR - Failed to execute job 172 for task dbt_run (Bash command failed. The command returned a non-zero exit code 2.; 3949)
[2025-11-08T13:42:23.969+0000] {local_task_job_runner.py:228} INFO - Task exited with return code 1
[2025-11-08T13:42:24.008+0000] {taskinstance.py:2776} INFO - 0 downstream tasks scheduled from follow-on schedule check
