[2025-11-08T13:47:25.288+0000] {taskinstance.py:1157} INFO - Dependencies all met for dep_context=non-requeueable deps ti=<TaskInstance: dbt_transform.dbt_run scheduled__2025-11-08T13:37:11.367529+00:00 [queued]>
[2025-11-08T13:47:25.304+0000] {taskinstance.py:1157} INFO - Dependencies all met for dep_context=requeueable deps ti=<TaskInstance: dbt_transform.dbt_run scheduled__2025-11-08T13:37:11.367529+00:00 [queued]>
[2025-11-08T13:47:25.305+0000] {taskinstance.py:1359} INFO - Starting attempt 2 of 2
[2025-11-08T13:47:25.325+0000] {taskinstance.py:1380} INFO - Executing <Task(BashOperator): dbt_run> on 2025-11-08 13:37:11.367529+00:00
[2025-11-08T13:47:25.340+0000] {standard_task_runner.py:57} INFO - Started process 4111 to run task
[2025-11-08T13:47:25.348+0000] {standard_task_runner.py:84} INFO - Running: ['***', 'tasks', 'run', 'dbt_transform', 'dbt_run', 'scheduled__2025-11-08T13:37:11.367529+00:00', '--job-id', '181', '--raw', '--subdir', 'DAGS_FOLDER/dbt_dag.py', '--cfg-path', '/tmp/tmpn9k78vay']
[2025-11-08T13:47:25.353+0000] {standard_task_runner.py:85} INFO - Job 181: Subtask dbt_run
[2025-11-08T13:47:25.475+0000] {task_command.py:415} INFO - Running <TaskInstance: dbt_transform.dbt_run scheduled__2025-11-08T13:37:11.367529+00:00 [running]> on host 8ce966dfa5f8
[2025-11-08T13:47:25.605+0000] {taskinstance.py:1660} INFO - Exporting env vars: AIRFLOW_CTX_DAG_OWNER='***' AIRFLOW_CTX_DAG_ID='dbt_transform' AIRFLOW_CTX_TASK_ID='dbt_run' AIRFLOW_CTX_EXECUTION_DATE='2025-11-08T13:37:11.367529+00:00' AIRFLOW_CTX_TRY_NUMBER='2' AIRFLOW_CTX_DAG_RUN_ID='scheduled__2025-11-08T13:37:11.367529+00:00'
[2025-11-08T13:47:25.608+0000] {subprocess.py:63} INFO - Tmp dir root location: /tmp
[2025-11-08T13:47:25.610+0000] {subprocess.py:75} INFO - Running command: ['/bin/bash', '-c', 'docker exec dbt_***_project-dbt-1 dbt run']
[2025-11-08T13:47:25.640+0000] {subprocess.py:86} INFO - Output:
[2025-11-08T13:47:28.696+0000] {subprocess.py:93} INFO - [0m13:47:28  Running with dbt=1.8.7
[2025-11-08T13:47:29.344+0000] {subprocess.py:93} INFO - [0m13:47:29  Registered adapter: sqlserver=1.8.7
[2025-11-08T13:47:31.241+0000] {subprocess.py:93} INFO - [0m13:47:31  Found 10 models, 18 data tests, 13 sources, 614 macros
[2025-11-08T13:47:31.248+0000] {subprocess.py:93} INFO - [0m13:47:31
[2025-11-08T13:47:31.382+0000] {subprocess.py:93} INFO - [0m13:47:31
[2025-11-08T13:47:31.383+0000] {subprocess.py:93} INFO - [0m13:47:31  Finished running  in 0 hours 0 minutes and 0.13 seconds (0.13s).
[2025-11-08T13:47:31.385+0000] {subprocess.py:93} INFO - [0m13:47:31  Encountered an error:
[2025-11-08T13:47:31.385+0000] {subprocess.py:93} INFO - Database Error
[2025-11-08T13:47:31.386+0000] {subprocess.py:93} INFO -   ('28000', "[28000] [Microsoft][ODBC Driver 17 for SQL Server][SQL Server]Login failed for user 'imrandbtnew'. (18456) (SQLDriverConnect)")
[2025-11-08T13:47:33.026+0000] {subprocess.py:97} INFO - Command exited with return code 2
[2025-11-08T13:47:33.043+0000] {taskinstance.py:1935} ERROR - Task failed with exception
Traceback (most recent call last):
  File "/home/airflow/.local/lib/python3.9/site-packages/airflow/operators/bash.py", line 210, in execute
    raise AirflowException(
airflow.exceptions.AirflowException: Bash command failed. The command returned a non-zero exit code 2.
[2025-11-08T13:47:33.047+0000] {taskinstance.py:1398} INFO - Marking task as FAILED. dag_id=dbt_transform, task_id=dbt_run, execution_date=20251108T133711, start_date=20251108T134725, end_date=20251108T134733
[2025-11-08T13:47:33.066+0000] {standard_task_runner.py:104} ERROR - Failed to execute job 181 for task dbt_run (Bash command failed. The command returned a non-zero exit code 2.; 4111)
[2025-11-08T13:47:33.117+0000] {local_task_job_runner.py:228} INFO - Task exited with return code 1
[2025-11-08T13:47:33.145+0000] {taskinstance.py:2776} INFO - 0 downstream tasks scheduled from follow-on schedule check
