[2025-11-08T14:25:17.938+0000] {taskinstance.py:1157} INFO - Dependencies all met for dep_context=non-requeueable deps ti=<TaskInstance: dbt_transform.dbt_run scheduled__2025-11-08T14:20:16.026845+00:00 [queued]>
[2025-11-08T14:25:17.956+0000] {taskinstance.py:1157} INFO - Dependencies all met for dep_context=requeueable deps ti=<TaskInstance: dbt_transform.dbt_run scheduled__2025-11-08T14:20:16.026845+00:00 [queued]>
[2025-11-08T14:25:17.957+0000] {taskinstance.py:1359} INFO - Starting attempt 1 of 2
[2025-11-08T14:25:17.986+0000] {taskinstance.py:1380} INFO - Executing <Task(BashOperator): dbt_run> on 2025-11-08 14:20:16.026845+00:00
[2025-11-08T14:25:18.001+0000] {standard_task_runner.py:57} INFO - Started process 5722 to run task
[2025-11-08T14:25:18.008+0000] {standard_task_runner.py:84} INFO - Running: ['***', 'tasks', 'run', 'dbt_transform', 'dbt_run', 'scheduled__2025-11-08T14:20:16.026845+00:00', '--job-id', '277', '--raw', '--subdir', 'DAGS_FOLDER/dbt_dag.py', '--cfg-path', '/tmp/tmpiwtn2bjl']
[2025-11-08T14:25:18.014+0000] {standard_task_runner.py:85} INFO - Job 277: Subtask dbt_run
[2025-11-08T14:25:18.143+0000] {task_command.py:415} INFO - Running <TaskInstance: dbt_transform.dbt_run scheduled__2025-11-08T14:20:16.026845+00:00 [running]> on host 8ce966dfa5f8
[2025-11-08T14:25:18.312+0000] {taskinstance.py:1660} INFO - Exporting env vars: AIRFLOW_CTX_DAG_OWNER='***' AIRFLOW_CTX_DAG_ID='dbt_transform' AIRFLOW_CTX_TASK_ID='dbt_run' AIRFLOW_CTX_EXECUTION_DATE='2025-11-08T14:20:16.026845+00:00' AIRFLOW_CTX_TRY_NUMBER='1' AIRFLOW_CTX_DAG_RUN_ID='scheduled__2025-11-08T14:20:16.026845+00:00'
[2025-11-08T14:25:18.316+0000] {subprocess.py:63} INFO - Tmp dir root location: /tmp
[2025-11-08T14:25:18.318+0000] {subprocess.py:75} INFO - Running command: ['/bin/bash', '-c', 'docker exec dbt_***_project-dbt-1 dbt run']
[2025-11-08T14:25:18.347+0000] {subprocess.py:86} INFO - Output:
[2025-11-08T14:25:21.906+0000] {subprocess.py:93} INFO - [0m14:25:21  Running with dbt=1.8.7
[2025-11-08T14:25:22.955+0000] {subprocess.py:93} INFO - [0m14:25:22  Registered adapter: sqlserver=1.8.7
[2025-11-08T14:25:26.798+0000] {subprocess.py:93} INFO - [0m14:25:26  Found 10 models, 18 data tests, 13 sources, 614 macros
[2025-11-08T14:25:26.811+0000] {subprocess.py:93} INFO - [0m14:25:26
[2025-11-08T14:25:27.077+0000] {subprocess.py:93} INFO - [0m14:25:27
[2025-11-08T14:25:27.078+0000] {subprocess.py:93} INFO - [0m14:25:27  Finished running  in 0 hours 0 minutes and 0.26 seconds (0.26s).
[2025-11-08T14:25:27.081+0000] {subprocess.py:93} INFO - [0m14:25:27  Encountered an error:
[2025-11-08T14:25:27.082+0000] {subprocess.py:93} INFO - Database Error
[2025-11-08T14:25:27.082+0000] {subprocess.py:93} INFO -   ('28000', "[28000] [Microsoft][ODBC Driver 17 for SQL Server][SQL Server]Login failed for user 'imrandbtnew'. (18456) (SQLDriverConnect)")
[2025-11-08T14:25:30.157+0000] {subprocess.py:97} INFO - Command exited with return code 2
[2025-11-08T14:25:30.204+0000] {taskinstance.py:1935} ERROR - Task failed with exception
Traceback (most recent call last):
  File "/home/airflow/.local/lib/python3.9/site-packages/airflow/operators/bash.py", line 210, in execute
    raise AirflowException(
airflow.exceptions.AirflowException: Bash command failed. The command returned a non-zero exit code 2.
[2025-11-08T14:25:30.226+0000] {taskinstance.py:1398} INFO - Marking task as UP_FOR_RETRY. dag_id=dbt_transform, task_id=dbt_run, execution_date=20251108T142016, start_date=20251108T142517, end_date=20251108T142530
[2025-11-08T14:25:30.272+0000] {standard_task_runner.py:104} ERROR - Failed to execute job 277 for task dbt_run (Bash command failed. The command returned a non-zero exit code 2.; 5722)
[2025-11-08T14:25:30.333+0000] {local_task_job_runner.py:228} INFO - Task exited with return code 1
[2025-11-08T14:25:30.399+0000] {taskinstance.py:2776} INFO - 0 downstream tasks scheduled from follow-on schedule check
