[2025-11-08T13:52:33.937+0000] {taskinstance.py:1157} INFO - Dependencies all met for dep_context=non-requeueable deps ti=<TaskInstance: dbt_transform.dbt_run scheduled__2025-11-08T13:42:21.827068+00:00 [queued]>
[2025-11-08T13:52:33.960+0000] {taskinstance.py:1157} INFO - Dependencies all met for dep_context=requeueable deps ti=<TaskInstance: dbt_transform.dbt_run scheduled__2025-11-08T13:42:21.827068+00:00 [queued]>
[2025-11-08T13:52:33.961+0000] {taskinstance.py:1359} INFO - Starting attempt 2 of 2
[2025-11-08T13:52:33.985+0000] {taskinstance.py:1380} INFO - Executing <Task(BashOperator): dbt_run> on 2025-11-08 13:42:21.827068+00:00
[2025-11-08T13:52:34.004+0000] {standard_task_runner.py:57} INFO - Started process 4250 to run task
[2025-11-08T13:52:34.009+0000] {standard_task_runner.py:84} INFO - Running: ['***', 'tasks', 'run', 'dbt_transform', 'dbt_run', 'scheduled__2025-11-08T13:42:21.827068+00:00', '--job-id', '188', '--raw', '--subdir', 'DAGS_FOLDER/dbt_dag.py', '--cfg-path', '/tmp/tmp4m3c5ro7']
[2025-11-08T13:52:34.016+0000] {standard_task_runner.py:85} INFO - Job 188: Subtask dbt_run
[2025-11-08T13:52:34.141+0000] {task_command.py:415} INFO - Running <TaskInstance: dbt_transform.dbt_run scheduled__2025-11-08T13:42:21.827068+00:00 [running]> on host 8ce966dfa5f8
[2025-11-08T13:52:34.303+0000] {taskinstance.py:1660} INFO - Exporting env vars: AIRFLOW_CTX_DAG_OWNER='***' AIRFLOW_CTX_DAG_ID='dbt_transform' AIRFLOW_CTX_TASK_ID='dbt_run' AIRFLOW_CTX_EXECUTION_DATE='2025-11-08T13:42:21.827068+00:00' AIRFLOW_CTX_TRY_NUMBER='2' AIRFLOW_CTX_DAG_RUN_ID='scheduled__2025-11-08T13:42:21.827068+00:00'
[2025-11-08T13:52:34.308+0000] {subprocess.py:63} INFO - Tmp dir root location: /tmp
[2025-11-08T13:52:34.311+0000] {subprocess.py:75} INFO - Running command: ['/bin/bash', '-c', 'docker exec dbt_***_project-dbt-1 dbt run']
[2025-11-08T13:52:34.347+0000] {subprocess.py:86} INFO - Output:
[2025-11-08T13:52:38.348+0000] {subprocess.py:93} INFO - [0m13:52:38  Running with dbt=1.8.7
[2025-11-08T13:52:39.508+0000] {subprocess.py:93} INFO - [0m13:52:39  Registered adapter: sqlserver=1.8.7
[2025-11-08T13:52:42.901+0000] {subprocess.py:93} INFO - [0m13:52:42  Found 10 models, 18 data tests, 13 sources, 614 macros
[2025-11-08T13:52:42.912+0000] {subprocess.py:93} INFO - [0m13:52:42
[2025-11-08T13:52:43.114+0000] {subprocess.py:93} INFO - [0m13:52:43
[2025-11-08T13:52:43.119+0000] {subprocess.py:93} INFO - [0m13:52:43  Finished running  in 0 hours 0 minutes and 0.20 seconds (0.20s).
[2025-11-08T13:52:43.121+0000] {subprocess.py:93} INFO - [0m13:52:43  Encountered an error:
[2025-11-08T13:52:43.123+0000] {subprocess.py:93} INFO - Database Error
[2025-11-08T13:52:43.124+0000] {subprocess.py:93} INFO -   ('28000', "[28000] [Microsoft][ODBC Driver 17 for SQL Server][SQL Server]Login failed for user 'imrandbtnew'. (18456) (SQLDriverConnect)")
[2025-11-08T13:52:45.280+0000] {subprocess.py:97} INFO - Command exited with return code 2
[2025-11-08T13:52:45.308+0000] {taskinstance.py:1935} ERROR - Task failed with exception
Traceback (most recent call last):
  File "/home/airflow/.local/lib/python3.9/site-packages/airflow/operators/bash.py", line 210, in execute
    raise AirflowException(
airflow.exceptions.AirflowException: Bash command failed. The command returned a non-zero exit code 2.
[2025-11-08T13:52:45.317+0000] {taskinstance.py:1398} INFO - Marking task as FAILED. dag_id=dbt_transform, task_id=dbt_run, execution_date=20251108T134221, start_date=20251108T135233, end_date=20251108T135245
[2025-11-08T13:52:45.347+0000] {standard_task_runner.py:104} ERROR - Failed to execute job 188 for task dbt_run (Bash command failed. The command returned a non-zero exit code 2.; 4250)
[2025-11-08T13:52:45.384+0000] {local_task_job_runner.py:228} INFO - Task exited with return code 1
[2025-11-08T13:52:45.431+0000] {taskinstance.py:2776} INFO - 0 downstream tasks scheduled from follow-on schedule check
