[2025-11-08T15:41:07.031+0000] {taskinstance.py:1157} INFO - Dependencies all met for dep_context=non-requeueable deps ti=<TaskInstance: dbt_transform.dbt_run scheduled__2025-11-08T15:36:04.535473+00:00 [queued]>
[2025-11-08T15:41:07.048+0000] {taskinstance.py:1157} INFO - Dependencies all met for dep_context=requeueable deps ti=<TaskInstance: dbt_transform.dbt_run scheduled__2025-11-08T15:36:04.535473+00:00 [queued]>
[2025-11-08T15:41:07.049+0000] {taskinstance.py:1359} INFO - Starting attempt 1 of 2
[2025-11-08T15:41:07.080+0000] {taskinstance.py:1380} INFO - Executing <Task(BashOperator): dbt_run> on 2025-11-08 15:36:04.535473+00:00
[2025-11-08T15:41:07.093+0000] {standard_task_runner.py:57} INFO - Started process 8775 to run task
[2025-11-08T15:41:07.102+0000] {standard_task_runner.py:84} INFO - Running: ['***', 'tasks', 'run', 'dbt_transform', 'dbt_run', 'scheduled__2025-11-08T15:36:04.535473+00:00', '--job-id', '453', '--raw', '--subdir', 'DAGS_FOLDER/dbt_dag.py', '--cfg-path', '/tmp/tmpyywr9s0g']
[2025-11-08T15:41:07.109+0000] {standard_task_runner.py:85} INFO - Job 453: Subtask dbt_run
[2025-11-08T15:41:07.241+0000] {task_command.py:415} INFO - Running <TaskInstance: dbt_transform.dbt_run scheduled__2025-11-08T15:36:04.535473+00:00 [running]> on host 8ce966dfa5f8
[2025-11-08T15:41:07.396+0000] {taskinstance.py:1660} INFO - Exporting env vars: AIRFLOW_CTX_DAG_OWNER='***' AIRFLOW_CTX_DAG_ID='dbt_transform' AIRFLOW_CTX_TASK_ID='dbt_run' AIRFLOW_CTX_EXECUTION_DATE='2025-11-08T15:36:04.535473+00:00' AIRFLOW_CTX_TRY_NUMBER='1' AIRFLOW_CTX_DAG_RUN_ID='scheduled__2025-11-08T15:36:04.535473+00:00'
[2025-11-08T15:41:07.401+0000] {subprocess.py:63} INFO - Tmp dir root location: /tmp
[2025-11-08T15:41:07.404+0000] {subprocess.py:75} INFO - Running command: ['/bin/bash', '-c', 'docker exec dbt_***_project-dbt-1 dbt run']
[2025-11-08T15:41:07.428+0000] {subprocess.py:86} INFO - Output:
[2025-11-08T15:41:11.178+0000] {subprocess.py:93} INFO - [0m15:41:11  Running with dbt=1.8.7
[2025-11-08T15:41:11.948+0000] {subprocess.py:93} INFO - [0m15:41:11  Registered adapter: sqlserver=1.8.7
[2025-11-08T15:41:15.139+0000] {subprocess.py:93} INFO - [0m15:41:15  Found 10 models, 18 data tests, 13 sources, 614 macros
[2025-11-08T15:41:15.147+0000] {subprocess.py:93} INFO - [0m15:41:15
[2025-11-08T15:41:15.336+0000] {subprocess.py:93} INFO - [0m15:41:15
[2025-11-08T15:41:15.338+0000] {subprocess.py:93} INFO - [0m15:41:15  Finished running  in 0 hours 0 minutes and 0.19 seconds (0.19s).
[2025-11-08T15:41:15.340+0000] {subprocess.py:93} INFO - [0m15:41:15  Encountered an error:
[2025-11-08T15:41:15.340+0000] {subprocess.py:93} INFO - Database Error
[2025-11-08T15:41:15.341+0000] {subprocess.py:93} INFO -   ('28000', "[28000] [Microsoft][ODBC Driver 17 for SQL Server][SQL Server]Login failed for user 'imrandbtnew'. (18456) (SQLDriverConnect)")
[2025-11-08T15:41:17.232+0000] {subprocess.py:97} INFO - Command exited with return code 2
[2025-11-08T15:41:17.257+0000] {taskinstance.py:1935} ERROR - Task failed with exception
Traceback (most recent call last):
  File "/home/airflow/.local/lib/python3.9/site-packages/airflow/operators/bash.py", line 210, in execute
    raise AirflowException(
airflow.exceptions.AirflowException: Bash command failed. The command returned a non-zero exit code 2.
[2025-11-08T15:41:17.266+0000] {taskinstance.py:1398} INFO - Marking task as UP_FOR_RETRY. dag_id=dbt_transform, task_id=dbt_run, execution_date=20251108T153604, start_date=20251108T154107, end_date=20251108T154117
[2025-11-08T15:41:17.291+0000] {standard_task_runner.py:104} ERROR - Failed to execute job 453 for task dbt_run (Bash command failed. The command returned a non-zero exit code 2.; 8775)
[2025-11-08T15:41:17.326+0000] {local_task_job_runner.py:228} INFO - Task exited with return code 1
[2025-11-08T15:41:17.370+0000] {taskinstance.py:2776} INFO - 0 downstream tasks scheduled from follow-on schedule check
