[2025-11-08T14:14:42.312+0000] {taskinstance.py:1157} INFO - Dependencies all met for dep_context=non-requeueable deps ti=<TaskInstance: dbt_transform.dbt_run scheduled__2025-11-08T14:09:39.132116+00:00 [queued]>
[2025-11-08T14:14:42.331+0000] {taskinstance.py:1157} INFO - Dependencies all met for dep_context=requeueable deps ti=<TaskInstance: dbt_transform.dbt_run scheduled__2025-11-08T14:09:39.132116+00:00 [queued]>
[2025-11-08T14:14:42.333+0000] {taskinstance.py:1359} INFO - Starting attempt 1 of 2
[2025-11-08T14:14:42.364+0000] {taskinstance.py:1380} INFO - Executing <Task(BashOperator): dbt_run> on 2025-11-08 14:09:39.132116+00:00
[2025-11-08T14:14:42.381+0000] {standard_task_runner.py:57} INFO - Started process 5323 to run task
[2025-11-08T14:14:42.387+0000] {standard_task_runner.py:84} INFO - Running: ['***', 'tasks', 'run', 'dbt_transform', 'dbt_run', 'scheduled__2025-11-08T14:09:39.132116+00:00', '--job-id', '254', '--raw', '--subdir', 'DAGS_FOLDER/dbt_dag.py', '--cfg-path', '/tmp/tmppgd7vet0']
[2025-11-08T14:14:42.394+0000] {standard_task_runner.py:85} INFO - Job 254: Subtask dbt_run
[2025-11-08T14:14:42.527+0000] {task_command.py:415} INFO - Running <TaskInstance: dbt_transform.dbt_run scheduled__2025-11-08T14:09:39.132116+00:00 [running]> on host 8ce966dfa5f8
[2025-11-08T14:14:42.714+0000] {taskinstance.py:1660} INFO - Exporting env vars: AIRFLOW_CTX_DAG_OWNER='***' AIRFLOW_CTX_DAG_ID='dbt_transform' AIRFLOW_CTX_TASK_ID='dbt_run' AIRFLOW_CTX_EXECUTION_DATE='2025-11-08T14:09:39.132116+00:00' AIRFLOW_CTX_TRY_NUMBER='1' AIRFLOW_CTX_DAG_RUN_ID='scheduled__2025-11-08T14:09:39.132116+00:00'
[2025-11-08T14:14:42.719+0000] {subprocess.py:63} INFO - Tmp dir root location: /tmp
[2025-11-08T14:14:42.722+0000] {subprocess.py:75} INFO - Running command: ['/bin/bash', '-c', 'docker exec dbt_***_project-dbt-1 dbt run']
[2025-11-08T14:14:42.777+0000] {subprocess.py:86} INFO - Output:
[2025-11-08T14:14:46.494+0000] {subprocess.py:93} INFO - [0m14:14:46  Running with dbt=1.8.7
[2025-11-08T14:14:47.606+0000] {subprocess.py:93} INFO - [0m14:14:47  Registered adapter: sqlserver=1.8.7
[2025-11-08T14:14:51.678+0000] {subprocess.py:93} INFO - [0m14:14:51  Found 10 models, 18 data tests, 13 sources, 614 macros
[2025-11-08T14:14:51.688+0000] {subprocess.py:93} INFO - [0m14:14:51
[2025-11-08T14:14:51.880+0000] {subprocess.py:93} INFO - [0m14:14:51
[2025-11-08T14:14:51.881+0000] {subprocess.py:93} INFO - [0m14:14:51  Finished running  in 0 hours 0 minutes and 0.19 seconds (0.19s).
[2025-11-08T14:14:51.884+0000] {subprocess.py:93} INFO - [0m14:14:51  Encountered an error:
[2025-11-08T14:14:51.885+0000] {subprocess.py:93} INFO - Database Error
[2025-11-08T14:14:51.886+0000] {subprocess.py:93} INFO -   ('28000', "[28000] [Microsoft][ODBC Driver 17 for SQL Server][SQL Server]Login failed for user 'imrandbtnew'. (18456) (SQLDriverConnect)")
[2025-11-08T14:14:55.289+0000] {subprocess.py:97} INFO - Command exited with return code 2
[2025-11-08T14:14:55.321+0000] {taskinstance.py:1935} ERROR - Task failed with exception
Traceback (most recent call last):
  File "/home/airflow/.local/lib/python3.9/site-packages/airflow/operators/bash.py", line 210, in execute
    raise AirflowException(
airflow.exceptions.AirflowException: Bash command failed. The command returned a non-zero exit code 2.
[2025-11-08T14:14:55.331+0000] {taskinstance.py:1398} INFO - Marking task as UP_FOR_RETRY. dag_id=dbt_transform, task_id=dbt_run, execution_date=20251108T140939, start_date=20251108T141442, end_date=20251108T141455
[2025-11-08T14:14:55.366+0000] {standard_task_runner.py:104} ERROR - Failed to execute job 254 for task dbt_run (Bash command failed. The command returned a non-zero exit code 2.; 5323)
[2025-11-08T14:14:55.409+0000] {local_task_job_runner.py:228} INFO - Task exited with return code 1
[2025-11-08T14:14:55.464+0000] {taskinstance.py:2776} INFO - 0 downstream tasks scheduled from follow-on schedule check
