[2025-11-08T10:09:11.350+0000] {taskinstance.py:1157} INFO - Dependencies all met for dep_context=non-requeueable deps ti=<TaskInstance: dbt_transform.dbt_run scheduled__2025-11-08T10:04:09.964697+00:00 [queued]>
[2025-11-08T10:09:11.362+0000] {taskinstance.py:1157} INFO - Dependencies all met for dep_context=requeueable deps ti=<TaskInstance: dbt_transform.dbt_run scheduled__2025-11-08T10:04:09.964697+00:00 [queued]>
[2025-11-08T10:09:11.363+0000] {taskinstance.py:1359} INFO - Starting attempt 1 of 2
[2025-11-08T10:09:11.379+0000] {taskinstance.py:1380} INFO - Executing <Task(BashOperator): dbt_run> on 2025-11-08 10:04:09.964697+00:00
[2025-11-08T10:09:11.390+0000] {standard_task_runner.py:57} INFO - Started process 1552 to run task
[2025-11-08T10:09:11.394+0000] {standard_task_runner.py:84} INFO - Running: ['***', 'tasks', 'run', 'dbt_transform', 'dbt_run', 'scheduled__2025-11-08T10:04:09.964697+00:00', '--job-id', '47', '--raw', '--subdir', 'DAGS_FOLDER/dbt_dag.py', '--cfg-path', '/tmp/tmp6rbn0_qe']
[2025-11-08T10:09:11.397+0000] {standard_task_runner.py:85} INFO - Job 47: Subtask dbt_run
[2025-11-08T10:09:11.505+0000] {task_command.py:415} INFO - Running <TaskInstance: dbt_transform.dbt_run scheduled__2025-11-08T10:04:09.964697+00:00 [running]> on host 8ce966dfa5f8
[2025-11-08T10:09:11.634+0000] {taskinstance.py:1660} INFO - Exporting env vars: AIRFLOW_CTX_DAG_OWNER='***' AIRFLOW_CTX_DAG_ID='dbt_transform' AIRFLOW_CTX_TASK_ID='dbt_run' AIRFLOW_CTX_EXECUTION_DATE='2025-11-08T10:04:09.964697+00:00' AIRFLOW_CTX_TRY_NUMBER='1' AIRFLOW_CTX_DAG_RUN_ID='scheduled__2025-11-08T10:04:09.964697+00:00'
[2025-11-08T10:09:11.644+0000] {subprocess.py:63} INFO - Tmp dir root location: /tmp
[2025-11-08T10:09:11.647+0000] {subprocess.py:75} INFO - Running command: ['/bin/bash', '-c', 'docker exec dbt_***_project-dbt-1 dbt run']
[2025-11-08T10:09:11.680+0000] {subprocess.py:86} INFO - Output:
[2025-11-08T10:09:14.683+0000] {subprocess.py:93} INFO - [0m10:09:14  Running with dbt=1.8.7
[2025-11-08T10:09:15.305+0000] {subprocess.py:93} INFO - [0m10:09:15  Registered adapter: sqlserver=1.8.7
[2025-11-08T10:09:17.795+0000] {subprocess.py:93} INFO - [0m10:09:17  Found 10 models, 18 data tests, 13 sources, 614 macros
[2025-11-08T10:09:17.801+0000] {subprocess.py:93} INFO - [0m10:09:17
[2025-11-08T10:09:17.918+0000] {subprocess.py:93} INFO - [0m10:09:17
[2025-11-08T10:09:17.919+0000] {subprocess.py:93} INFO - [0m10:09:17  Finished running  in 0 hours 0 minutes and 0.12 seconds (0.12s).
[2025-11-08T10:09:17.920+0000] {subprocess.py:93} INFO - [0m10:09:17  Encountered an error:
[2025-11-08T10:09:17.921+0000] {subprocess.py:93} INFO - Database Error
[2025-11-08T10:09:17.921+0000] {subprocess.py:93} INFO -   ('28000', "[28000] [Microsoft][ODBC Driver 17 for SQL Server][SQL Server]Login failed for user 'imrandbtnew'. (18456) (SQLDriverConnect)")
[2025-11-08T10:09:19.453+0000] {subprocess.py:97} INFO - Command exited with return code 2
[2025-11-08T10:09:19.468+0000] {taskinstance.py:1935} ERROR - Task failed with exception
Traceback (most recent call last):
  File "/home/airflow/.local/lib/python3.9/site-packages/airflow/operators/bash.py", line 210, in execute
    raise AirflowException(
airflow.exceptions.AirflowException: Bash command failed. The command returned a non-zero exit code 2.
[2025-11-08T10:09:19.472+0000] {taskinstance.py:1398} INFO - Marking task as UP_FOR_RETRY. dag_id=dbt_transform, task_id=dbt_run, execution_date=20251108T100409, start_date=20251108T100911, end_date=20251108T100919
[2025-11-08T10:09:19.489+0000] {standard_task_runner.py:104} ERROR - Failed to execute job 47 for task dbt_run (Bash command failed. The command returned a non-zero exit code 2.; 1552)
[2025-11-08T10:09:19.514+0000] {local_task_job_runner.py:228} INFO - Task exited with return code 1
[2025-11-08T10:09:19.537+0000] {taskinstance.py:2776} INFO - 0 downstream tasks scheduled from follow-on schedule check
