[2025-11-08T16:51:15.570+0000] {taskinstance.py:1157} INFO - Dependencies all met for dep_context=non-requeueable deps ti=<TaskInstance: dbt_transform.dbt_run scheduled__2025-11-08T16:46:12.939681+00:00 [queued]>
[2025-11-08T16:51:15.588+0000] {taskinstance.py:1157} INFO - Dependencies all met for dep_context=requeueable deps ti=<TaskInstance: dbt_transform.dbt_run scheduled__2025-11-08T16:46:12.939681+00:00 [queued]>
[2025-11-08T16:51:15.590+0000] {taskinstance.py:1359} INFO - Starting attempt 1 of 2
[2025-11-08T16:51:15.615+0000] {taskinstance.py:1380} INFO - Executing <Task(BashOperator): dbt_run> on 2025-11-08 16:46:12.939681+00:00
[2025-11-08T16:51:15.629+0000] {standard_task_runner.py:57} INFO - Started process 11029 to run task
[2025-11-08T16:51:15.635+0000] {standard_task_runner.py:84} INFO - Running: ['***', 'tasks', 'run', 'dbt_transform', 'dbt_run', 'scheduled__2025-11-08T16:46:12.939681+00:00', '--job-id', '570', '--raw', '--subdir', 'DAGS_FOLDER/dbt_dag.py', '--cfg-path', '/tmp/tmp8f8g8ilt']
[2025-11-08T16:51:15.641+0000] {standard_task_runner.py:85} INFO - Job 570: Subtask dbt_run
[2025-11-08T16:51:15.769+0000] {task_command.py:415} INFO - Running <TaskInstance: dbt_transform.dbt_run scheduled__2025-11-08T16:46:12.939681+00:00 [running]> on host 8ce966dfa5f8
[2025-11-08T16:51:15.952+0000] {taskinstance.py:1660} INFO - Exporting env vars: AIRFLOW_CTX_DAG_OWNER='***' AIRFLOW_CTX_DAG_ID='dbt_transform' AIRFLOW_CTX_TASK_ID='dbt_run' AIRFLOW_CTX_EXECUTION_DATE='2025-11-08T16:46:12.939681+00:00' AIRFLOW_CTX_TRY_NUMBER='1' AIRFLOW_CTX_DAG_RUN_ID='scheduled__2025-11-08T16:46:12.939681+00:00'
[2025-11-08T16:51:15.960+0000] {subprocess.py:63} INFO - Tmp dir root location: /tmp
[2025-11-08T16:51:15.964+0000] {subprocess.py:75} INFO - Running command: ['/bin/bash', '-c', 'docker exec dbt_***_project-dbt-1 dbt run']
[2025-11-08T16:51:16.003+0000] {subprocess.py:86} INFO - Output:
[2025-11-08T16:51:19.425+0000] {subprocess.py:93} INFO - [0m16:51:19  Running with dbt=1.8.7
[2025-11-08T16:51:20.250+0000] {subprocess.py:93} INFO - [0m16:51:20  Registered adapter: sqlserver=1.8.7
[2025-11-08T16:51:22.631+0000] {subprocess.py:93} INFO - [0m16:51:22  Found 10 models, 18 data tests, 13 sources, 614 macros
[2025-11-08T16:51:22.642+0000] {subprocess.py:93} INFO - [0m16:51:22
[2025-11-08T16:51:22.857+0000] {subprocess.py:93} INFO - [0m16:51:22
[2025-11-08T16:51:22.859+0000] {subprocess.py:93} INFO - [0m16:51:22  Finished running  in 0 hours 0 minutes and 0.21 seconds (0.21s).
[2025-11-08T16:51:22.862+0000] {subprocess.py:93} INFO - [0m16:51:22  Encountered an error:
[2025-11-08T16:51:22.863+0000] {subprocess.py:93} INFO - Database Error
[2025-11-08T16:51:22.864+0000] {subprocess.py:93} INFO -   ('28000', "[28000] [Microsoft][ODBC Driver 17 for SQL Server][SQL Server]Login failed for user 'imrandbtnew'. (18456) (SQLDriverConnect)")
[2025-11-08T16:51:24.812+0000] {subprocess.py:97} INFO - Command exited with return code 2
[2025-11-08T16:51:24.841+0000] {taskinstance.py:1935} ERROR - Task failed with exception
Traceback (most recent call last):
  File "/home/airflow/.local/lib/python3.9/site-packages/airflow/operators/bash.py", line 210, in execute
    raise AirflowException(
airflow.exceptions.AirflowException: Bash command failed. The command returned a non-zero exit code 2.
[2025-11-08T16:51:24.849+0000] {taskinstance.py:1398} INFO - Marking task as UP_FOR_RETRY. dag_id=dbt_transform, task_id=dbt_run, execution_date=20251108T164612, start_date=20251108T165115, end_date=20251108T165124
[2025-11-08T16:51:24.879+0000] {standard_task_runner.py:104} ERROR - Failed to execute job 570 for task dbt_run (Bash command failed. The command returned a non-zero exit code 2.; 11029)
[2025-11-08T16:51:24.917+0000] {local_task_job_runner.py:228} INFO - Task exited with return code 1
[2025-11-08T16:51:24.963+0000] {taskinstance.py:2776} INFO - 0 downstream tasks scheduled from follow-on schedule check
