[2025-11-08T14:03:38.349+0000] {taskinstance.py:1157} INFO - Dependencies all met for dep_context=non-requeueable deps ti=<TaskInstance: dbt_transform.dbt_run scheduled__2025-11-08T13:58:34.666182+00:00 [queued]>
[2025-11-08T14:03:38.381+0000] {taskinstance.py:1157} INFO - Dependencies all met for dep_context=requeueable deps ti=<TaskInstance: dbt_transform.dbt_run scheduled__2025-11-08T13:58:34.666182+00:00 [queued]>
[2025-11-08T14:03:38.383+0000] {taskinstance.py:1359} INFO - Starting attempt 1 of 2
[2025-11-08T14:03:38.435+0000] {taskinstance.py:1380} INFO - Executing <Task(BashOperator): dbt_run> on 2025-11-08 13:58:34.666182+00:00
[2025-11-08T14:03:38.459+0000] {standard_task_runner.py:57} INFO - Started process 4783 to run task
[2025-11-08T14:03:38.473+0000] {standard_task_runner.py:84} INFO - Running: ['***', 'tasks', 'run', 'dbt_transform', 'dbt_run', 'scheduled__2025-11-08T13:58:34.666182+00:00', '--job-id', '220', '--raw', '--subdir', 'DAGS_FOLDER/dbt_dag.py', '--cfg-path', '/tmp/tmp07phmaoq']
[2025-11-08T14:03:38.491+0000] {standard_task_runner.py:85} INFO - Job 220: Subtask dbt_run
[2025-11-08T14:03:38.693+0000] {task_command.py:415} INFO - Running <TaskInstance: dbt_transform.dbt_run scheduled__2025-11-08T13:58:34.666182+00:00 [running]> on host 8ce966dfa5f8
[2025-11-08T14:03:38.935+0000] {taskinstance.py:1660} INFO - Exporting env vars: AIRFLOW_CTX_DAG_OWNER='***' AIRFLOW_CTX_DAG_ID='dbt_transform' AIRFLOW_CTX_TASK_ID='dbt_run' AIRFLOW_CTX_EXECUTION_DATE='2025-11-08T13:58:34.666182+00:00' AIRFLOW_CTX_TRY_NUMBER='1' AIRFLOW_CTX_DAG_RUN_ID='scheduled__2025-11-08T13:58:34.666182+00:00'
[2025-11-08T14:03:38.938+0000] {subprocess.py:63} INFO - Tmp dir root location: /tmp
[2025-11-08T14:03:38.942+0000] {subprocess.py:75} INFO - Running command: ['/bin/bash', '-c', 'docker exec dbt_***_project-dbt-1 dbt run']
[2025-11-08T14:03:38.982+0000] {subprocess.py:86} INFO - Output:
[2025-11-08T14:03:43.531+0000] {subprocess.py:93} INFO - [0m14:03:43  Running with dbt=1.8.7
[2025-11-08T14:03:44.400+0000] {subprocess.py:93} INFO - [0m14:03:44  Registered adapter: sqlserver=1.8.7
[2025-11-08T14:03:47.707+0000] {subprocess.py:93} INFO - [0m14:03:47  Found 10 models, 18 data tests, 13 sources, 614 macros
[2025-11-08T14:03:47.717+0000] {subprocess.py:93} INFO - [0m14:03:47
[2025-11-08T14:03:47.961+0000] {subprocess.py:93} INFO - [0m14:03:47
[2025-11-08T14:03:47.962+0000] {subprocess.py:93} INFO - [0m14:03:47  Finished running  in 0 hours 0 minutes and 0.24 seconds (0.24s).
[2025-11-08T14:03:47.965+0000] {subprocess.py:93} INFO - [0m14:03:47  Encountered an error:
[2025-11-08T14:03:47.966+0000] {subprocess.py:93} INFO - Database Error
[2025-11-08T14:03:47.967+0000] {subprocess.py:93} INFO -   ('28000', "[28000] [Microsoft][ODBC Driver 17 for SQL Server][SQL Server]Login failed for user 'imrandbtnew'. (18456) (SQLDriverConnect)")
[2025-11-08T14:03:49.898+0000] {subprocess.py:97} INFO - Command exited with return code 2
[2025-11-08T14:03:49.925+0000] {taskinstance.py:1935} ERROR - Task failed with exception
Traceback (most recent call last):
  File "/home/airflow/.local/lib/python3.9/site-packages/airflow/operators/bash.py", line 210, in execute
    raise AirflowException(
airflow.exceptions.AirflowException: Bash command failed. The command returned a non-zero exit code 2.
[2025-11-08T14:03:49.934+0000] {taskinstance.py:1398} INFO - Marking task as UP_FOR_RETRY. dag_id=dbt_transform, task_id=dbt_run, execution_date=20251108T135834, start_date=20251108T140338, end_date=20251108T140349
[2025-11-08T14:03:50.072+0000] {standard_task_runner.py:104} ERROR - Failed to execute job 220 for task dbt_run (Bash command failed. The command returned a non-zero exit code 2.; 4783)
[2025-11-08T14:03:50.122+0000] {local_task_job_runner.py:228} INFO - Task exited with return code 1
[2025-11-08T14:03:50.171+0000] {taskinstance.py:2776} INFO - 0 downstream tasks scheduled from follow-on schedule check
