[2025-11-08T08:59:51.531+0000] {taskinstance.py:1157} INFO - Dependencies all met for dep_context=non-requeueable deps ti=<TaskInstance: dbt_transform.dbt_run scheduled__2025-11-08T08:49:36.164266+00:00 [queued]>
[2025-11-08T08:59:51.556+0000] {taskinstance.py:1157} INFO - Dependencies all met for dep_context=requeueable deps ti=<TaskInstance: dbt_transform.dbt_run scheduled__2025-11-08T08:49:36.164266+00:00 [queued]>
[2025-11-08T08:59:51.557+0000] {taskinstance.py:1359} INFO - Starting attempt 2 of 2
[2025-11-08T08:59:51.595+0000] {taskinstance.py:1380} INFO - Executing <Task(BashOperator): dbt_run> on 2025-11-08 08:49:36.164266+00:00
[2025-11-08T08:59:51.615+0000] {standard_task_runner.py:57} INFO - Started process 1445 to run task
[2025-11-08T08:59:51.626+0000] {standard_task_runner.py:84} INFO - Running: ['***', 'tasks', 'run', 'dbt_transform', 'dbt_run', 'scheduled__2025-11-08T08:49:36.164266+00:00', '--job-id', '40', '--raw', '--subdir', 'DAGS_FOLDER/dbt_dag.py', '--cfg-path', '/tmp/tmp658jhy3w']
[2025-11-08T08:59:51.635+0000] {standard_task_runner.py:85} INFO - Job 40: Subtask dbt_run
[2025-11-08T08:59:51.824+0000] {task_command.py:415} INFO - Running <TaskInstance: dbt_transform.dbt_run scheduled__2025-11-08T08:49:36.164266+00:00 [running]> on host 8ce966dfa5f8
[2025-11-08T08:59:52.056+0000] {taskinstance.py:1660} INFO - Exporting env vars: AIRFLOW_CTX_DAG_OWNER='***' AIRFLOW_CTX_DAG_ID='dbt_transform' AIRFLOW_CTX_TASK_ID='dbt_run' AIRFLOW_CTX_EXECUTION_DATE='2025-11-08T08:49:36.164266+00:00' AIRFLOW_CTX_TRY_NUMBER='2' AIRFLOW_CTX_DAG_RUN_ID='scheduled__2025-11-08T08:49:36.164266+00:00'
[2025-11-08T08:59:52.061+0000] {subprocess.py:63} INFO - Tmp dir root location: /tmp
[2025-11-08T08:59:52.065+0000] {subprocess.py:75} INFO - Running command: ['/bin/bash', '-c', 'docker exec dbt_***_project-dbt-1 dbt run']
[2025-11-08T08:59:52.118+0000] {subprocess.py:86} INFO - Output:
[2025-11-08T08:59:56.784+0000] {subprocess.py:93} INFO - [0m08:59:56  Running with dbt=1.8.7
[2025-11-08T08:59:57.951+0000] {subprocess.py:93} INFO - [0m08:59:57  Registered adapter: sqlserver=1.8.7
[2025-11-08T09:00:03.601+0000] {subprocess.py:93} INFO - [0m09:00:03  Found 10 models, 18 data tests, 13 sources, 614 macros
[2025-11-08T09:00:03.614+0000] {subprocess.py:93} INFO - [0m09:00:03
[2025-11-08T09:00:03.935+0000] {subprocess.py:93} INFO - [0m09:00:03
[2025-11-08T09:00:03.939+0000] {subprocess.py:93} INFO - [0m09:00:03  Finished running  in 0 hours 0 minutes and 0.32 seconds (0.32s).
[2025-11-08T09:00:03.942+0000] {subprocess.py:93} INFO - [0m09:00:03  Encountered an error:
[2025-11-08T09:00:03.943+0000] {subprocess.py:93} INFO - Database Error
[2025-11-08T09:00:03.944+0000] {subprocess.py:93} INFO -   ('28000', "[28000] [Microsoft][ODBC Driver 17 for SQL Server][SQL Server]Login failed for user 'imrandbtnew'. (18456) (SQLDriverConnect)")
[2025-11-08T09:00:05.869+0000] {subprocess.py:97} INFO - Command exited with return code 2
[2025-11-08T09:00:05.904+0000] {taskinstance.py:1935} ERROR - Task failed with exception
Traceback (most recent call last):
  File "/home/airflow/.local/lib/python3.9/site-packages/airflow/operators/bash.py", line 210, in execute
    raise AirflowException(
airflow.exceptions.AirflowException: Bash command failed. The command returned a non-zero exit code 2.
[2025-11-08T09:00:05.915+0000] {taskinstance.py:1398} INFO - Marking task as FAILED. dag_id=dbt_transform, task_id=dbt_run, execution_date=20251108T084936, start_date=20251108T085951, end_date=20251108T090005
[2025-11-08T09:00:05.961+0000] {standard_task_runner.py:104} ERROR - Failed to execute job 40 for task dbt_run (Bash command failed. The command returned a non-zero exit code 2.; 1445)
[2025-11-08T09:00:06.018+0000] {local_task_job_runner.py:228} INFO - Task exited with return code 1
[2025-11-08T09:00:06.083+0000] {taskinstance.py:2776} INFO - 0 downstream tasks scheduled from follow-on schedule check
