[2025-11-08T16:29:44.162+0000] {taskinstance.py:1157} INFO - Dependencies all met for dep_context=non-requeueable deps ti=<TaskInstance: dbt_transform.dbt_run scheduled__2025-11-08T16:19:29.249369+00:00 [queued]>
[2025-11-08T16:29:44.181+0000] {taskinstance.py:1157} INFO - Dependencies all met for dep_context=requeueable deps ti=<TaskInstance: dbt_transform.dbt_run scheduled__2025-11-08T16:19:29.249369+00:00 [queued]>
[2025-11-08T16:29:44.183+0000] {taskinstance.py:1359} INFO - Starting attempt 2 of 2
[2025-11-08T16:29:44.206+0000] {taskinstance.py:1380} INFO - Executing <Task(BashOperator): dbt_run> on 2025-11-08 16:19:29.249369+00:00
[2025-11-08T16:29:44.224+0000] {standard_task_runner.py:57} INFO - Started process 10313 to run task
[2025-11-08T16:29:44.230+0000] {standard_task_runner.py:84} INFO - Running: ['***', 'tasks', 'run', 'dbt_transform', 'dbt_run', 'scheduled__2025-11-08T16:19:29.249369+00:00', '--job-id', '532', '--raw', '--subdir', 'DAGS_FOLDER/dbt_dag.py', '--cfg-path', '/tmp/tmpb3so35ts']
[2025-11-08T16:29:44.235+0000] {standard_task_runner.py:85} INFO - Job 532: Subtask dbt_run
[2025-11-08T16:29:44.356+0000] {task_command.py:415} INFO - Running <TaskInstance: dbt_transform.dbt_run scheduled__2025-11-08T16:19:29.249369+00:00 [running]> on host 8ce966dfa5f8
[2025-11-08T16:29:44.516+0000] {taskinstance.py:1660} INFO - Exporting env vars: AIRFLOW_CTX_DAG_OWNER='***' AIRFLOW_CTX_DAG_ID='dbt_transform' AIRFLOW_CTX_TASK_ID='dbt_run' AIRFLOW_CTX_EXECUTION_DATE='2025-11-08T16:19:29.249369+00:00' AIRFLOW_CTX_TRY_NUMBER='2' AIRFLOW_CTX_DAG_RUN_ID='scheduled__2025-11-08T16:19:29.249369+00:00'
[2025-11-08T16:29:44.519+0000] {subprocess.py:63} INFO - Tmp dir root location: /tmp
[2025-11-08T16:29:44.521+0000] {subprocess.py:75} INFO - Running command: ['/bin/bash', '-c', 'docker exec dbt_***_project-dbt-1 dbt run']
[2025-11-08T16:29:44.547+0000] {subprocess.py:86} INFO - Output:
[2025-11-08T16:29:47.354+0000] {subprocess.py:93} INFO - [0m16:29:47  Running with dbt=1.8.7
[2025-11-08T16:29:47.873+0000] {subprocess.py:93} INFO - [0m16:29:47  Registered adapter: sqlserver=1.8.7
[2025-11-08T16:29:50.154+0000] {subprocess.py:93} INFO - [0m16:29:50  Found 10 models, 18 data tests, 13 sources, 614 macros
[2025-11-08T16:29:50.158+0000] {subprocess.py:93} INFO - [0m16:29:50
[2025-11-08T16:29:50.280+0000] {subprocess.py:93} INFO - [0m16:29:50
[2025-11-08T16:29:50.281+0000] {subprocess.py:93} INFO - [0m16:29:50  Finished running  in 0 hours 0 minutes and 0.12 seconds (0.12s).
[2025-11-08T16:29:50.283+0000] {subprocess.py:93} INFO - [0m16:29:50  Encountered an error:
[2025-11-08T16:29:50.283+0000] {subprocess.py:93} INFO - Database Error
[2025-11-08T16:29:50.284+0000] {subprocess.py:93} INFO -   ('28000', "[28000] [Microsoft][ODBC Driver 17 for SQL Server][SQL Server]Login failed for user 'imrandbtnew'. (18456) (SQLDriverConnect)")
[2025-11-08T16:29:51.923+0000] {subprocess.py:97} INFO - Command exited with return code 2
[2025-11-08T16:29:51.944+0000] {taskinstance.py:1935} ERROR - Task failed with exception
Traceback (most recent call last):
  File "/home/airflow/.local/lib/python3.9/site-packages/airflow/operators/bash.py", line 210, in execute
    raise AirflowException(
airflow.exceptions.AirflowException: Bash command failed. The command returned a non-zero exit code 2.
[2025-11-08T16:29:51.955+0000] {taskinstance.py:1398} INFO - Marking task as FAILED. dag_id=dbt_transform, task_id=dbt_run, execution_date=20251108T161929, start_date=20251108T162944, end_date=20251108T162951
[2025-11-08T16:29:51.982+0000] {standard_task_runner.py:104} ERROR - Failed to execute job 532 for task dbt_run (Bash command failed. The command returned a non-zero exit code 2.; 10313)
[2025-11-08T16:29:52.004+0000] {local_task_job_runner.py:228} INFO - Task exited with return code 1
[2025-11-08T16:29:52.039+0000] {taskinstance.py:2776} INFO - 0 downstream tasks scheduled from follow-on schedule check
