[2025-11-08T14:03:26.048+0000] {taskinstance.py:1157} INFO - Dependencies all met for dep_context=non-requeueable deps ti=<TaskInstance: dbt_transform.dbt_run scheduled__2025-11-08T13:58:24.156029+00:00 [queued]>
[2025-11-08T14:03:26.061+0000] {taskinstance.py:1157} INFO - Dependencies all met for dep_context=requeueable deps ti=<TaskInstance: dbt_transform.dbt_run scheduled__2025-11-08T13:58:24.156029+00:00 [queued]>
[2025-11-08T14:03:26.062+0000] {taskinstance.py:1359} INFO - Starting attempt 1 of 2
[2025-11-08T14:03:26.096+0000] {taskinstance.py:1380} INFO - Executing <Task(BashOperator): dbt_run> on 2025-11-08 13:58:24.156029+00:00
[2025-11-08T14:03:26.115+0000] {standard_task_runner.py:57} INFO - Started process 4696 to run task
[2025-11-08T14:03:26.125+0000] {standard_task_runner.py:84} INFO - Running: ['***', 'tasks', 'run', 'dbt_transform', 'dbt_run', 'scheduled__2025-11-08T13:58:24.156029+00:00', '--job-id', '214', '--raw', '--subdir', 'DAGS_FOLDER/dbt_dag.py', '--cfg-path', '/tmp/tmpxvuujnbr']
[2025-11-08T14:03:26.136+0000] {standard_task_runner.py:85} INFO - Job 214: Subtask dbt_run
[2025-11-08T14:03:26.290+0000] {task_command.py:415} INFO - Running <TaskInstance: dbt_transform.dbt_run scheduled__2025-11-08T13:58:24.156029+00:00 [running]> on host 8ce966dfa5f8
[2025-11-08T14:03:26.467+0000] {taskinstance.py:1660} INFO - Exporting env vars: AIRFLOW_CTX_DAG_OWNER='***' AIRFLOW_CTX_DAG_ID='dbt_transform' AIRFLOW_CTX_TASK_ID='dbt_run' AIRFLOW_CTX_EXECUTION_DATE='2025-11-08T13:58:24.156029+00:00' AIRFLOW_CTX_TRY_NUMBER='1' AIRFLOW_CTX_DAG_RUN_ID='scheduled__2025-11-08T13:58:24.156029+00:00'
[2025-11-08T14:03:26.472+0000] {subprocess.py:63} INFO - Tmp dir root location: /tmp
[2025-11-08T14:03:26.475+0000] {subprocess.py:75} INFO - Running command: ['/bin/bash', '-c', 'docker exec dbt_***_project-dbt-1 dbt run']
[2025-11-08T14:03:26.507+0000] {subprocess.py:86} INFO - Output:
[2025-11-08T14:03:30.357+0000] {subprocess.py:93} INFO - [0m14:03:30  Running with dbt=1.8.7
[2025-11-08T14:03:31.426+0000] {subprocess.py:93} INFO - [0m14:03:31  Registered adapter: sqlserver=1.8.7
[2025-11-08T14:03:35.857+0000] {subprocess.py:93} INFO - [0m14:03:35  Found 10 models, 18 data tests, 13 sources, 614 macros
[2025-11-08T14:03:35.869+0000] {subprocess.py:93} INFO - [0m14:03:35
[2025-11-08T14:03:36.116+0000] {subprocess.py:93} INFO - [0m14:03:36
[2025-11-08T14:03:36.120+0000] {subprocess.py:93} INFO - [0m14:03:36  Finished running  in 0 hours 0 minutes and 0.24 seconds (0.24s).
[2025-11-08T14:03:36.122+0000] {subprocess.py:93} INFO - [0m14:03:36  Encountered an error:
[2025-11-08T14:03:36.123+0000] {subprocess.py:93} INFO - Database Error
[2025-11-08T14:03:36.124+0000] {subprocess.py:93} INFO -   ('28000', "[28000] [Microsoft][ODBC Driver 17 for SQL Server][SQL Server]Login failed for user 'imrandbtnew'. (18456) (SQLDriverConnect)")
[2025-11-08T14:03:38.658+0000] {subprocess.py:97} INFO - Command exited with return code 2
[2025-11-08T14:03:38.695+0000] {taskinstance.py:1935} ERROR - Task failed with exception
Traceback (most recent call last):
  File "/home/airflow/.local/lib/python3.9/site-packages/airflow/operators/bash.py", line 210, in execute
    raise AirflowException(
airflow.exceptions.AirflowException: Bash command failed. The command returned a non-zero exit code 2.
[2025-11-08T14:03:38.718+0000] {taskinstance.py:1398} INFO - Marking task as UP_FOR_RETRY. dag_id=dbt_transform, task_id=dbt_run, execution_date=20251108T135824, start_date=20251108T140326, end_date=20251108T140338
[2025-11-08T14:03:38.773+0000] {standard_task_runner.py:104} ERROR - Failed to execute job 214 for task dbt_run (Bash command failed. The command returned a non-zero exit code 2.; 4696)
[2025-11-08T14:03:38.827+0000] {local_task_job_runner.py:228} INFO - Task exited with return code 1
[2025-11-08T14:03:38.900+0000] {taskinstance.py:2776} INFO - 0 downstream tasks scheduled from follow-on schedule check
