[2025-11-08T08:38:20.103+0000] {taskinstance.py:1157} INFO - Dependencies all met for dep_context=non-requeueable deps ti=<TaskInstance: dbt_transform.dbt_run scheduled__2025-11-08T08:28:05.840737+00:00 [queued]>
[2025-11-08T08:38:20.111+0000] {taskinstance.py:1157} INFO - Dependencies all met for dep_context=requeueable deps ti=<TaskInstance: dbt_transform.dbt_run scheduled__2025-11-08T08:28:05.840737+00:00 [queued]>
[2025-11-08T08:38:20.112+0000] {taskinstance.py:1359} INFO - Starting attempt 2 of 2
[2025-11-08T08:38:20.129+0000] {taskinstance.py:1380} INFO - Executing <Task(BashOperator): dbt_run> on 2025-11-08 08:28:05.840737+00:00
[2025-11-08T08:38:20.138+0000] {standard_task_runner.py:57} INFO - Started process 1019 to run task
[2025-11-08T08:38:20.142+0000] {standard_task_runner.py:84} INFO - Running: ['***', 'tasks', 'run', 'dbt_transform', 'dbt_run', 'scheduled__2025-11-08T08:28:05.840737+00:00', '--job-id', '24', '--raw', '--subdir', 'DAGS_FOLDER/dbt_dag.py', '--cfg-path', '/tmp/tmp9gx8ibzb']
[2025-11-08T08:38:20.145+0000] {standard_task_runner.py:85} INFO - Job 24: Subtask dbt_run
[2025-11-08T08:38:20.237+0000] {task_command.py:415} INFO - Running <TaskInstance: dbt_transform.dbt_run scheduled__2025-11-08T08:28:05.840737+00:00 [running]> on host 8ce966dfa5f8
[2025-11-08T08:38:20.339+0000] {taskinstance.py:1660} INFO - Exporting env vars: AIRFLOW_CTX_DAG_OWNER='***' AIRFLOW_CTX_DAG_ID='dbt_transform' AIRFLOW_CTX_TASK_ID='dbt_run' AIRFLOW_CTX_EXECUTION_DATE='2025-11-08T08:28:05.840737+00:00' AIRFLOW_CTX_TRY_NUMBER='2' AIRFLOW_CTX_DAG_RUN_ID='scheduled__2025-11-08T08:28:05.840737+00:00'
[2025-11-08T08:38:20.342+0000] {subprocess.py:63} INFO - Tmp dir root location: /tmp
[2025-11-08T08:38:20.344+0000] {subprocess.py:75} INFO - Running command: ['/bin/bash', '-c', 'docker exec dbt_***_project-dbt-1 dbt run']
[2025-11-08T08:38:20.365+0000] {subprocess.py:86} INFO - Output:
[2025-11-08T08:38:22.394+0000] {subprocess.py:93} INFO - [0m08:38:22  Running with dbt=1.8.7
[2025-11-08T08:38:22.907+0000] {subprocess.py:93} INFO - [0m08:38:22  Registered adapter: sqlserver=1.8.7
[2025-11-08T08:38:24.944+0000] {subprocess.py:93} INFO - [0m08:38:24  Found 10 models, 18 data tests, 13 sources, 614 macros
[2025-11-08T08:38:24.950+0000] {subprocess.py:93} INFO - [0m08:38:24
[2025-11-08T08:38:25.074+0000] {subprocess.py:93} INFO - [0m08:38:25
[2025-11-08T08:38:25.075+0000] {subprocess.py:93} INFO - [0m08:38:25  Finished running  in 0 hours 0 minutes and 0.12 seconds (0.12s).
[2025-11-08T08:38:25.076+0000] {subprocess.py:93} INFO - [0m08:38:25  Encountered an error:
[2025-11-08T08:38:25.077+0000] {subprocess.py:93} INFO - Database Error
[2025-11-08T08:38:25.077+0000] {subprocess.py:93} INFO -   ('28000', "[28000] [Microsoft][ODBC Driver 17 for SQL Server][SQL Server]Login failed for user 'imrandbtnew'. (18456) (SQLDriverConnect)")
[2025-11-08T08:38:26.784+0000] {subprocess.py:97} INFO - Command exited with return code 2
[2025-11-08T08:38:26.801+0000] {taskinstance.py:1935} ERROR - Task failed with exception
Traceback (most recent call last):
  File "/home/airflow/.local/lib/python3.9/site-packages/airflow/operators/bash.py", line 210, in execute
    raise AirflowException(
airflow.exceptions.AirflowException: Bash command failed. The command returned a non-zero exit code 2.
[2025-11-08T08:38:26.807+0000] {taskinstance.py:1398} INFO - Marking task as FAILED. dag_id=dbt_transform, task_id=dbt_run, execution_date=20251108T082805, start_date=20251108T083820, end_date=20251108T083826
[2025-11-08T08:38:26.827+0000] {standard_task_runner.py:104} ERROR - Failed to execute job 24 for task dbt_run (Bash command failed. The command returned a non-zero exit code 2.; 1019)
[2025-11-08T08:38:26.869+0000] {local_task_job_runner.py:228} INFO - Task exited with return code 1
[2025-11-08T08:38:26.897+0000] {taskinstance.py:2776} INFO - 0 downstream tasks scheduled from follow-on schedule check
