[2025-11-08T14:31:04.439+0000] {taskinstance.py:1157} INFO - Dependencies all met for dep_context=non-requeueable deps ti=<TaskInstance: dbt_transform.dbt_run scheduled__2025-11-08T14:26:01.944503+00:00 [queued]>
[2025-11-08T14:31:04.463+0000] {taskinstance.py:1157} INFO - Dependencies all met for dep_context=requeueable deps ti=<TaskInstance: dbt_transform.dbt_run scheduled__2025-11-08T14:26:01.944503+00:00 [queued]>
[2025-11-08T14:31:04.464+0000] {taskinstance.py:1359} INFO - Starting attempt 1 of 2
[2025-11-08T14:31:04.498+0000] {taskinstance.py:1380} INFO - Executing <Task(BashOperator): dbt_run> on 2025-11-08 14:26:01.944503+00:00
[2025-11-08T14:31:04.519+0000] {standard_task_runner.py:57} INFO - Started process 6094 to run task
[2025-11-08T14:31:04.532+0000] {standard_task_runner.py:84} INFO - Running: ['***', 'tasks', 'run', 'dbt_transform', 'dbt_run', 'scheduled__2025-11-08T14:26:01.944503+00:00', '--job-id', '302', '--raw', '--subdir', 'DAGS_FOLDER/dbt_dag.py', '--cfg-path', '/tmp/tmp_vfi9h88']
[2025-11-08T14:31:04.538+0000] {standard_task_runner.py:85} INFO - Job 302: Subtask dbt_run
[2025-11-08T14:31:04.686+0000] {task_command.py:415} INFO - Running <TaskInstance: dbt_transform.dbt_run scheduled__2025-11-08T14:26:01.944503+00:00 [running]> on host 8ce966dfa5f8
[2025-11-08T14:31:04.908+0000] {taskinstance.py:1660} INFO - Exporting env vars: AIRFLOW_CTX_DAG_OWNER='***' AIRFLOW_CTX_DAG_ID='dbt_transform' AIRFLOW_CTX_TASK_ID='dbt_run' AIRFLOW_CTX_EXECUTION_DATE='2025-11-08T14:26:01.944503+00:00' AIRFLOW_CTX_TRY_NUMBER='1' AIRFLOW_CTX_DAG_RUN_ID='scheduled__2025-11-08T14:26:01.944503+00:00'
[2025-11-08T14:31:04.920+0000] {subprocess.py:63} INFO - Tmp dir root location: /tmp
[2025-11-08T14:31:04.924+0000] {subprocess.py:75} INFO - Running command: ['/bin/bash', '-c', 'docker exec dbt_***_project-dbt-1 dbt run']
[2025-11-08T14:31:04.973+0000] {subprocess.py:86} INFO - Output:
[2025-11-08T14:31:09.200+0000] {subprocess.py:93} INFO - [0m14:31:09  Running with dbt=1.8.7
[2025-11-08T14:31:10.083+0000] {subprocess.py:93} INFO - [0m14:31:10  Registered adapter: sqlserver=1.8.7
[2025-11-08T14:31:13.422+0000] {subprocess.py:93} INFO - [0m14:31:13  Found 10 models, 18 data tests, 13 sources, 614 macros
[2025-11-08T14:31:13.432+0000] {subprocess.py:93} INFO - [0m14:31:13
[2025-11-08T14:31:13.676+0000] {subprocess.py:93} INFO - [0m14:31:13
[2025-11-08T14:31:13.683+0000] {subprocess.py:93} INFO - [0m14:31:13  Finished running  in 0 hours 0 minutes and 0.24 seconds (0.24s).
[2025-11-08T14:31:13.686+0000] {subprocess.py:93} INFO - [0m14:31:13  Encountered an error:
[2025-11-08T14:31:13.687+0000] {subprocess.py:93} INFO - Database Error
[2025-11-08T14:31:13.688+0000] {subprocess.py:93} INFO -   ('28000', "[28000] [Microsoft][ODBC Driver 17 for SQL Server][SQL Server]Login failed for user 'imrandbtnew'. (18456) (SQLDriverConnect)")
[2025-11-08T14:31:15.825+0000] {subprocess.py:97} INFO - Command exited with return code 2
[2025-11-08T14:31:15.861+0000] {taskinstance.py:1935} ERROR - Task failed with exception
Traceback (most recent call last):
  File "/home/airflow/.local/lib/python3.9/site-packages/airflow/operators/bash.py", line 210, in execute
    raise AirflowException(
airflow.exceptions.AirflowException: Bash command failed. The command returned a non-zero exit code 2.
[2025-11-08T14:31:15.871+0000] {taskinstance.py:1398} INFO - Marking task as UP_FOR_RETRY. dag_id=dbt_transform, task_id=dbt_run, execution_date=20251108T142601, start_date=20251108T143104, end_date=20251108T143115
[2025-11-08T14:31:15.922+0000] {standard_task_runner.py:104} ERROR - Failed to execute job 302 for task dbt_run (Bash command failed. The command returned a non-zero exit code 2.; 6094)
[2025-11-08T14:31:15.966+0000] {local_task_job_runner.py:228} INFO - Task exited with return code 1
[2025-11-08T14:31:16.049+0000] {taskinstance.py:2776} INFO - 0 downstream tasks scheduled from follow-on schedule check
