[2025-11-08T16:45:44.308+0000] {taskinstance.py:1157} INFO - Dependencies all met for dep_context=non-requeueable deps ti=<TaskInstance: dbt_transform.dbt_run scheduled__2025-11-08T16:40:41.629309+00:00 [queued]>
[2025-11-08T16:45:44.325+0000] {taskinstance.py:1157} INFO - Dependencies all met for dep_context=requeueable deps ti=<TaskInstance: dbt_transform.dbt_run scheduled__2025-11-08T16:40:41.629309+00:00 [queued]>
[2025-11-08T16:45:44.326+0000] {taskinstance.py:1359} INFO - Starting attempt 1 of 2
[2025-11-08T16:45:44.362+0000] {taskinstance.py:1380} INFO - Executing <Task(BashOperator): dbt_run> on 2025-11-08 16:40:41.629309+00:00
[2025-11-08T16:45:44.380+0000] {standard_task_runner.py:57} INFO - Started process 10827 to run task
[2025-11-08T16:45:44.388+0000] {standard_task_runner.py:84} INFO - Running: ['***', 'tasks', 'run', 'dbt_transform', 'dbt_run', 'scheduled__2025-11-08T16:40:41.629309+00:00', '--job-id', '559', '--raw', '--subdir', 'DAGS_FOLDER/dbt_dag.py', '--cfg-path', '/tmp/tmpddka_r2a']
[2025-11-08T16:45:44.396+0000] {standard_task_runner.py:85} INFO - Job 559: Subtask dbt_run
[2025-11-08T16:45:44.530+0000] {task_command.py:415} INFO - Running <TaskInstance: dbt_transform.dbt_run scheduled__2025-11-08T16:40:41.629309+00:00 [running]> on host 8ce966dfa5f8
[2025-11-08T16:45:44.754+0000] {taskinstance.py:1660} INFO - Exporting env vars: AIRFLOW_CTX_DAG_OWNER='***' AIRFLOW_CTX_DAG_ID='dbt_transform' AIRFLOW_CTX_TASK_ID='dbt_run' AIRFLOW_CTX_EXECUTION_DATE='2025-11-08T16:40:41.629309+00:00' AIRFLOW_CTX_TRY_NUMBER='1' AIRFLOW_CTX_DAG_RUN_ID='scheduled__2025-11-08T16:40:41.629309+00:00'
[2025-11-08T16:45:44.757+0000] {subprocess.py:63} INFO - Tmp dir root location: /tmp
[2025-11-08T16:45:44.761+0000] {subprocess.py:75} INFO - Running command: ['/bin/bash', '-c', 'docker exec dbt_***_project-dbt-1 dbt run']
[2025-11-08T16:45:44.789+0000] {subprocess.py:86} INFO - Output:
[2025-11-08T16:45:48.544+0000] {subprocess.py:93} INFO - [0m16:45:48  Running with dbt=1.8.7
[2025-11-08T16:45:49.402+0000] {subprocess.py:93} INFO - [0m16:45:49  Registered adapter: sqlserver=1.8.7
[2025-11-08T16:45:52.742+0000] {subprocess.py:93} INFO - [0m16:45:52  Found 10 models, 18 data tests, 13 sources, 614 macros
[2025-11-08T16:45:52.752+0000] {subprocess.py:93} INFO - [0m16:45:52
[2025-11-08T16:45:52.953+0000] {subprocess.py:93} INFO - [0m16:45:52
[2025-11-08T16:45:52.955+0000] {subprocess.py:93} INFO - [0m16:45:52  Finished running  in 0 hours 0 minutes and 0.20 seconds (0.20s).
[2025-11-08T16:45:52.957+0000] {subprocess.py:93} INFO - [0m16:45:52  Encountered an error:
[2025-11-08T16:45:52.958+0000] {subprocess.py:93} INFO - Database Error
[2025-11-08T16:45:52.958+0000] {subprocess.py:93} INFO -   ('28000', "[28000] [Microsoft][ODBC Driver 17 for SQL Server][SQL Server]Login failed for user 'imrandbtnew'. (18456) (SQLDriverConnect)")
[2025-11-08T16:45:54.880+0000] {subprocess.py:97} INFO - Command exited with return code 2
[2025-11-08T16:45:54.905+0000] {taskinstance.py:1935} ERROR - Task failed with exception
Traceback (most recent call last):
  File "/home/airflow/.local/lib/python3.9/site-packages/airflow/operators/bash.py", line 210, in execute
    raise AirflowException(
airflow.exceptions.AirflowException: Bash command failed. The command returned a non-zero exit code 2.
[2025-11-08T16:45:54.914+0000] {taskinstance.py:1398} INFO - Marking task as UP_FOR_RETRY. dag_id=dbt_transform, task_id=dbt_run, execution_date=20251108T164041, start_date=20251108T164544, end_date=20251108T164554
[2025-11-08T16:45:54.948+0000] {standard_task_runner.py:104} ERROR - Failed to execute job 559 for task dbt_run (Bash command failed. The command returned a non-zero exit code 2.; 10827)
[2025-11-08T16:45:54.975+0000] {local_task_job_runner.py:228} INFO - Task exited with return code 1
[2025-11-08T16:45:55.022+0000] {taskinstance.py:2776} INFO - 0 downstream tasks scheduled from follow-on schedule check
