[2025-11-08T16:13:25.347+0000] {taskinstance.py:1157} INFO - Dependencies all met for dep_context=non-requeueable deps ti=<TaskInstance: dbt_transform.dbt_run scheduled__2025-11-08T16:03:11.115114+00:00 [queued]>
[2025-11-08T16:13:25.369+0000] {taskinstance.py:1157} INFO - Dependencies all met for dep_context=requeueable deps ti=<TaskInstance: dbt_transform.dbt_run scheduled__2025-11-08T16:03:11.115114+00:00 [queued]>
[2025-11-08T16:13:25.370+0000] {taskinstance.py:1359} INFO - Starting attempt 2 of 2
[2025-11-08T16:13:25.402+0000] {taskinstance.py:1380} INFO - Executing <Task(BashOperator): dbt_run> on 2025-11-08 16:03:11.115114+00:00
[2025-11-08T16:13:25.418+0000] {standard_task_runner.py:57} INFO - Started process 9727 to run task
[2025-11-08T16:13:25.429+0000] {standard_task_runner.py:84} INFO - Running: ['***', 'tasks', 'run', 'dbt_transform', 'dbt_run', 'scheduled__2025-11-08T16:03:11.115114+00:00', '--job-id', '500', '--raw', '--subdir', 'DAGS_FOLDER/dbt_dag.py', '--cfg-path', '/tmp/tmp9spe4ktq']
[2025-11-08T16:13:25.440+0000] {standard_task_runner.py:85} INFO - Job 500: Subtask dbt_run
[2025-11-08T16:13:25.584+0000] {task_command.py:415} INFO - Running <TaskInstance: dbt_transform.dbt_run scheduled__2025-11-08T16:03:11.115114+00:00 [running]> on host 8ce966dfa5f8
[2025-11-08T16:13:25.762+0000] {taskinstance.py:1660} INFO - Exporting env vars: AIRFLOW_CTX_DAG_OWNER='***' AIRFLOW_CTX_DAG_ID='dbt_transform' AIRFLOW_CTX_TASK_ID='dbt_run' AIRFLOW_CTX_EXECUTION_DATE='2025-11-08T16:03:11.115114+00:00' AIRFLOW_CTX_TRY_NUMBER='2' AIRFLOW_CTX_DAG_RUN_ID='scheduled__2025-11-08T16:03:11.115114+00:00'
[2025-11-08T16:13:25.766+0000] {subprocess.py:63} INFO - Tmp dir root location: /tmp
[2025-11-08T16:13:25.770+0000] {subprocess.py:75} INFO - Running command: ['/bin/bash', '-c', 'docker exec dbt_***_project-dbt-1 dbt run']
[2025-11-08T16:13:25.804+0000] {subprocess.py:86} INFO - Output:
[2025-11-08T16:13:29.270+0000] {subprocess.py:93} INFO - [0m16:13:29  Running with dbt=1.8.7
[2025-11-08T16:13:30.121+0000] {subprocess.py:93} INFO - [0m16:13:30  Registered adapter: sqlserver=1.8.7
[2025-11-08T16:13:33.393+0000] {subprocess.py:93} INFO - [0m16:13:33  Found 10 models, 18 data tests, 13 sources, 614 macros
[2025-11-08T16:13:33.404+0000] {subprocess.py:93} INFO - [0m16:13:33
[2025-11-08T16:13:33.616+0000] {subprocess.py:93} INFO - [0m16:13:33
[2025-11-08T16:13:33.617+0000] {subprocess.py:93} INFO - [0m16:13:33  Finished running  in 0 hours 0 minutes and 0.21 seconds (0.21s).
[2025-11-08T16:13:33.619+0000] {subprocess.py:93} INFO - [0m16:13:33  Encountered an error:
[2025-11-08T16:13:33.620+0000] {subprocess.py:93} INFO - Database Error
[2025-11-08T16:13:33.620+0000] {subprocess.py:93} INFO -   ('28000', "[28000] [Microsoft][ODBC Driver 17 for SQL Server][SQL Server]Login failed for user 'imrandbtnew'. (18456) (SQLDriverConnect)")
[2025-11-08T16:13:35.810+0000] {subprocess.py:97} INFO - Command exited with return code 2
[2025-11-08T16:13:35.838+0000] {taskinstance.py:1935} ERROR - Task failed with exception
Traceback (most recent call last):
  File "/home/airflow/.local/lib/python3.9/site-packages/airflow/operators/bash.py", line 210, in execute
    raise AirflowException(
airflow.exceptions.AirflowException: Bash command failed. The command returned a non-zero exit code 2.
[2025-11-08T16:13:35.849+0000] {taskinstance.py:1398} INFO - Marking task as FAILED. dag_id=dbt_transform, task_id=dbt_run, execution_date=20251108T160311, start_date=20251108T161325, end_date=20251108T161335
[2025-11-08T16:13:35.891+0000] {standard_task_runner.py:104} ERROR - Failed to execute job 500 for task dbt_run (Bash command failed. The command returned a non-zero exit code 2.; 9727)
[2025-11-08T16:13:35.943+0000] {local_task_job_runner.py:228} INFO - Task exited with return code 1
[2025-11-08T16:13:35.986+0000] {taskinstance.py:2776} INFO - 0 downstream tasks scheduled from follow-on schedule check
