[2025-11-08T15:36:03.819+0000] {taskinstance.py:1157} INFO - Dependencies all met for dep_context=non-requeueable deps ti=<TaskInstance: dbt_transform.dbt_run scheduled__2025-11-08T15:31:01.072704+00:00 [queued]>
[2025-11-08T15:36:03.834+0000] {taskinstance.py:1157} INFO - Dependencies all met for dep_context=requeueable deps ti=<TaskInstance: dbt_transform.dbt_run scheduled__2025-11-08T15:31:01.072704+00:00 [queued]>
[2025-11-08T15:36:03.835+0000] {taskinstance.py:1359} INFO - Starting attempt 1 of 2
[2025-11-08T15:36:03.864+0000] {taskinstance.py:1380} INFO - Executing <Task(BashOperator): dbt_run> on 2025-11-08 15:31:01.072704+00:00
[2025-11-08T15:36:03.883+0000] {standard_task_runner.py:57} INFO - Started process 8646 to run task
[2025-11-08T15:36:03.889+0000] {standard_task_runner.py:84} INFO - Running: ['***', 'tasks', 'run', 'dbt_transform', 'dbt_run', 'scheduled__2025-11-08T15:31:01.072704+00:00', '--job-id', '447', '--raw', '--subdir', 'DAGS_FOLDER/dbt_dag.py', '--cfg-path', '/tmp/tmppbtl4gbn']
[2025-11-08T15:36:03.896+0000] {standard_task_runner.py:85} INFO - Job 447: Subtask dbt_run
[2025-11-08T15:36:04.022+0000] {task_command.py:415} INFO - Running <TaskInstance: dbt_transform.dbt_run scheduled__2025-11-08T15:31:01.072704+00:00 [running]> on host 8ce966dfa5f8
[2025-11-08T15:36:04.179+0000] {taskinstance.py:1660} INFO - Exporting env vars: AIRFLOW_CTX_DAG_OWNER='***' AIRFLOW_CTX_DAG_ID='dbt_transform' AIRFLOW_CTX_TASK_ID='dbt_run' AIRFLOW_CTX_EXECUTION_DATE='2025-11-08T15:31:01.072704+00:00' AIRFLOW_CTX_TRY_NUMBER='1' AIRFLOW_CTX_DAG_RUN_ID='scheduled__2025-11-08T15:31:01.072704+00:00'
[2025-11-08T15:36:04.184+0000] {subprocess.py:63} INFO - Tmp dir root location: /tmp
[2025-11-08T15:36:04.187+0000] {subprocess.py:75} INFO - Running command: ['/bin/bash', '-c', 'docker exec dbt_***_project-dbt-1 dbt run']
[2025-11-08T15:36:04.216+0000] {subprocess.py:86} INFO - Output:
[2025-11-08T15:36:07.693+0000] {subprocess.py:93} INFO - [0m15:36:07  Running with dbt=1.8.7
[2025-11-08T15:36:08.631+0000] {subprocess.py:93} INFO - [0m15:36:08  Registered adapter: sqlserver=1.8.7
[2025-11-08T15:36:12.476+0000] {subprocess.py:93} INFO - [0m15:36:12  Found 10 models, 18 data tests, 13 sources, 614 macros
[2025-11-08T15:36:12.485+0000] {subprocess.py:93} INFO - [0m15:36:12
[2025-11-08T15:36:12.725+0000] {subprocess.py:93} INFO - [0m15:36:12
[2025-11-08T15:36:12.726+0000] {subprocess.py:93} INFO - [0m15:36:12  Finished running  in 0 hours 0 minutes and 0.24 seconds (0.24s).
[2025-11-08T15:36:12.730+0000] {subprocess.py:93} INFO - [0m15:36:12  Encountered an error:
[2025-11-08T15:36:12.731+0000] {subprocess.py:93} INFO - Database Error
[2025-11-08T15:36:12.732+0000] {subprocess.py:93} INFO -   ('28000', "[28000] [Microsoft][ODBC Driver 17 for SQL Server][SQL Server]Login failed for user 'imrandbtnew'. (18456) (SQLDriverConnect)")
[2025-11-08T15:36:14.762+0000] {subprocess.py:97} INFO - Command exited with return code 2
[2025-11-08T15:36:14.794+0000] {taskinstance.py:1935} ERROR - Task failed with exception
Traceback (most recent call last):
  File "/home/airflow/.local/lib/python3.9/site-packages/airflow/operators/bash.py", line 210, in execute
    raise AirflowException(
airflow.exceptions.AirflowException: Bash command failed. The command returned a non-zero exit code 2.
[2025-11-08T15:36:14.807+0000] {taskinstance.py:1398} INFO - Marking task as UP_FOR_RETRY. dag_id=dbt_transform, task_id=dbt_run, execution_date=20251108T153101, start_date=20251108T153603, end_date=20251108T153614
[2025-11-08T15:36:14.846+0000] {standard_task_runner.py:104} ERROR - Failed to execute job 447 for task dbt_run (Bash command failed. The command returned a non-zero exit code 2.; 8646)
[2025-11-08T15:36:14.887+0000] {local_task_job_runner.py:228} INFO - Task exited with return code 1
[2025-11-08T15:36:14.947+0000] {taskinstance.py:2776} INFO - 0 downstream tasks scheduled from follow-on schedule check
