[2025-11-08T14:25:34.620+0000] {taskinstance.py:1157} INFO - Dependencies all met for dep_context=non-requeueable deps ti=<TaskInstance: dbt_transform.dbt_run scheduled__2025-11-08T14:20:31.160887+00:00 [queued]>
[2025-11-08T14:25:34.659+0000] {taskinstance.py:1157} INFO - Dependencies all met for dep_context=requeueable deps ti=<TaskInstance: dbt_transform.dbt_run scheduled__2025-11-08T14:20:31.160887+00:00 [queued]>
[2025-11-08T14:25:34.660+0000] {taskinstance.py:1359} INFO - Starting attempt 1 of 2
[2025-11-08T14:25:34.724+0000] {taskinstance.py:1380} INFO - Executing <Task(BashOperator): dbt_run> on 2025-11-08 14:20:31.160887+00:00
[2025-11-08T14:25:34.746+0000] {standard_task_runner.py:57} INFO - Started process 5834 to run task
[2025-11-08T14:25:34.753+0000] {standard_task_runner.py:84} INFO - Running: ['***', 'tasks', 'run', 'dbt_transform', 'dbt_run', 'scheduled__2025-11-08T14:20:31.160887+00:00', '--job-id', '286', '--raw', '--subdir', 'DAGS_FOLDER/dbt_dag.py', '--cfg-path', '/tmp/tmpwir1l892']
[2025-11-08T14:25:34.761+0000] {standard_task_runner.py:85} INFO - Job 286: Subtask dbt_run
[2025-11-08T14:25:34.926+0000] {task_command.py:415} INFO - Running <TaskInstance: dbt_transform.dbt_run scheduled__2025-11-08T14:20:31.160887+00:00 [running]> on host 8ce966dfa5f8
[2025-11-08T14:25:35.133+0000] {taskinstance.py:1660} INFO - Exporting env vars: AIRFLOW_CTX_DAG_OWNER='***' AIRFLOW_CTX_DAG_ID='dbt_transform' AIRFLOW_CTX_TASK_ID='dbt_run' AIRFLOW_CTX_EXECUTION_DATE='2025-11-08T14:20:31.160887+00:00' AIRFLOW_CTX_TRY_NUMBER='1' AIRFLOW_CTX_DAG_RUN_ID='scheduled__2025-11-08T14:20:31.160887+00:00'
[2025-11-08T14:25:35.137+0000] {subprocess.py:63} INFO - Tmp dir root location: /tmp
[2025-11-08T14:25:35.142+0000] {subprocess.py:75} INFO - Running command: ['/bin/bash', '-c', 'docker exec dbt_***_project-dbt-1 dbt run']
[2025-11-08T14:25:35.187+0000] {subprocess.py:86} INFO - Output:
[2025-11-08T14:25:39.961+0000] {subprocess.py:93} INFO - [0m14:25:39  Running with dbt=1.8.7
[2025-11-08T14:25:41.016+0000] {subprocess.py:93} INFO - [0m14:25:41  Registered adapter: sqlserver=1.8.7
[2025-11-08T14:25:44.446+0000] {subprocess.py:93} INFO - [0m14:25:44  Found 10 models, 18 data tests, 13 sources, 614 macros
[2025-11-08T14:25:44.456+0000] {subprocess.py:93} INFO - [0m14:25:44
[2025-11-08T14:25:44.669+0000] {subprocess.py:93} INFO - [0m14:25:44
[2025-11-08T14:25:44.670+0000] {subprocess.py:93} INFO - [0m14:25:44  Finished running  in 0 hours 0 minutes and 0.21 seconds (0.21s).
[2025-11-08T14:25:44.672+0000] {subprocess.py:93} INFO - [0m14:25:44  Encountered an error:
[2025-11-08T14:25:44.674+0000] {subprocess.py:93} INFO - Database Error
[2025-11-08T14:25:44.674+0000] {subprocess.py:93} INFO -   ('28000', "[28000] [Microsoft][ODBC Driver 17 for SQL Server][SQL Server]Login failed for user 'imrandbtnew'. (18456) (SQLDriverConnect)")
[2025-11-08T14:25:47.153+0000] {subprocess.py:97} INFO - Command exited with return code 2
[2025-11-08T14:25:47.178+0000] {taskinstance.py:1935} ERROR - Task failed with exception
Traceback (most recent call last):
  File "/home/airflow/.local/lib/python3.9/site-packages/airflow/operators/bash.py", line 210, in execute
    raise AirflowException(
airflow.exceptions.AirflowException: Bash command failed. The command returned a non-zero exit code 2.
[2025-11-08T14:25:47.187+0000] {taskinstance.py:1398} INFO - Marking task as UP_FOR_RETRY. dag_id=dbt_transform, task_id=dbt_run, execution_date=20251108T142031, start_date=20251108T142534, end_date=20251108T142547
[2025-11-08T14:25:47.215+0000] {standard_task_runner.py:104} ERROR - Failed to execute job 286 for task dbt_run (Bash command failed. The command returned a non-zero exit code 2.; 5834)
[2025-11-08T14:25:47.278+0000] {local_task_job_runner.py:228} INFO - Task exited with return code 1
[2025-11-08T14:25:47.322+0000] {taskinstance.py:2776} INFO - 0 downstream tasks scheduled from follow-on schedule check
