[2025-11-08T14:41:33.155+0000] {taskinstance.py:1157} INFO - Dependencies all met for dep_context=non-requeueable deps ti=<TaskInstance: dbt_transform.dbt_run scheduled__2025-11-08T14:31:17.560061+00:00 [queued]>
[2025-11-08T14:41:33.175+0000] {taskinstance.py:1157} INFO - Dependencies all met for dep_context=requeueable deps ti=<TaskInstance: dbt_transform.dbt_run scheduled__2025-11-08T14:31:17.560061+00:00 [queued]>
[2025-11-08T14:41:33.176+0000] {taskinstance.py:1359} INFO - Starting attempt 2 of 2
[2025-11-08T14:41:33.203+0000] {taskinstance.py:1380} INFO - Executing <Task(BashOperator): dbt_run> on 2025-11-08 14:31:17.560061+00:00
[2025-11-08T14:41:33.218+0000] {standard_task_runner.py:57} INFO - Started process 6470 to run task
[2025-11-08T14:41:33.225+0000] {standard_task_runner.py:84} INFO - Running: ['***', 'tasks', 'run', 'dbt_transform', 'dbt_run', 'scheduled__2025-11-08T14:31:17.560061+00:00', '--job-id', '323', '--raw', '--subdir', 'DAGS_FOLDER/dbt_dag.py', '--cfg-path', '/tmp/tmpd8modpt2']
[2025-11-08T14:41:33.233+0000] {standard_task_runner.py:85} INFO - Job 323: Subtask dbt_run
[2025-11-08T14:41:33.374+0000] {task_command.py:415} INFO - Running <TaskInstance: dbt_transform.dbt_run scheduled__2025-11-08T14:31:17.560061+00:00 [running]> on host 8ce966dfa5f8
[2025-11-08T14:41:33.526+0000] {taskinstance.py:1660} INFO - Exporting env vars: AIRFLOW_CTX_DAG_OWNER='***' AIRFLOW_CTX_DAG_ID='dbt_transform' AIRFLOW_CTX_TASK_ID='dbt_run' AIRFLOW_CTX_EXECUTION_DATE='2025-11-08T14:31:17.560061+00:00' AIRFLOW_CTX_TRY_NUMBER='2' AIRFLOW_CTX_DAG_RUN_ID='scheduled__2025-11-08T14:31:17.560061+00:00'
[2025-11-08T14:41:33.529+0000] {subprocess.py:63} INFO - Tmp dir root location: /tmp
[2025-11-08T14:41:33.532+0000] {subprocess.py:75} INFO - Running command: ['/bin/bash', '-c', 'docker exec dbt_***_project-dbt-1 dbt run']
[2025-11-08T14:41:33.561+0000] {subprocess.py:86} INFO - Output:
[2025-11-08T14:41:37.563+0000] {subprocess.py:93} INFO - [0m14:41:37  Running with dbt=1.8.7
[2025-11-08T14:41:38.305+0000] {subprocess.py:93} INFO - [0m14:41:38  Registered adapter: sqlserver=1.8.7
[2025-11-08T14:41:41.482+0000] {subprocess.py:93} INFO - [0m14:41:41  Found 10 models, 18 data tests, 13 sources, 614 macros
[2025-11-08T14:41:41.495+0000] {subprocess.py:93} INFO - [0m14:41:41
[2025-11-08T14:41:41.720+0000] {subprocess.py:93} INFO - [0m14:41:41
[2025-11-08T14:41:41.721+0000] {subprocess.py:93} INFO - [0m14:41:41  Finished running  in 0 hours 0 minutes and 0.22 seconds (0.22s).
[2025-11-08T14:41:41.724+0000] {subprocess.py:93} INFO - [0m14:41:41  Encountered an error:
[2025-11-08T14:41:41.725+0000] {subprocess.py:93} INFO - Database Error
[2025-11-08T14:41:41.726+0000] {subprocess.py:93} INFO -   ('28000', "[28000] [Microsoft][ODBC Driver 17 for SQL Server][SQL Server]Login failed for user 'imrandbtnew'. (18456) (SQLDriverConnect)")
[2025-11-08T14:41:43.792+0000] {subprocess.py:97} INFO - Command exited with return code 2
[2025-11-08T14:41:43.818+0000] {taskinstance.py:1935} ERROR - Task failed with exception
Traceback (most recent call last):
  File "/home/airflow/.local/lib/python3.9/site-packages/airflow/operators/bash.py", line 210, in execute
    raise AirflowException(
airflow.exceptions.AirflowException: Bash command failed. The command returned a non-zero exit code 2.
[2025-11-08T14:41:43.829+0000] {taskinstance.py:1398} INFO - Marking task as FAILED. dag_id=dbt_transform, task_id=dbt_run, execution_date=20251108T143117, start_date=20251108T144133, end_date=20251108T144143
[2025-11-08T14:41:43.856+0000] {standard_task_runner.py:104} ERROR - Failed to execute job 323 for task dbt_run (Bash command failed. The command returned a non-zero exit code 2.; 6470)
[2025-11-08T14:41:43.889+0000] {local_task_job_runner.py:228} INFO - Task exited with return code 1
[2025-11-08T14:41:44.008+0000] {taskinstance.py:2776} INFO - 0 downstream tasks scheduled from follow-on schedule check
