[2025-11-08T16:18:41.960+0000] {taskinstance.py:1157} INFO - Dependencies all met for dep_context=non-requeueable deps ti=<TaskInstance: dbt_transform.dbt_run scheduled__2025-11-08T16:13:40.226565+00:00 [queued]>
[2025-11-08T16:18:41.979+0000] {taskinstance.py:1157} INFO - Dependencies all met for dep_context=requeueable deps ti=<TaskInstance: dbt_transform.dbt_run scheduled__2025-11-08T16:13:40.226565+00:00 [queued]>
[2025-11-08T16:18:41.981+0000] {taskinstance.py:1359} INFO - Starting attempt 1 of 2
[2025-11-08T16:18:42.014+0000] {taskinstance.py:1380} INFO - Executing <Task(BashOperator): dbt_run> on 2025-11-08 16:13:40.226565+00:00
[2025-11-08T16:18:42.032+0000] {standard_task_runner.py:57} INFO - Started process 9872 to run task
[2025-11-08T16:18:42.038+0000] {standard_task_runner.py:84} INFO - Running: ['***', 'tasks', 'run', 'dbt_transform', 'dbt_run', 'scheduled__2025-11-08T16:13:40.226565+00:00', '--job-id', '507', '--raw', '--subdir', 'DAGS_FOLDER/dbt_dag.py', '--cfg-path', '/tmp/tmptveq7y1n']
[2025-11-08T16:18:42.044+0000] {standard_task_runner.py:85} INFO - Job 507: Subtask dbt_run
[2025-11-08T16:18:42.175+0000] {task_command.py:415} INFO - Running <TaskInstance: dbt_transform.dbt_run scheduled__2025-11-08T16:13:40.226565+00:00 [running]> on host 8ce966dfa5f8
[2025-11-08T16:18:42.362+0000] {taskinstance.py:1660} INFO - Exporting env vars: AIRFLOW_CTX_DAG_OWNER='***' AIRFLOW_CTX_DAG_ID='dbt_transform' AIRFLOW_CTX_TASK_ID='dbt_run' AIRFLOW_CTX_EXECUTION_DATE='2025-11-08T16:13:40.226565+00:00' AIRFLOW_CTX_TRY_NUMBER='1' AIRFLOW_CTX_DAG_RUN_ID='scheduled__2025-11-08T16:13:40.226565+00:00'
[2025-11-08T16:18:42.367+0000] {subprocess.py:63} INFO - Tmp dir root location: /tmp
[2025-11-08T16:18:42.370+0000] {subprocess.py:75} INFO - Running command: ['/bin/bash', '-c', 'docker exec dbt_***_project-dbt-1 dbt run']
[2025-11-08T16:18:42.402+0000] {subprocess.py:86} INFO - Output:
[2025-11-08T16:18:45.593+0000] {subprocess.py:93} INFO - [0m16:18:45  Running with dbt=1.8.7
[2025-11-08T16:18:46.345+0000] {subprocess.py:93} INFO - [0m16:18:46  Registered adapter: sqlserver=1.8.7
[2025-11-08T16:18:49.673+0000] {subprocess.py:93} INFO - [0m16:18:49  Found 10 models, 18 data tests, 13 sources, 614 macros
[2025-11-08T16:18:49.689+0000] {subprocess.py:93} INFO - [0m16:18:49
[2025-11-08T16:18:49.937+0000] {subprocess.py:93} INFO - [0m16:18:49
[2025-11-08T16:18:49.942+0000] {subprocess.py:93} INFO - [0m16:18:49  Finished running  in 0 hours 0 minutes and 0.24 seconds (0.24s).
[2025-11-08T16:18:49.948+0000] {subprocess.py:93} INFO - [0m16:18:49  Encountered an error:
[2025-11-08T16:18:49.949+0000] {subprocess.py:93} INFO - Database Error
[2025-11-08T16:18:49.950+0000] {subprocess.py:93} INFO -   ('28000', "[28000] [Microsoft][ODBC Driver 17 for SQL Server][SQL Server]Login failed for user 'imrandbtnew'. (18456) (SQLDriverConnect)")
[2025-11-08T16:18:51.791+0000] {subprocess.py:97} INFO - Command exited with return code 2
[2025-11-08T16:18:51.820+0000] {taskinstance.py:1935} ERROR - Task failed with exception
Traceback (most recent call last):
  File "/home/airflow/.local/lib/python3.9/site-packages/airflow/operators/bash.py", line 210, in execute
    raise AirflowException(
airflow.exceptions.AirflowException: Bash command failed. The command returned a non-zero exit code 2.
[2025-11-08T16:18:51.833+0000] {taskinstance.py:1398} INFO - Marking task as UP_FOR_RETRY. dag_id=dbt_transform, task_id=dbt_run, execution_date=20251108T161340, start_date=20251108T161841, end_date=20251108T161851
[2025-11-08T16:18:51.878+0000] {standard_task_runner.py:104} ERROR - Failed to execute job 507 for task dbt_run (Bash command failed. The command returned a non-zero exit code 2.; 9872)
[2025-11-08T16:18:51.936+0000] {local_task_job_runner.py:228} INFO - Task exited with return code 1
[2025-11-08T16:18:51.982+0000] {taskinstance.py:2776} INFO - 0 downstream tasks scheduled from follow-on schedule check
