[2025-11-08T10:35:40.083+0000] {taskinstance.py:1157} INFO - Dependencies all met for dep_context=non-requeueable deps ti=<TaskInstance: dbt_transform.dbt_run scheduled__2025-11-08T10:25:24.458795+00:00 [queued]>
[2025-11-08T10:35:40.102+0000] {taskinstance.py:1157} INFO - Dependencies all met for dep_context=requeueable deps ti=<TaskInstance: dbt_transform.dbt_run scheduled__2025-11-08T10:25:24.458795+00:00 [queued]>
[2025-11-08T10:35:40.104+0000] {taskinstance.py:1359} INFO - Starting attempt 2 of 2
[2025-11-08T10:35:40.133+0000] {taskinstance.py:1380} INFO - Executing <Task(BashOperator): dbt_run> on 2025-11-08 10:25:24.458795+00:00
[2025-11-08T10:35:40.154+0000] {standard_task_runner.py:57} INFO - Started process 2306 to run task
[2025-11-08T10:35:40.163+0000] {standard_task_runner.py:84} INFO - Running: ['***', 'tasks', 'run', 'dbt_transform', 'dbt_run', 'scheduled__2025-11-08T10:25:24.458795+00:00', '--job-id', '84', '--raw', '--subdir', 'DAGS_FOLDER/dbt_dag.py', '--cfg-path', '/tmp/tmpp103d5x9']
[2025-11-08T10:35:40.171+0000] {standard_task_runner.py:85} INFO - Job 84: Subtask dbt_run
[2025-11-08T10:35:40.318+0000] {task_command.py:415} INFO - Running <TaskInstance: dbt_transform.dbt_run scheduled__2025-11-08T10:25:24.458795+00:00 [running]> on host 8ce966dfa5f8
[2025-11-08T10:35:40.484+0000] {taskinstance.py:1660} INFO - Exporting env vars: AIRFLOW_CTX_DAG_OWNER='***' AIRFLOW_CTX_DAG_ID='dbt_transform' AIRFLOW_CTX_TASK_ID='dbt_run' AIRFLOW_CTX_EXECUTION_DATE='2025-11-08T10:25:24.458795+00:00' AIRFLOW_CTX_TRY_NUMBER='2' AIRFLOW_CTX_DAG_RUN_ID='scheduled__2025-11-08T10:25:24.458795+00:00'
[2025-11-08T10:35:40.487+0000] {subprocess.py:63} INFO - Tmp dir root location: /tmp
[2025-11-08T10:35:40.490+0000] {subprocess.py:75} INFO - Running command: ['/bin/bash', '-c', 'docker exec dbt_***_project-dbt-1 dbt run']
[2025-11-08T10:35:40.518+0000] {subprocess.py:86} INFO - Output:
[2025-11-08T10:35:44.302+0000] {subprocess.py:93} INFO - [0m10:35:44  Running with dbt=1.8.7
[2025-11-08T10:35:45.126+0000] {subprocess.py:93} INFO - [0m10:35:45  Registered adapter: sqlserver=1.8.7
[2025-11-08T10:35:48.689+0000] {subprocess.py:93} INFO - [0m10:35:48  Found 10 models, 18 data tests, 13 sources, 614 macros
[2025-11-08T10:35:48.700+0000] {subprocess.py:93} INFO - [0m10:35:48
[2025-11-08T10:35:48.897+0000] {subprocess.py:93} INFO - [0m10:35:48
[2025-11-08T10:35:48.900+0000] {subprocess.py:93} INFO - [0m10:35:48  Finished running  in 0 hours 0 minutes and 0.19 seconds (0.19s).
[2025-11-08T10:35:48.902+0000] {subprocess.py:93} INFO - [0m10:35:48  Encountered an error:
[2025-11-08T10:35:48.903+0000] {subprocess.py:93} INFO - Database Error
[2025-11-08T10:35:48.904+0000] {subprocess.py:93} INFO -   ('28000', "[28000] [Microsoft][ODBC Driver 17 for SQL Server][SQL Server]Login failed for user 'imrandbtnew'. (18456) (SQLDriverConnect)")
[2025-11-08T10:35:50.940+0000] {subprocess.py:97} INFO - Command exited with return code 2
[2025-11-08T10:35:50.972+0000] {taskinstance.py:1935} ERROR - Task failed with exception
Traceback (most recent call last):
  File "/home/airflow/.local/lib/python3.9/site-packages/airflow/operators/bash.py", line 210, in execute
    raise AirflowException(
airflow.exceptions.AirflowException: Bash command failed. The command returned a non-zero exit code 2.
[2025-11-08T10:35:50.980+0000] {taskinstance.py:1398} INFO - Marking task as FAILED. dag_id=dbt_transform, task_id=dbt_run, execution_date=20251108T102524, start_date=20251108T103540, end_date=20251108T103550
[2025-11-08T10:35:51.009+0000] {standard_task_runner.py:104} ERROR - Failed to execute job 84 for task dbt_run (Bash command failed. The command returned a non-zero exit code 2.; 2306)
[2025-11-08T10:35:51.043+0000] {local_task_job_runner.py:228} INFO - Task exited with return code 1
[2025-11-08T10:35:51.089+0000] {taskinstance.py:2776} INFO - 0 downstream tasks scheduled from follow-on schedule check
