[2025-11-08T11:30:44.947+0000] {taskinstance.py:1157} INFO - Dependencies all met for dep_context=non-requeueable deps ti=<TaskInstance: dbt_transform.dbt_run scheduled__2025-11-08T11:25:43.463804+00:00 [queued]>
[2025-11-08T11:30:44.958+0000] {taskinstance.py:1157} INFO - Dependencies all met for dep_context=requeueable deps ti=<TaskInstance: dbt_transform.dbt_run scheduled__2025-11-08T11:25:43.463804+00:00 [queued]>
[2025-11-08T11:30:44.959+0000] {taskinstance.py:1359} INFO - Starting attempt 1 of 2
[2025-11-08T11:30:44.974+0000] {taskinstance.py:1380} INFO - Executing <Task(BashOperator): dbt_run> on 2025-11-08 11:25:43.463804+00:00
[2025-11-08T11:30:44.982+0000] {standard_task_runner.py:57} INFO - Started process 3651 to run task
[2025-11-08T11:30:44.986+0000] {standard_task_runner.py:84} INFO - Running: ['***', 'tasks', 'run', 'dbt_transform', 'dbt_run', 'scheduled__2025-11-08T11:25:43.463804+00:00', '--job-id', '157', '--raw', '--subdir', 'DAGS_FOLDER/dbt_dag.py', '--cfg-path', '/tmp/tmp5b2g_214']
[2025-11-08T11:30:44.990+0000] {standard_task_runner.py:85} INFO - Job 157: Subtask dbt_run
[2025-11-08T11:30:45.066+0000] {task_command.py:415} INFO - Running <TaskInstance: dbt_transform.dbt_run scheduled__2025-11-08T11:25:43.463804+00:00 [running]> on host 8ce966dfa5f8
[2025-11-08T11:30:45.165+0000] {taskinstance.py:1660} INFO - Exporting env vars: AIRFLOW_CTX_DAG_OWNER='***' AIRFLOW_CTX_DAG_ID='dbt_transform' AIRFLOW_CTX_TASK_ID='dbt_run' AIRFLOW_CTX_EXECUTION_DATE='2025-11-08T11:25:43.463804+00:00' AIRFLOW_CTX_TRY_NUMBER='1' AIRFLOW_CTX_DAG_RUN_ID='scheduled__2025-11-08T11:25:43.463804+00:00'
[2025-11-08T11:30:45.185+0000] {subprocess.py:63} INFO - Tmp dir root location: /tmp
[2025-11-08T11:30:45.187+0000] {subprocess.py:75} INFO - Running command: ['/bin/bash', '-c', 'docker exec dbt_***_project-dbt-1 dbt run']
[2025-11-08T11:30:45.203+0000] {subprocess.py:86} INFO - Output:
[2025-11-08T11:30:47.115+0000] {subprocess.py:93} INFO - [0m11:30:47  Running with dbt=1.8.7
[2025-11-08T11:30:47.581+0000] {subprocess.py:93} INFO - [0m11:30:47  Registered adapter: sqlserver=1.8.7
[2025-11-08T11:30:49.263+0000] {subprocess.py:93} INFO - [0m11:30:49  Found 10 models, 18 data tests, 13 sources, 614 macros
[2025-11-08T11:30:49.269+0000] {subprocess.py:93} INFO - [0m11:30:49
[2025-11-08T11:30:49.387+0000] {subprocess.py:93} INFO - [0m11:30:49
[2025-11-08T11:30:49.388+0000] {subprocess.py:93} INFO - [0m11:30:49  Finished running  in 0 hours 0 minutes and 0.12 seconds (0.12s).
[2025-11-08T11:30:49.390+0000] {subprocess.py:93} INFO - [0m11:30:49  Encountered an error:
[2025-11-08T11:30:49.391+0000] {subprocess.py:93} INFO - Database Error
[2025-11-08T11:30:49.392+0000] {subprocess.py:93} INFO -   ('28000', "[28000] [Microsoft][ODBC Driver 17 for SQL Server][SQL Server]Login failed for user 'imrandbtnew'. (18456) (SQLDriverConnect)")
[2025-11-08T11:30:50.832+0000] {subprocess.py:97} INFO - Command exited with return code 2
[2025-11-08T11:30:50.847+0000] {taskinstance.py:1935} ERROR - Task failed with exception
Traceback (most recent call last):
  File "/home/airflow/.local/lib/python3.9/site-packages/airflow/operators/bash.py", line 210, in execute
    raise AirflowException(
airflow.exceptions.AirflowException: Bash command failed. The command returned a non-zero exit code 2.
[2025-11-08T11:30:50.850+0000] {taskinstance.py:1398} INFO - Marking task as UP_FOR_RETRY. dag_id=dbt_transform, task_id=dbt_run, execution_date=20251108T112543, start_date=20251108T113044, end_date=20251108T113050
[2025-11-08T11:30:50.866+0000] {standard_task_runner.py:104} ERROR - Failed to execute job 157 for task dbt_run (Bash command failed. The command returned a non-zero exit code 2.; 3651)
[2025-11-08T11:30:50.898+0000] {local_task_job_runner.py:228} INFO - Task exited with return code 1
[2025-11-08T11:30:50.924+0000] {taskinstance.py:2776} INFO - 0 downstream tasks scheduled from follow-on schedule check
