[2025-11-08T10:46:49.646+0000] {taskinstance.py:1157} INFO - Dependencies all met for dep_context=non-requeueable deps ti=<TaskInstance: dbt_transform.dbt_run scheduled__2025-11-08T10:36:35.849793+00:00 [queued]>
[2025-11-08T10:46:49.670+0000] {taskinstance.py:1157} INFO - Dependencies all met for dep_context=requeueable deps ti=<TaskInstance: dbt_transform.dbt_run scheduled__2025-11-08T10:36:35.849793+00:00 [queued]>
[2025-11-08T10:46:49.671+0000] {taskinstance.py:1359} INFO - Starting attempt 2 of 2
[2025-11-08T10:46:49.702+0000] {taskinstance.py:1380} INFO - Executing <Task(BashOperator): dbt_run> on 2025-11-08 10:36:35.849793+00:00
[2025-11-08T10:46:49.723+0000] {standard_task_runner.py:57} INFO - Started process 2736 to run task
[2025-11-08T10:46:49.735+0000] {standard_task_runner.py:84} INFO - Running: ['***', 'tasks', 'run', 'dbt_transform', 'dbt_run', 'scheduled__2025-11-08T10:36:35.849793+00:00', '--job-id', '108', '--raw', '--subdir', 'DAGS_FOLDER/dbt_dag.py', '--cfg-path', '/tmp/tmpl663ro77']
[2025-11-08T10:46:49.747+0000] {standard_task_runner.py:85} INFO - Job 108: Subtask dbt_run
[2025-11-08T10:46:49.914+0000] {task_command.py:415} INFO - Running <TaskInstance: dbt_transform.dbt_run scheduled__2025-11-08T10:36:35.849793+00:00 [running]> on host 8ce966dfa5f8
[2025-11-08T10:46:50.092+0000] {taskinstance.py:1660} INFO - Exporting env vars: AIRFLOW_CTX_DAG_OWNER='***' AIRFLOW_CTX_DAG_ID='dbt_transform' AIRFLOW_CTX_TASK_ID='dbt_run' AIRFLOW_CTX_EXECUTION_DATE='2025-11-08T10:36:35.849793+00:00' AIRFLOW_CTX_TRY_NUMBER='2' AIRFLOW_CTX_DAG_RUN_ID='scheduled__2025-11-08T10:36:35.849793+00:00'
[2025-11-08T10:46:50.098+0000] {subprocess.py:63} INFO - Tmp dir root location: /tmp
[2025-11-08T10:46:50.102+0000] {subprocess.py:75} INFO - Running command: ['/bin/bash', '-c', 'docker exec dbt_***_project-dbt-1 dbt run']
[2025-11-08T10:46:50.139+0000] {subprocess.py:86} INFO - Output:
[2025-11-08T10:46:53.969+0000] {subprocess.py:93} INFO - [0m10:46:53  Running with dbt=1.8.7
[2025-11-08T10:46:54.914+0000] {subprocess.py:93} INFO - [0m10:46:54  Registered adapter: sqlserver=1.8.7
[2025-11-08T10:46:58.523+0000] {subprocess.py:93} INFO - [0m10:46:58  Found 10 models, 18 data tests, 13 sources, 614 macros
[2025-11-08T10:46:58.531+0000] {subprocess.py:93} INFO - [0m10:46:58
[2025-11-08T10:46:58.743+0000] {subprocess.py:93} INFO - [0m10:46:58
[2025-11-08T10:46:58.744+0000] {subprocess.py:93} INFO - [0m10:46:58  Finished running  in 0 hours 0 minutes and 0.21 seconds (0.21s).
[2025-11-08T10:46:58.747+0000] {subprocess.py:93} INFO - [0m10:46:58  Encountered an error:
[2025-11-08T10:46:58.749+0000] {subprocess.py:93} INFO - Database Error
[2025-11-08T10:46:58.750+0000] {subprocess.py:93} INFO -   ('28000', "[28000] [Microsoft][ODBC Driver 17 for SQL Server][SQL Server]Login failed for user 'imrandbtnew'. (18456) (SQLDriverConnect)")
[2025-11-08T10:47:00.691+0000] {subprocess.py:97} INFO - Command exited with return code 2
[2025-11-08T10:47:00.718+0000] {taskinstance.py:1935} ERROR - Task failed with exception
Traceback (most recent call last):
  File "/home/airflow/.local/lib/python3.9/site-packages/airflow/operators/bash.py", line 210, in execute
    raise AirflowException(
airflow.exceptions.AirflowException: Bash command failed. The command returned a non-zero exit code 2.
[2025-11-08T10:47:00.727+0000] {taskinstance.py:1398} INFO - Marking task as FAILED. dag_id=dbt_transform, task_id=dbt_run, execution_date=20251108T103635, start_date=20251108T104649, end_date=20251108T104700
[2025-11-08T10:47:00.755+0000] {standard_task_runner.py:104} ERROR - Failed to execute job 108 for task dbt_run (Bash command failed. The command returned a non-zero exit code 2.; 2736)
[2025-11-08T10:47:00.800+0000] {local_task_job_runner.py:228} INFO - Task exited with return code 1
[2025-11-08T10:47:00.846+0000] {taskinstance.py:2776} INFO - 0 downstream tasks scheduled from follow-on schedule check
