[2025-11-08T17:01:58.678+0000] {taskinstance.py:1157} INFO - Dependencies all met for dep_context=non-requeueable deps ti=<TaskInstance: dbt_transform.dbt_run scheduled__2025-11-08T16:51:47.751147+00:00 [queued]>
[2025-11-08T17:01:58.693+0000] {taskinstance.py:1157} INFO - Dependencies all met for dep_context=requeueable deps ti=<TaskInstance: dbt_transform.dbt_run scheduled__2025-11-08T16:51:47.751147+00:00 [queued]>
[2025-11-08T17:01:58.694+0000] {taskinstance.py:1359} INFO - Starting attempt 2 of 2
[2025-11-08T17:01:58.717+0000] {taskinstance.py:1380} INFO - Executing <Task(BashOperator): dbt_run> on 2025-11-08 16:51:47.751147+00:00
[2025-11-08T17:01:58.730+0000] {standard_task_runner.py:57} INFO - Started process 11399 to run task
[2025-11-08T17:01:58.737+0000] {standard_task_runner.py:84} INFO - Running: ['***', 'tasks', 'run', 'dbt_transform', 'dbt_run', 'scheduled__2025-11-08T16:51:47.751147+00:00', '--job-id', '590', '--raw', '--subdir', 'DAGS_FOLDER/dbt_dag.py', '--cfg-path', '/tmp/tmpwxdhu23g']
[2025-11-08T17:01:58.743+0000] {standard_task_runner.py:85} INFO - Job 590: Subtask dbt_run
[2025-11-08T17:01:58.861+0000] {task_command.py:415} INFO - Running <TaskInstance: dbt_transform.dbt_run scheduled__2025-11-08T16:51:47.751147+00:00 [running]> on host 8ce966dfa5f8
[2025-11-08T17:01:59.042+0000] {taskinstance.py:1660} INFO - Exporting env vars: AIRFLOW_CTX_DAG_OWNER='***' AIRFLOW_CTX_DAG_ID='dbt_transform' AIRFLOW_CTX_TASK_ID='dbt_run' AIRFLOW_CTX_EXECUTION_DATE='2025-11-08T16:51:47.751147+00:00' AIRFLOW_CTX_TRY_NUMBER='2' AIRFLOW_CTX_DAG_RUN_ID='scheduled__2025-11-08T16:51:47.751147+00:00'
[2025-11-08T17:01:59.045+0000] {subprocess.py:63} INFO - Tmp dir root location: /tmp
[2025-11-08T17:01:59.048+0000] {subprocess.py:75} INFO - Running command: ['/bin/bash', '-c', 'docker exec dbt_***_project-dbt-1 dbt run']
[2025-11-08T17:01:59.074+0000] {subprocess.py:86} INFO - Output:
[2025-11-08T17:02:02.821+0000] {subprocess.py:93} INFO - [0m17:02:02  Running with dbt=1.8.7
[2025-11-08T17:02:03.562+0000] {subprocess.py:93} INFO - [0m17:02:03  Registered adapter: sqlserver=1.8.7
[2025-11-08T17:02:06.780+0000] {subprocess.py:93} INFO - [0m17:02:06  Found 10 models, 18 data tests, 13 sources, 614 macros
[2025-11-08T17:02:06.788+0000] {subprocess.py:93} INFO - [0m17:02:06
[2025-11-08T17:02:06.960+0000] {subprocess.py:93} INFO - [0m17:02:06
[2025-11-08T17:02:06.962+0000] {subprocess.py:93} INFO - [0m17:02:06  Finished running  in 0 hours 0 minutes and 0.17 seconds (0.17s).
[2025-11-08T17:02:06.964+0000] {subprocess.py:93} INFO - [0m17:02:06  Encountered an error:
[2025-11-08T17:02:06.965+0000] {subprocess.py:93} INFO - Database Error
[2025-11-08T17:02:06.965+0000] {subprocess.py:93} INFO -   ('28000', "[28000] [Microsoft][ODBC Driver 17 for SQL Server][SQL Server]Login failed for user 'imrandbtnew'. (18456) (SQLDriverConnect)")
[2025-11-08T17:02:08.872+0000] {subprocess.py:97} INFO - Command exited with return code 2
[2025-11-08T17:02:08.894+0000] {taskinstance.py:1935} ERROR - Task failed with exception
Traceback (most recent call last):
  File "/home/airflow/.local/lib/python3.9/site-packages/airflow/operators/bash.py", line 210, in execute
    raise AirflowException(
airflow.exceptions.AirflowException: Bash command failed. The command returned a non-zero exit code 2.
[2025-11-08T17:02:08.901+0000] {taskinstance.py:1398} INFO - Marking task as FAILED. dag_id=dbt_transform, task_id=dbt_run, execution_date=20251108T165147, start_date=20251108T170158, end_date=20251108T170208
[2025-11-08T17:02:08.927+0000] {standard_task_runner.py:104} ERROR - Failed to execute job 590 for task dbt_run (Bash command failed. The command returned a non-zero exit code 2.; 11399)
[2025-11-08T17:02:08.953+0000] {local_task_job_runner.py:228} INFO - Task exited with return code 1
[2025-11-08T17:02:08.999+0000] {taskinstance.py:2776} INFO - 0 downstream tasks scheduled from follow-on schedule check
