[2025-11-08T14:31:00.807+0000] {taskinstance.py:1157} INFO - Dependencies all met for dep_context=non-requeueable deps ti=<TaskInstance: dbt_transform.dbt_run scheduled__2025-11-08T14:20:44.767002+00:00 [queued]>
[2025-11-08T14:31:00.832+0000] {taskinstance.py:1157} INFO - Dependencies all met for dep_context=requeueable deps ti=<TaskInstance: dbt_transform.dbt_run scheduled__2025-11-08T14:20:44.767002+00:00 [queued]>
[2025-11-08T14:31:00.834+0000] {taskinstance.py:1359} INFO - Starting attempt 2 of 2
[2025-11-08T14:31:00.871+0000] {taskinstance.py:1380} INFO - Executing <Task(BashOperator): dbt_run> on 2025-11-08 14:20:44.767002+00:00
[2025-11-08T14:31:00.891+0000] {standard_task_runner.py:57} INFO - Started process 6070 to run task
[2025-11-08T14:31:00.900+0000] {standard_task_runner.py:84} INFO - Running: ['***', 'tasks', 'run', 'dbt_transform', 'dbt_run', 'scheduled__2025-11-08T14:20:44.767002+00:00', '--job-id', '301', '--raw', '--subdir', 'DAGS_FOLDER/dbt_dag.py', '--cfg-path', '/tmp/tmpk1qwq9fw']
[2025-11-08T14:31:00.909+0000] {standard_task_runner.py:85} INFO - Job 301: Subtask dbt_run
[2025-11-08T14:31:01.063+0000] {task_command.py:415} INFO - Running <TaskInstance: dbt_transform.dbt_run scheduled__2025-11-08T14:20:44.767002+00:00 [running]> on host 8ce966dfa5f8
[2025-11-08T14:31:01.265+0000] {taskinstance.py:1660} INFO - Exporting env vars: AIRFLOW_CTX_DAG_OWNER='***' AIRFLOW_CTX_DAG_ID='dbt_transform' AIRFLOW_CTX_TASK_ID='dbt_run' AIRFLOW_CTX_EXECUTION_DATE='2025-11-08T14:20:44.767002+00:00' AIRFLOW_CTX_TRY_NUMBER='2' AIRFLOW_CTX_DAG_RUN_ID='scheduled__2025-11-08T14:20:44.767002+00:00'
[2025-11-08T14:31:01.273+0000] {subprocess.py:63} INFO - Tmp dir root location: /tmp
[2025-11-08T14:31:01.277+0000] {subprocess.py:75} INFO - Running command: ['/bin/bash', '-c', 'docker exec dbt_***_project-dbt-1 dbt run']
[2025-11-08T14:31:01.319+0000] {subprocess.py:86} INFO - Output:
[2025-11-08T14:31:05.554+0000] {subprocess.py:93} INFO - [0m14:31:05  Running with dbt=1.8.7
[2025-11-08T14:31:06.493+0000] {subprocess.py:93} INFO - [0m14:31:06  Registered adapter: sqlserver=1.8.7
[2025-11-08T14:31:09.767+0000] {subprocess.py:93} INFO - [0m14:31:09  Found 10 models, 18 data tests, 13 sources, 614 macros
[2025-11-08T14:31:09.778+0000] {subprocess.py:93} INFO - [0m14:31:09
[2025-11-08T14:31:09.970+0000] {subprocess.py:93} INFO - [0m14:31:09
[2025-11-08T14:31:09.974+0000] {subprocess.py:93} INFO - [0m14:31:09  Finished running  in 0 hours 0 minutes and 0.19 seconds (0.19s).
[2025-11-08T14:31:09.977+0000] {subprocess.py:93} INFO - [0m14:31:09  Encountered an error:
[2025-11-08T14:31:09.978+0000] {subprocess.py:93} INFO - Database Error
[2025-11-08T14:31:09.979+0000] {subprocess.py:93} INFO -   ('28000', "[28000] [Microsoft][ODBC Driver 17 for SQL Server][SQL Server]Login failed for user 'imrandbtnew'. (18456) (SQLDriverConnect)")
[2025-11-08T14:31:12.109+0000] {subprocess.py:97} INFO - Command exited with return code 2
[2025-11-08T14:31:12.132+0000] {taskinstance.py:1935} ERROR - Task failed with exception
Traceback (most recent call last):
  File "/home/airflow/.local/lib/python3.9/site-packages/airflow/operators/bash.py", line 210, in execute
    raise AirflowException(
airflow.exceptions.AirflowException: Bash command failed. The command returned a non-zero exit code 2.
[2025-11-08T14:31:12.142+0000] {taskinstance.py:1398} INFO - Marking task as FAILED. dag_id=dbt_transform, task_id=dbt_run, execution_date=20251108T142044, start_date=20251108T143100, end_date=20251108T143112
[2025-11-08T14:31:12.171+0000] {standard_task_runner.py:104} ERROR - Failed to execute job 301 for task dbt_run (Bash command failed. The command returned a non-zero exit code 2.; 6070)
[2025-11-08T14:31:12.214+0000] {local_task_job_runner.py:228} INFO - Task exited with return code 1
[2025-11-08T14:31:12.267+0000] {taskinstance.py:2776} INFO - 0 downstream tasks scheduled from follow-on schedule check
