[2025-11-08T10:41:42.643+0000] {taskinstance.py:1157} INFO - Dependencies all met for dep_context=non-requeueable deps ti=<TaskInstance: dbt_transform.dbt_run scheduled__2025-11-08T10:36:40.012997+00:00 [queued]>
[2025-11-08T10:41:42.660+0000] {taskinstance.py:1157} INFO - Dependencies all met for dep_context=requeueable deps ti=<TaskInstance: dbt_transform.dbt_run scheduled__2025-11-08T10:36:40.012997+00:00 [queued]>
[2025-11-08T10:41:42.661+0000] {taskinstance.py:1359} INFO - Starting attempt 1 of 2
[2025-11-08T10:41:42.698+0000] {taskinstance.py:1380} INFO - Executing <Task(BashOperator): dbt_run> on 2025-11-08 10:36:40.012997+00:00
[2025-11-08T10:41:42.714+0000] {standard_task_runner.py:57} INFO - Started process 2606 to run task
[2025-11-08T10:41:42.721+0000] {standard_task_runner.py:84} INFO - Running: ['***', 'tasks', 'run', 'dbt_transform', 'dbt_run', 'scheduled__2025-11-08T10:36:40.012997+00:00', '--job-id', '102', '--raw', '--subdir', 'DAGS_FOLDER/dbt_dag.py', '--cfg-path', '/tmp/tmptn2_i0_o']
[2025-11-08T10:41:42.726+0000] {standard_task_runner.py:85} INFO - Job 102: Subtask dbt_run
[2025-11-08T10:41:42.867+0000] {task_command.py:415} INFO - Running <TaskInstance: dbt_transform.dbt_run scheduled__2025-11-08T10:36:40.012997+00:00 [running]> on host 8ce966dfa5f8
[2025-11-08T10:41:43.043+0000] {taskinstance.py:1660} INFO - Exporting env vars: AIRFLOW_CTX_DAG_OWNER='***' AIRFLOW_CTX_DAG_ID='dbt_transform' AIRFLOW_CTX_TASK_ID='dbt_run' AIRFLOW_CTX_EXECUTION_DATE='2025-11-08T10:36:40.012997+00:00' AIRFLOW_CTX_TRY_NUMBER='1' AIRFLOW_CTX_DAG_RUN_ID='scheduled__2025-11-08T10:36:40.012997+00:00'
[2025-11-08T10:41:43.048+0000] {subprocess.py:63} INFO - Tmp dir root location: /tmp
[2025-11-08T10:41:43.051+0000] {subprocess.py:75} INFO - Running command: ['/bin/bash', '-c', 'docker exec dbt_***_project-dbt-1 dbt run']
[2025-11-08T10:41:43.082+0000] {subprocess.py:86} INFO - Output:
[2025-11-08T10:41:46.791+0000] {subprocess.py:93} INFO - [0m10:41:46  Running with dbt=1.8.7
[2025-11-08T10:41:47.579+0000] {subprocess.py:93} INFO - [0m10:41:47  Registered adapter: sqlserver=1.8.7
[2025-11-08T10:41:50.946+0000] {subprocess.py:93} INFO - [0m10:41:50  Found 10 models, 18 data tests, 13 sources, 614 macros
[2025-11-08T10:41:50.959+0000] {subprocess.py:93} INFO - [0m10:41:50
[2025-11-08T10:41:51.167+0000] {subprocess.py:93} INFO - [0m10:41:51
[2025-11-08T10:41:51.168+0000] {subprocess.py:93} INFO - [0m10:41:51  Finished running  in 0 hours 0 minutes and 0.21 seconds (0.21s).
[2025-11-08T10:41:51.170+0000] {subprocess.py:93} INFO - [0m10:41:51  Encountered an error:
[2025-11-08T10:41:51.170+0000] {subprocess.py:93} INFO - Database Error
[2025-11-08T10:41:51.170+0000] {subprocess.py:93} INFO -   ('28000', "[28000] [Microsoft][ODBC Driver 17 for SQL Server][SQL Server]Login failed for user 'imrandbtnew'. (18456) (SQLDriverConnect)")
[2025-11-08T10:41:53.045+0000] {subprocess.py:97} INFO - Command exited with return code 2
[2025-11-08T10:41:53.075+0000] {taskinstance.py:1935} ERROR - Task failed with exception
Traceback (most recent call last):
  File "/home/airflow/.local/lib/python3.9/site-packages/airflow/operators/bash.py", line 210, in execute
    raise AirflowException(
airflow.exceptions.AirflowException: Bash command failed. The command returned a non-zero exit code 2.
[2025-11-08T10:41:53.085+0000] {taskinstance.py:1398} INFO - Marking task as UP_FOR_RETRY. dag_id=dbt_transform, task_id=dbt_run, execution_date=20251108T103640, start_date=20251108T104142, end_date=20251108T104153
[2025-11-08T10:41:53.117+0000] {standard_task_runner.py:104} ERROR - Failed to execute job 102 for task dbt_run (Bash command failed. The command returned a non-zero exit code 2.; 2606)
[2025-11-08T10:41:53.156+0000] {local_task_job_runner.py:228} INFO - Task exited with return code 1
[2025-11-08T10:41:53.207+0000] {taskinstance.py:2776} INFO - 0 downstream tasks scheduled from follow-on schedule check
