[2025-11-08T16:50:50.960+0000] {taskinstance.py:1157} INFO - Dependencies all met for dep_context=non-requeueable deps ti=<TaskInstance: dbt_transform.dbt_run scheduled__2025-11-08T16:40:36.425820+00:00 [queued]>
[2025-11-08T16:50:50.972+0000] {taskinstance.py:1157} INFO - Dependencies all met for dep_context=requeueable deps ti=<TaskInstance: dbt_transform.dbt_run scheduled__2025-11-08T16:40:36.425820+00:00 [queued]>
[2025-11-08T16:50:50.973+0000] {taskinstance.py:1359} INFO - Starting attempt 2 of 2
[2025-11-08T16:50:50.993+0000] {taskinstance.py:1380} INFO - Executing <Task(BashOperator): dbt_run> on 2025-11-08 16:40:36.425820+00:00
[2025-11-08T16:50:51.004+0000] {standard_task_runner.py:57} INFO - Started process 10963 to run task
[2025-11-08T16:50:51.014+0000] {standard_task_runner.py:84} INFO - Running: ['***', 'tasks', 'run', 'dbt_transform', 'dbt_run', 'scheduled__2025-11-08T16:40:36.425820+00:00', '--job-id', '565', '--raw', '--subdir', 'DAGS_FOLDER/dbt_dag.py', '--cfg-path', '/tmp/tmpbjj7iosk']
[2025-11-08T16:50:51.020+0000] {standard_task_runner.py:85} INFO - Job 565: Subtask dbt_run
[2025-11-08T16:50:51.124+0000] {task_command.py:415} INFO - Running <TaskInstance: dbt_transform.dbt_run scheduled__2025-11-08T16:40:36.425820+00:00 [running]> on host 8ce966dfa5f8
[2025-11-08T16:50:51.232+0000] {taskinstance.py:1660} INFO - Exporting env vars: AIRFLOW_CTX_DAG_OWNER='***' AIRFLOW_CTX_DAG_ID='dbt_transform' AIRFLOW_CTX_TASK_ID='dbt_run' AIRFLOW_CTX_EXECUTION_DATE='2025-11-08T16:40:36.425820+00:00' AIRFLOW_CTX_TRY_NUMBER='2' AIRFLOW_CTX_DAG_RUN_ID='scheduled__2025-11-08T16:40:36.425820+00:00'
[2025-11-08T16:50:51.235+0000] {subprocess.py:63} INFO - Tmp dir root location: /tmp
[2025-11-08T16:50:51.236+0000] {subprocess.py:75} INFO - Running command: ['/bin/bash', '-c', 'docker exec dbt_***_project-dbt-1 dbt run']
[2025-11-08T16:50:51.256+0000] {subprocess.py:86} INFO - Output:
[2025-11-08T16:50:53.338+0000] {subprocess.py:93} INFO - [0m16:50:53  Running with dbt=1.8.7
[2025-11-08T16:50:53.880+0000] {subprocess.py:93} INFO - [0m16:50:53  Registered adapter: sqlserver=1.8.7
[2025-11-08T16:50:56.097+0000] {subprocess.py:93} INFO - [0m16:50:56  Found 10 models, 18 data tests, 13 sources, 614 macros
[2025-11-08T16:50:56.105+0000] {subprocess.py:93} INFO - [0m16:50:56
[2025-11-08T16:50:56.249+0000] {subprocess.py:93} INFO - [0m16:50:56
[2025-11-08T16:50:56.250+0000] {subprocess.py:93} INFO - [0m16:50:56  Finished running  in 0 hours 0 minutes and 0.14 seconds (0.14s).
[2025-11-08T16:50:56.252+0000] {subprocess.py:93} INFO - [0m16:50:56  Encountered an error:
[2025-11-08T16:50:56.253+0000] {subprocess.py:93} INFO - Database Error
[2025-11-08T16:50:56.253+0000] {subprocess.py:93} INFO -   ('28000', "[28000] [Microsoft][ODBC Driver 17 for SQL Server][SQL Server]Login failed for user 'imrandbtnew'. (18456) (SQLDriverConnect)")
[2025-11-08T16:50:57.908+0000] {subprocess.py:97} INFO - Command exited with return code 2
[2025-11-08T16:50:57.925+0000] {taskinstance.py:1935} ERROR - Task failed with exception
Traceback (most recent call last):
  File "/home/airflow/.local/lib/python3.9/site-packages/airflow/operators/bash.py", line 210, in execute
    raise AirflowException(
airflow.exceptions.AirflowException: Bash command failed. The command returned a non-zero exit code 2.
[2025-11-08T16:50:57.931+0000] {taskinstance.py:1398} INFO - Marking task as FAILED. dag_id=dbt_transform, task_id=dbt_run, execution_date=20251108T164036, start_date=20251108T165050, end_date=20251108T165057
[2025-11-08T16:50:57.958+0000] {standard_task_runner.py:104} ERROR - Failed to execute job 565 for task dbt_run (Bash command failed. The command returned a non-zero exit code 2.; 10963)
[2025-11-08T16:50:57.983+0000] {local_task_job_runner.py:228} INFO - Task exited with return code 1
[2025-11-08T16:50:58.012+0000] {taskinstance.py:2776} INFO - 0 downstream tasks scheduled from follow-on schedule check
