[2025-11-08T10:19:52.594+0000] {taskinstance.py:1157} INFO - Dependencies all met for dep_context=non-requeueable deps ti=<TaskInstance: dbt_transform.dbt_run scheduled__2025-11-08T10:14:49.920926+00:00 [queued]>
[2025-11-08T10:19:52.617+0000] {taskinstance.py:1157} INFO - Dependencies all met for dep_context=requeueable deps ti=<TaskInstance: dbt_transform.dbt_run scheduled__2025-11-08T10:14:49.920926+00:00 [queued]>
[2025-11-08T10:19:52.618+0000] {taskinstance.py:1359} INFO - Starting attempt 1 of 2
[2025-11-08T10:19:52.707+0000] {taskinstance.py:1380} INFO - Executing <Task(BashOperator): dbt_run> on 2025-11-08 10:14:49.920926+00:00
[2025-11-08T10:19:52.726+0000] {standard_task_runner.py:57} INFO - Started process 1859 to run task
[2025-11-08T10:19:52.733+0000] {standard_task_runner.py:84} INFO - Running: ['***', 'tasks', 'run', 'dbt_transform', 'dbt_run', 'scheduled__2025-11-08T10:14:49.920926+00:00', '--job-id', '62', '--raw', '--subdir', 'DAGS_FOLDER/dbt_dag.py', '--cfg-path', '/tmp/tmp8lezlnjq']
[2025-11-08T10:19:52.738+0000] {standard_task_runner.py:85} INFO - Job 62: Subtask dbt_run
[2025-11-08T10:19:52.879+0000] {task_command.py:415} INFO - Running <TaskInstance: dbt_transform.dbt_run scheduled__2025-11-08T10:14:49.920926+00:00 [running]> on host 8ce966dfa5f8
[2025-11-08T10:19:53.053+0000] {taskinstance.py:1660} INFO - Exporting env vars: AIRFLOW_CTX_DAG_OWNER='***' AIRFLOW_CTX_DAG_ID='dbt_transform' AIRFLOW_CTX_TASK_ID='dbt_run' AIRFLOW_CTX_EXECUTION_DATE='2025-11-08T10:14:49.920926+00:00' AIRFLOW_CTX_TRY_NUMBER='1' AIRFLOW_CTX_DAG_RUN_ID='scheduled__2025-11-08T10:14:49.920926+00:00'
[2025-11-08T10:19:53.058+0000] {subprocess.py:63} INFO - Tmp dir root location: /tmp
[2025-11-08T10:19:53.061+0000] {subprocess.py:75} INFO - Running command: ['/bin/bash', '-c', 'docker exec dbt_***_project-dbt-1 dbt run']
[2025-11-08T10:19:53.096+0000] {subprocess.py:86} INFO - Output:
[2025-11-08T10:19:56.718+0000] {subprocess.py:93} INFO - [0m10:19:56  Running with dbt=1.8.7
[2025-11-08T10:19:57.598+0000] {subprocess.py:93} INFO - [0m10:19:57  Registered adapter: sqlserver=1.8.7
[2025-11-08T10:20:00.857+0000] {subprocess.py:93} INFO - [0m10:20:00  Found 10 models, 18 data tests, 13 sources, 614 macros
[2025-11-08T10:20:00.869+0000] {subprocess.py:93} INFO - [0m10:20:00
[2025-11-08T10:20:01.050+0000] {subprocess.py:93} INFO - [0m10:20:01
[2025-11-08T10:20:01.052+0000] {subprocess.py:93} INFO - [0m10:20:01  Finished running  in 0 hours 0 minutes and 0.18 seconds (0.18s).
[2025-11-08T10:20:01.055+0000] {subprocess.py:93} INFO - [0m10:20:01  Encountered an error:
[2025-11-08T10:20:01.057+0000] {subprocess.py:93} INFO - Database Error
[2025-11-08T10:20:01.057+0000] {subprocess.py:93} INFO -   ('28000', "[28000] [Microsoft][ODBC Driver 17 for SQL Server][SQL Server]Login failed for user 'imrandbtnew'. (18456) (SQLDriverConnect)")
[2025-11-08T10:20:02.972+0000] {subprocess.py:97} INFO - Command exited with return code 2
[2025-11-08T10:20:02.995+0000] {taskinstance.py:1935} ERROR - Task failed with exception
Traceback (most recent call last):
  File "/home/airflow/.local/lib/python3.9/site-packages/airflow/operators/bash.py", line 210, in execute
    raise AirflowException(
airflow.exceptions.AirflowException: Bash command failed. The command returned a non-zero exit code 2.
[2025-11-08T10:20:03.005+0000] {taskinstance.py:1398} INFO - Marking task as UP_FOR_RETRY. dag_id=dbt_transform, task_id=dbt_run, execution_date=20251108T101449, start_date=20251108T101952, end_date=20251108T102003
[2025-11-08T10:20:03.032+0000] {standard_task_runner.py:104} ERROR - Failed to execute job 62 for task dbt_run (Bash command failed. The command returned a non-zero exit code 2.; 1859)
[2025-11-08T10:20:03.074+0000] {local_task_job_runner.py:228} INFO - Task exited with return code 1
[2025-11-08T10:20:03.119+0000] {taskinstance.py:2776} INFO - 0 downstream tasks scheduled from follow-on schedule check
