[2025-11-08T15:03:27.271+0000] {taskinstance.py:1157} INFO - Dependencies all met for dep_context=non-requeueable deps ti=<TaskInstance: dbt_transform.dbt_run scheduled__2025-11-08T14:53:17.850422+00:00 [queued]>
[2025-11-08T15:03:27.283+0000] {taskinstance.py:1157} INFO - Dependencies all met for dep_context=requeueable deps ti=<TaskInstance: dbt_transform.dbt_run scheduled__2025-11-08T14:53:17.850422+00:00 [queued]>
[2025-11-08T15:03:27.284+0000] {taskinstance.py:1359} INFO - Starting attempt 2 of 2
[2025-11-08T15:03:27.310+0000] {taskinstance.py:1380} INFO - Executing <Task(BashOperator): dbt_run> on 2025-11-08 14:53:17.850422+00:00
[2025-11-08T15:03:27.325+0000] {standard_task_runner.py:57} INFO - Started process 7444 to run task
[2025-11-08T15:03:27.329+0000] {standard_task_runner.py:84} INFO - Running: ['***', 'tasks', 'run', 'dbt_transform', 'dbt_run', 'scheduled__2025-11-08T14:53:17.850422+00:00', '--job-id', '381', '--raw', '--subdir', 'DAGS_FOLDER/dbt_dag.py', '--cfg-path', '/tmp/tmpct3kyafp']
[2025-11-08T15:03:27.333+0000] {standard_task_runner.py:85} INFO - Job 381: Subtask dbt_run
[2025-11-08T15:03:27.436+0000] {task_command.py:415} INFO - Running <TaskInstance: dbt_transform.dbt_run scheduled__2025-11-08T14:53:17.850422+00:00 [running]> on host 8ce966dfa5f8
[2025-11-08T15:03:27.568+0000] {taskinstance.py:1660} INFO - Exporting env vars: AIRFLOW_CTX_DAG_OWNER='***' AIRFLOW_CTX_DAG_ID='dbt_transform' AIRFLOW_CTX_TASK_ID='dbt_run' AIRFLOW_CTX_EXECUTION_DATE='2025-11-08T14:53:17.850422+00:00' AIRFLOW_CTX_TRY_NUMBER='2' AIRFLOW_CTX_DAG_RUN_ID='scheduled__2025-11-08T14:53:17.850422+00:00'
[2025-11-08T15:03:27.572+0000] {subprocess.py:63} INFO - Tmp dir root location: /tmp
[2025-11-08T15:03:27.575+0000] {subprocess.py:75} INFO - Running command: ['/bin/bash', '-c', 'docker exec dbt_***_project-dbt-1 dbt run']
[2025-11-08T15:03:27.599+0000] {subprocess.py:86} INFO - Output:
[2025-11-08T15:03:30.559+0000] {subprocess.py:93} INFO - [0m15:03:30  Running with dbt=1.8.7
[2025-11-08T15:03:31.215+0000] {subprocess.py:93} INFO - [0m15:03:31  Registered adapter: sqlserver=1.8.7
[2025-11-08T15:03:33.718+0000] {subprocess.py:93} INFO - [0m15:03:33  Found 10 models, 18 data tests, 13 sources, 614 macros
[2025-11-08T15:03:33.725+0000] {subprocess.py:93} INFO - [0m15:03:33
[2025-11-08T15:03:33.874+0000] {subprocess.py:93} INFO - [0m15:03:33
[2025-11-08T15:03:33.875+0000] {subprocess.py:93} INFO - [0m15:03:33  Finished running  in 0 hours 0 minutes and 0.15 seconds (0.15s).
[2025-11-08T15:03:33.877+0000] {subprocess.py:93} INFO - [0m15:03:33  Encountered an error:
[2025-11-08T15:03:33.878+0000] {subprocess.py:93} INFO - Database Error
[2025-11-08T15:03:33.878+0000] {subprocess.py:93} INFO -   ('28000', "[28000] [Microsoft][ODBC Driver 17 for SQL Server][SQL Server]Login failed for user 'imrandbtnew'. (18456) (SQLDriverConnect)")
[2025-11-08T15:03:35.703+0000] {subprocess.py:97} INFO - Command exited with return code 2
[2025-11-08T15:03:35.721+0000] {taskinstance.py:1935} ERROR - Task failed with exception
Traceback (most recent call last):
  File "/home/airflow/.local/lib/python3.9/site-packages/airflow/operators/bash.py", line 210, in execute
    raise AirflowException(
airflow.exceptions.AirflowException: Bash command failed. The command returned a non-zero exit code 2.
[2025-11-08T15:03:35.728+0000] {taskinstance.py:1398} INFO - Marking task as FAILED. dag_id=dbt_transform, task_id=dbt_run, execution_date=20251108T145317, start_date=20251108T150327, end_date=20251108T150335
[2025-11-08T15:03:35.754+0000] {standard_task_runner.py:104} ERROR - Failed to execute job 381 for task dbt_run (Bash command failed. The command returned a non-zero exit code 2.; 7444)
[2025-11-08T15:03:35.793+0000] {local_task_job_runner.py:228} INFO - Task exited with return code 1
[2025-11-08T15:03:35.830+0000] {taskinstance.py:2776} INFO - 0 downstream tasks scheduled from follow-on schedule check
