[2025-11-08T13:41:40.564+0000] {taskinstance.py:1157} INFO - Dependencies all met for dep_context=non-requeueable deps ti=<TaskInstance: dbt_transform.dbt_run scheduled__2025-11-08T11:31:00.431067+00:00 [queued]>
[2025-11-08T13:41:40.606+0000] {taskinstance.py:1157} INFO - Dependencies all met for dep_context=requeueable deps ti=<TaskInstance: dbt_transform.dbt_run scheduled__2025-11-08T11:31:00.431067+00:00 [queued]>
[2025-11-08T13:41:40.614+0000] {taskinstance.py:1359} INFO - Starting attempt 2 of 2
[2025-11-08T13:41:40.700+0000] {taskinstance.py:1380} INFO - Executing <Task(BashOperator): dbt_run> on 2025-11-08 11:31:00.431067+00:00
[2025-11-08T13:41:40.754+0000] {standard_task_runner.py:57} INFO - Started process 3874 to run task
[2025-11-08T13:41:40.796+0000] {standard_task_runner.py:84} INFO - Running: ['***', 'tasks', 'run', 'dbt_transform', 'dbt_run', 'scheduled__2025-11-08T11:31:00.431067+00:00', '--job-id', '167', '--raw', '--subdir', 'DAGS_FOLDER/dbt_dag.py', '--cfg-path', '/tmp/tmpyectpkq9']
[2025-11-08T13:41:40.844+0000] {standard_task_runner.py:85} INFO - Job 167: Subtask dbt_run
[2025-11-08T13:41:41.235+0000] {task_command.py:415} INFO - Running <TaskInstance: dbt_transform.dbt_run scheduled__2025-11-08T11:31:00.431067+00:00 [running]> on host 8ce966dfa5f8
[2025-11-08T13:41:42.554+0000] {taskinstance.py:1660} INFO - Exporting env vars: AIRFLOW_CTX_DAG_OWNER='***' AIRFLOW_CTX_DAG_ID='dbt_transform' AIRFLOW_CTX_TASK_ID='dbt_run' AIRFLOW_CTX_EXECUTION_DATE='2025-11-08T11:31:00.431067+00:00' AIRFLOW_CTX_TRY_NUMBER='2' AIRFLOW_CTX_DAG_RUN_ID='scheduled__2025-11-08T11:31:00.431067+00:00'
[2025-11-08T13:41:42.563+0000] {subprocess.py:63} INFO - Tmp dir root location: /tmp
[2025-11-08T13:41:42.581+0000] {subprocess.py:75} INFO - Running command: ['/bin/bash', '-c', 'docker exec dbt_***_project-dbt-1 dbt run']
[2025-11-08T13:41:42.665+0000] {subprocess.py:86} INFO - Output:
[2025-11-08T13:41:52.649+0000] {subprocess.py:93} INFO - [0m13:41:52  Running with dbt=1.8.7
[2025-11-08T13:41:54.670+0000] {subprocess.py:93} INFO - [0m13:41:54  Registered adapter: sqlserver=1.8.7
[2025-11-08T13:42:07.131+0000] {subprocess.py:93} INFO - [0m13:42:07  Found 10 models, 18 data tests, 13 sources, 614 macros
[2025-11-08T13:42:07.155+0000] {subprocess.py:93} INFO - [0m13:42:07
[2025-11-08T13:42:07.544+0000] {subprocess.py:93} INFO - [0m13:42:07
[2025-11-08T13:42:07.546+0000] {subprocess.py:93} INFO - [0m13:42:07  Finished running  in 0 hours 0 minutes and 0.36 seconds (0.36s).
[2025-11-08T13:42:07.547+0000] {subprocess.py:93} INFO - [0m13:42:07  Encountered an error:
[2025-11-08T13:42:07.548+0000] {subprocess.py:93} INFO - Database Error
[2025-11-08T13:42:07.550+0000] {subprocess.py:93} INFO -   ('28000', "[28000] [Microsoft][ODBC Driver 17 for SQL Server][SQL Server]Login failed for user 'imrandbtnew'. (18456) (SQLDriverConnect)")
[2025-11-08T13:42:10.230+0000] {subprocess.py:97} INFO - Command exited with return code 2
[2025-11-08T13:42:10.282+0000] {taskinstance.py:1935} ERROR - Task failed with exception
Traceback (most recent call last):
  File "/home/airflow/.local/lib/python3.9/site-packages/airflow/operators/bash.py", line 210, in execute
    raise AirflowException(
airflow.exceptions.AirflowException: Bash command failed. The command returned a non-zero exit code 2.
[2025-11-08T13:42:10.301+0000] {taskinstance.py:1398} INFO - Marking task as FAILED. dag_id=dbt_transform, task_id=dbt_run, execution_date=20251108T113100, start_date=20251108T134140, end_date=20251108T134210
[2025-11-08T13:42:10.342+0000] {standard_task_runner.py:104} ERROR - Failed to execute job 167 for task dbt_run (Bash command failed. The command returned a non-zero exit code 2.; 3874)
[2025-11-08T13:42:10.417+0000] {local_task_job_runner.py:228} INFO - Task exited with return code 1
[2025-11-08T13:42:10.477+0000] {taskinstance.py:2776} INFO - 0 downstream tasks scheduled from follow-on schedule check
