[2025-11-08T13:41:45.764+0000] {taskinstance.py:1157} INFO - Dependencies all met for dep_context=non-requeueable deps ti=<TaskInstance: dbt_transform.dbt_run scheduled__2025-11-08T13:20:02.426038+00:00 [queued]>
[2025-11-08T13:41:45.864+0000] {taskinstance.py:1157} INFO - Dependencies all met for dep_context=requeueable deps ti=<TaskInstance: dbt_transform.dbt_run scheduled__2025-11-08T13:20:02.426038+00:00 [queued]>
[2025-11-08T13:41:45.898+0000] {taskinstance.py:1359} INFO - Starting attempt 1 of 2
[2025-11-08T13:41:46.358+0000] {taskinstance.py:1380} INFO - Executing <Task(BashOperator): dbt_run> on 2025-11-08 13:20:02.426038+00:00
[2025-11-08T13:41:46.431+0000] {standard_task_runner.py:57} INFO - Started process 3911 to run task
[2025-11-08T13:41:46.447+0000] {standard_task_runner.py:84} INFO - Running: ['***', 'tasks', 'run', 'dbt_transform', 'dbt_run', 'scheduled__2025-11-08T13:20:02.426038+00:00', '--job-id', '171', '--raw', '--subdir', 'DAGS_FOLDER/dbt_dag.py', '--cfg-path', '/tmp/tmpdgietens']
[2025-11-08T13:41:46.565+0000] {standard_task_runner.py:85} INFO - Job 171: Subtask dbt_run
[2025-11-08T13:41:47.924+0000] {task_command.py:415} INFO - Running <TaskInstance: dbt_transform.dbt_run scheduled__2025-11-08T13:20:02.426038+00:00 [running]> on host 8ce966dfa5f8
[2025-11-08T13:41:48.943+0000] {taskinstance.py:1660} INFO - Exporting env vars: AIRFLOW_CTX_DAG_OWNER='***' AIRFLOW_CTX_DAG_ID='dbt_transform' AIRFLOW_CTX_TASK_ID='dbt_run' AIRFLOW_CTX_EXECUTION_DATE='2025-11-08T13:20:02.426038+00:00' AIRFLOW_CTX_TRY_NUMBER='1' AIRFLOW_CTX_DAG_RUN_ID='scheduled__2025-11-08T13:20:02.426038+00:00'
[2025-11-08T13:41:48.967+0000] {subprocess.py:63} INFO - Tmp dir root location: /tmp
[2025-11-08T13:41:48.986+0000] {subprocess.py:75} INFO - Running command: ['/bin/bash', '-c', 'docker exec dbt_***_project-dbt-1 dbt run']
[2025-11-08T13:41:49.181+0000] {subprocess.py:86} INFO - Output:
[2025-11-08T13:42:01.644+0000] {subprocess.py:93} INFO - [0m13:42:01  Running with dbt=1.8.7
[2025-11-08T13:42:04.615+0000] {subprocess.py:93} INFO - [0m13:42:04  Registered adapter: sqlserver=1.8.7
[2025-11-08T13:42:10.229+0000] {subprocess.py:93} INFO - [0m13:42:10  Found 10 models, 18 data tests, 13 sources, 614 macros
[2025-11-08T13:42:10.238+0000] {subprocess.py:93} INFO - [0m13:42:10
[2025-11-08T13:42:10.668+0000] {subprocess.py:93} INFO - [0m13:42:10
[2025-11-08T13:42:10.673+0000] {subprocess.py:93} INFO - [0m13:42:10  Finished running  in 0 hours 0 minutes and 0.42 seconds (0.42s).
[2025-11-08T13:42:10.680+0000] {subprocess.py:93} INFO - [0m13:42:10  Encountered an error:
[2025-11-08T13:42:10.681+0000] {subprocess.py:93} INFO - Database Error
[2025-11-08T13:42:10.681+0000] {subprocess.py:93} INFO -   ('28000', "[28000] [Microsoft][ODBC Driver 17 for SQL Server][SQL Server]Login failed for user 'imrandbtnew'. (18456) (SQLDriverConnect)")
[2025-11-08T13:42:12.814+0000] {subprocess.py:97} INFO - Command exited with return code 2
[2025-11-08T13:42:12.840+0000] {taskinstance.py:1935} ERROR - Task failed with exception
Traceback (most recent call last):
  File "/home/airflow/.local/lib/python3.9/site-packages/airflow/operators/bash.py", line 210, in execute
    raise AirflowException(
airflow.exceptions.AirflowException: Bash command failed. The command returned a non-zero exit code 2.
[2025-11-08T13:42:12.850+0000] {taskinstance.py:1398} INFO - Marking task as UP_FOR_RETRY. dag_id=dbt_transform, task_id=dbt_run, execution_date=20251108T132002, start_date=20251108T134145, end_date=20251108T134212
[2025-11-08T13:42:12.890+0000] {standard_task_runner.py:104} ERROR - Failed to execute job 171 for task dbt_run (Bash command failed. The command returned a non-zero exit code 2.; 3911)
[2025-11-08T13:42:12.934+0000] {local_task_job_runner.py:228} INFO - Task exited with return code 1
[2025-11-08T13:42:13.069+0000] {taskinstance.py:2776} INFO - 0 downstream tasks scheduled from follow-on schedule check
