[2025-11-08T10:19:56.442+0000] {taskinstance.py:1157} INFO - Dependencies all met for dep_context=non-requeueable deps ti=<TaskInstance: dbt_transform.dbt_run scheduled__2025-11-08T10:14:53.779625+00:00 [queued]>
[2025-11-08T10:19:56.461+0000] {taskinstance.py:1157} INFO - Dependencies all met for dep_context=requeueable deps ti=<TaskInstance: dbt_transform.dbt_run scheduled__2025-11-08T10:14:53.779625+00:00 [queued]>
[2025-11-08T10:19:56.463+0000] {taskinstance.py:1359} INFO - Starting attempt 1 of 2
[2025-11-08T10:19:56.494+0000] {taskinstance.py:1380} INFO - Executing <Task(BashOperator): dbt_run> on 2025-11-08 10:14:53.779625+00:00
[2025-11-08T10:19:56.509+0000] {standard_task_runner.py:57} INFO - Started process 1873 to run task
[2025-11-08T10:19:56.517+0000] {standard_task_runner.py:84} INFO - Running: ['***', 'tasks', 'run', 'dbt_transform', 'dbt_run', 'scheduled__2025-11-08T10:14:53.779625+00:00', '--job-id', '63', '--raw', '--subdir', 'DAGS_FOLDER/dbt_dag.py', '--cfg-path', '/tmp/tmpstacjrn3']
[2025-11-08T10:19:56.525+0000] {standard_task_runner.py:85} INFO - Job 63: Subtask dbt_run
[2025-11-08T10:19:56.675+0000] {task_command.py:415} INFO - Running <TaskInstance: dbt_transform.dbt_run scheduled__2025-11-08T10:14:53.779625+00:00 [running]> on host 8ce966dfa5f8
[2025-11-08T10:19:56.867+0000] {taskinstance.py:1660} INFO - Exporting env vars: AIRFLOW_CTX_DAG_OWNER='***' AIRFLOW_CTX_DAG_ID='dbt_transform' AIRFLOW_CTX_TASK_ID='dbt_run' AIRFLOW_CTX_EXECUTION_DATE='2025-11-08T10:14:53.779625+00:00' AIRFLOW_CTX_TRY_NUMBER='1' AIRFLOW_CTX_DAG_RUN_ID='scheduled__2025-11-08T10:14:53.779625+00:00'
[2025-11-08T10:19:56.873+0000] {subprocess.py:63} INFO - Tmp dir root location: /tmp
[2025-11-08T10:19:56.877+0000] {subprocess.py:75} INFO - Running command: ['/bin/bash', '-c', 'docker exec dbt_***_project-dbt-1 dbt run']
[2025-11-08T10:19:56.911+0000] {subprocess.py:86} INFO - Output:
[2025-11-08T10:20:00.610+0000] {subprocess.py:93} INFO - [0m10:20:00  Running with dbt=1.8.7
[2025-11-08T10:20:01.399+0000] {subprocess.py:93} INFO - [0m10:20:01  Registered adapter: sqlserver=1.8.7
[2025-11-08T10:20:04.936+0000] {subprocess.py:93} INFO - [0m10:20:04  Found 10 models, 18 data tests, 13 sources, 614 macros
[2025-11-08T10:20:04.945+0000] {subprocess.py:93} INFO - [0m10:20:04
[2025-11-08T10:20:05.159+0000] {subprocess.py:93} INFO - [0m10:20:05
[2025-11-08T10:20:05.160+0000] {subprocess.py:93} INFO - [0m10:20:05  Finished running  in 0 hours 0 minutes and 0.21 seconds (0.21s).
[2025-11-08T10:20:05.164+0000] {subprocess.py:93} INFO - [0m10:20:05  Encountered an error:
[2025-11-08T10:20:05.165+0000] {subprocess.py:93} INFO - Database Error
[2025-11-08T10:20:05.165+0000] {subprocess.py:93} INFO -   ('28000', "[28000] [Microsoft][ODBC Driver 17 for SQL Server][SQL Server]Login failed for user 'imrandbtnew'. (18456) (SQLDriverConnect)")
[2025-11-08T10:20:07.176+0000] {subprocess.py:97} INFO - Command exited with return code 2
[2025-11-08T10:20:07.208+0000] {taskinstance.py:1935} ERROR - Task failed with exception
Traceback (most recent call last):
  File "/home/airflow/.local/lib/python3.9/site-packages/airflow/operators/bash.py", line 210, in execute
    raise AirflowException(
airflow.exceptions.AirflowException: Bash command failed. The command returned a non-zero exit code 2.
[2025-11-08T10:20:07.219+0000] {taskinstance.py:1398} INFO - Marking task as UP_FOR_RETRY. dag_id=dbt_transform, task_id=dbt_run, execution_date=20251108T101453, start_date=20251108T101956, end_date=20251108T102007
[2025-11-08T10:20:07.261+0000] {standard_task_runner.py:104} ERROR - Failed to execute job 63 for task dbt_run (Bash command failed. The command returned a non-zero exit code 2.; 1873)
[2025-11-08T10:20:07.312+0000] {local_task_job_runner.py:228} INFO - Task exited with return code 1
[2025-11-08T10:20:07.439+0000] {taskinstance.py:2776} INFO - 0 downstream tasks scheduled from follow-on schedule check
