[2025-11-08T10:25:08.975+0000] {taskinstance.py:1157} INFO - Dependencies all met for dep_context=non-requeueable deps ti=<TaskInstance: dbt_transform.dbt_run scheduled__2025-11-08T10:14:53.779625+00:00 [queued]>
[2025-11-08T10:25:08.988+0000] {taskinstance.py:1157} INFO - Dependencies all met for dep_context=requeueable deps ti=<TaskInstance: dbt_transform.dbt_run scheduled__2025-11-08T10:14:53.779625+00:00 [queued]>
[2025-11-08T10:25:08.990+0000] {taskinstance.py:1359} INFO - Starting attempt 2 of 2
[2025-11-08T10:25:09.019+0000] {taskinstance.py:1380} INFO - Executing <Task(BashOperator): dbt_run> on 2025-11-08 10:14:53.779625+00:00
[2025-11-08T10:25:09.049+0000] {standard_task_runner.py:57} INFO - Started process 2003 to run task
[2025-11-08T10:25:09.054+0000] {standard_task_runner.py:84} INFO - Running: ['***', 'tasks', 'run', 'dbt_transform', 'dbt_run', 'scheduled__2025-11-08T10:14:53.779625+00:00', '--job-id', '69', '--raw', '--subdir', 'DAGS_FOLDER/dbt_dag.py', '--cfg-path', '/tmp/tmp5462u2jg']
[2025-11-08T10:25:09.059+0000] {standard_task_runner.py:85} INFO - Job 69: Subtask dbt_run
[2025-11-08T10:25:09.185+0000] {task_command.py:415} INFO - Running <TaskInstance: dbt_transform.dbt_run scheduled__2025-11-08T10:14:53.779625+00:00 [running]> on host 8ce966dfa5f8
[2025-11-08T10:25:09.341+0000] {taskinstance.py:1660} INFO - Exporting env vars: AIRFLOW_CTX_DAG_OWNER='***' AIRFLOW_CTX_DAG_ID='dbt_transform' AIRFLOW_CTX_TASK_ID='dbt_run' AIRFLOW_CTX_EXECUTION_DATE='2025-11-08T10:14:53.779625+00:00' AIRFLOW_CTX_TRY_NUMBER='2' AIRFLOW_CTX_DAG_RUN_ID='scheduled__2025-11-08T10:14:53.779625+00:00'
[2025-11-08T10:25:09.343+0000] {subprocess.py:63} INFO - Tmp dir root location: /tmp
[2025-11-08T10:25:09.346+0000] {subprocess.py:75} INFO - Running command: ['/bin/bash', '-c', 'docker exec dbt_***_project-dbt-1 dbt run']
[2025-11-08T10:25:09.373+0000] {subprocess.py:86} INFO - Output:
[2025-11-08T10:25:13.171+0000] {subprocess.py:93} INFO - [0m10:25:13  Running with dbt=1.8.7
[2025-11-08T10:25:14.051+0000] {subprocess.py:93} INFO - [0m10:25:14  Registered adapter: sqlserver=1.8.7
[2025-11-08T10:25:17.148+0000] {subprocess.py:93} INFO - [0m10:25:17  Found 10 models, 18 data tests, 13 sources, 614 macros
[2025-11-08T10:25:17.160+0000] {subprocess.py:93} INFO - [0m10:25:17
[2025-11-08T10:25:17.377+0000] {subprocess.py:93} INFO - [0m10:25:17
[2025-11-08T10:25:17.379+0000] {subprocess.py:93} INFO - [0m10:25:17  Finished running  in 0 hours 0 minutes and 0.21 seconds (0.21s).
[2025-11-08T10:25:17.387+0000] {subprocess.py:93} INFO - [0m10:25:17  Encountered an error:
[2025-11-08T10:25:17.388+0000] {subprocess.py:93} INFO - Database Error
[2025-11-08T10:25:17.389+0000] {subprocess.py:93} INFO -   ('28000', "[28000] [Microsoft][ODBC Driver 17 for SQL Server][SQL Server]Login failed for user 'imrandbtnew'. (18456) (SQLDriverConnect)")
[2025-11-08T10:25:19.256+0000] {subprocess.py:97} INFO - Command exited with return code 2
[2025-11-08T10:25:19.281+0000] {taskinstance.py:1935} ERROR - Task failed with exception
Traceback (most recent call last):
  File "/home/airflow/.local/lib/python3.9/site-packages/airflow/operators/bash.py", line 210, in execute
    raise AirflowException(
airflow.exceptions.AirflowException: Bash command failed. The command returned a non-zero exit code 2.
[2025-11-08T10:25:19.289+0000] {taskinstance.py:1398} INFO - Marking task as FAILED. dag_id=dbt_transform, task_id=dbt_run, execution_date=20251108T101453, start_date=20251108T102508, end_date=20251108T102519
[2025-11-08T10:25:19.365+0000] {standard_task_runner.py:104} ERROR - Failed to execute job 69 for task dbt_run (Bash command failed. The command returned a non-zero exit code 2.; 2003)
[2025-11-08T10:25:19.394+0000] {local_task_job_runner.py:228} INFO - Task exited with return code 1
[2025-11-08T10:25:19.434+0000] {taskinstance.py:2776} INFO - 0 downstream tasks scheduled from follow-on schedule check
