[2025-11-08T15:46:25.605+0000] {taskinstance.py:1157} INFO - Dependencies all met for dep_context=non-requeueable deps ti=<TaskInstance: dbt_transform.dbt_run scheduled__2025-11-08T15:41:24.158371+00:00 [queued]>
[2025-11-08T15:46:25.624+0000] {taskinstance.py:1157} INFO - Dependencies all met for dep_context=requeueable deps ti=<TaskInstance: dbt_transform.dbt_run scheduled__2025-11-08T15:41:24.158371+00:00 [queued]>
[2025-11-08T15:46:25.625+0000] {taskinstance.py:1359} INFO - Starting attempt 1 of 2
[2025-11-08T15:46:25.650+0000] {taskinstance.py:1380} INFO - Executing <Task(BashOperator): dbt_run> on 2025-11-08 15:41:24.158371+00:00
[2025-11-08T15:46:25.667+0000] {standard_task_runner.py:57} INFO - Started process 8952 to run task
[2025-11-08T15:46:25.673+0000] {standard_task_runner.py:84} INFO - Running: ['***', 'tasks', 'run', 'dbt_transform', 'dbt_run', 'scheduled__2025-11-08T15:41:24.158371+00:00', '--job-id', '463', '--raw', '--subdir', 'DAGS_FOLDER/dbt_dag.py', '--cfg-path', '/tmp/tmpdl_fahj6']
[2025-11-08T15:46:25.679+0000] {standard_task_runner.py:85} INFO - Job 463: Subtask dbt_run
[2025-11-08T15:46:25.800+0000] {task_command.py:415} INFO - Running <TaskInstance: dbt_transform.dbt_run scheduled__2025-11-08T15:41:24.158371+00:00 [running]> on host 8ce966dfa5f8
[2025-11-08T15:46:25.995+0000] {taskinstance.py:1660} INFO - Exporting env vars: AIRFLOW_CTX_DAG_OWNER='***' AIRFLOW_CTX_DAG_ID='dbt_transform' AIRFLOW_CTX_TASK_ID='dbt_run' AIRFLOW_CTX_EXECUTION_DATE='2025-11-08T15:41:24.158371+00:00' AIRFLOW_CTX_TRY_NUMBER='1' AIRFLOW_CTX_DAG_RUN_ID='scheduled__2025-11-08T15:41:24.158371+00:00'
[2025-11-08T15:46:26.001+0000] {subprocess.py:63} INFO - Tmp dir root location: /tmp
[2025-11-08T15:46:26.005+0000] {subprocess.py:75} INFO - Running command: ['/bin/bash', '-c', 'docker exec dbt_***_project-dbt-1 dbt run']
[2025-11-08T15:46:26.040+0000] {subprocess.py:86} INFO - Output:
[2025-11-08T15:46:29.385+0000] {subprocess.py:93} INFO - [0m15:46:29  Running with dbt=1.8.7
[2025-11-08T15:46:30.134+0000] {subprocess.py:93} INFO - [0m15:46:30  Registered adapter: sqlserver=1.8.7
[2025-11-08T15:46:32.379+0000] {subprocess.py:93} INFO - [0m15:46:32  Found 10 models, 18 data tests, 13 sources, 614 macros
[2025-11-08T15:46:32.389+0000] {subprocess.py:93} INFO - [0m15:46:32
[2025-11-08T15:46:32.568+0000] {subprocess.py:93} INFO - [0m15:46:32
[2025-11-08T15:46:32.569+0000] {subprocess.py:93} INFO - [0m15:46:32  Finished running  in 0 hours 0 minutes and 0.18 seconds (0.18s).
[2025-11-08T15:46:32.572+0000] {subprocess.py:93} INFO - [0m15:46:32  Encountered an error:
[2025-11-08T15:46:32.573+0000] {subprocess.py:93} INFO - Database Error
[2025-11-08T15:46:32.574+0000] {subprocess.py:93} INFO -   ('28000', "[28000] [Microsoft][ODBC Driver 17 for SQL Server][SQL Server]Login failed for user 'imrandbtnew'. (18456) (SQLDriverConnect)")
[2025-11-08T15:46:34.535+0000] {subprocess.py:97} INFO - Command exited with return code 2
[2025-11-08T15:46:34.565+0000] {taskinstance.py:1935} ERROR - Task failed with exception
Traceback (most recent call last):
  File "/home/airflow/.local/lib/python3.9/site-packages/airflow/operators/bash.py", line 210, in execute
    raise AirflowException(
airflow.exceptions.AirflowException: Bash command failed. The command returned a non-zero exit code 2.
[2025-11-08T15:46:34.573+0000] {taskinstance.py:1398} INFO - Marking task as UP_FOR_RETRY. dag_id=dbt_transform, task_id=dbt_run, execution_date=20251108T154124, start_date=20251108T154625, end_date=20251108T154634
[2025-11-08T15:46:34.607+0000] {standard_task_runner.py:104} ERROR - Failed to execute job 463 for task dbt_run (Bash command failed. The command returned a non-zero exit code 2.; 8952)
[2025-11-08T15:46:34.670+0000] {local_task_job_runner.py:228} INFO - Task exited with return code 1
[2025-11-08T15:46:34.705+0000] {taskinstance.py:2776} INFO - 0 downstream tasks scheduled from follow-on schedule check
