[2025-11-08T14:30:57.780+0000] {taskinstance.py:1157} INFO - Dependencies all met for dep_context=non-requeueable deps ti=<TaskInstance: dbt_transform.dbt_run scheduled__2025-11-08T14:20:41.791874+00:00 [queued]>
[2025-11-08T14:30:57.799+0000] {taskinstance.py:1157} INFO - Dependencies all met for dep_context=requeueable deps ti=<TaskInstance: dbt_transform.dbt_run scheduled__2025-11-08T14:20:41.791874+00:00 [queued]>
[2025-11-08T14:30:57.800+0000] {taskinstance.py:1359} INFO - Starting attempt 2 of 2
[2025-11-08T14:30:57.836+0000] {taskinstance.py:1380} INFO - Executing <Task(BashOperator): dbt_run> on 2025-11-08 14:20:41.791874+00:00
[2025-11-08T14:30:57.856+0000] {standard_task_runner.py:57} INFO - Started process 6056 to run task
[2025-11-08T14:30:57.862+0000] {standard_task_runner.py:84} INFO - Running: ['***', 'tasks', 'run', 'dbt_transform', 'dbt_run', 'scheduled__2025-11-08T14:20:41.791874+00:00', '--job-id', '299', '--raw', '--subdir', 'DAGS_FOLDER/dbt_dag.py', '--cfg-path', '/tmp/tmp1nma5mog']
[2025-11-08T14:30:57.868+0000] {standard_task_runner.py:85} INFO - Job 299: Subtask dbt_run
[2025-11-08T14:30:58.024+0000] {task_command.py:415} INFO - Running <TaskInstance: dbt_transform.dbt_run scheduled__2025-11-08T14:20:41.791874+00:00 [running]> on host 8ce966dfa5f8
[2025-11-08T14:30:58.212+0000] {taskinstance.py:1660} INFO - Exporting env vars: AIRFLOW_CTX_DAG_OWNER='***' AIRFLOW_CTX_DAG_ID='dbt_transform' AIRFLOW_CTX_TASK_ID='dbt_run' AIRFLOW_CTX_EXECUTION_DATE='2025-11-08T14:20:41.791874+00:00' AIRFLOW_CTX_TRY_NUMBER='2' AIRFLOW_CTX_DAG_RUN_ID='scheduled__2025-11-08T14:20:41.791874+00:00'
[2025-11-08T14:30:58.215+0000] {subprocess.py:63} INFO - Tmp dir root location: /tmp
[2025-11-08T14:30:58.218+0000] {subprocess.py:75} INFO - Running command: ['/bin/bash', '-c', 'docker exec dbt_***_project-dbt-1 dbt run']
[2025-11-08T14:30:58.256+0000] {subprocess.py:86} INFO - Output:
[2025-11-08T14:31:02.685+0000] {subprocess.py:93} INFO - [0m14:31:02  Running with dbt=1.8.7
[2025-11-08T14:31:03.602+0000] {subprocess.py:93} INFO - [0m14:31:03  Registered adapter: sqlserver=1.8.7
[2025-11-08T14:31:07.535+0000] {subprocess.py:93} INFO - [0m14:31:07  Found 10 models, 18 data tests, 13 sources, 614 macros
[2025-11-08T14:31:07.546+0000] {subprocess.py:93} INFO - [0m14:31:07
[2025-11-08T14:31:07.787+0000] {subprocess.py:93} INFO - [0m14:31:07
[2025-11-08T14:31:07.789+0000] {subprocess.py:93} INFO - [0m14:31:07  Finished running  in 0 hours 0 minutes and 0.24 seconds (0.24s).
[2025-11-08T14:31:07.792+0000] {subprocess.py:93} INFO - [0m14:31:07  Encountered an error:
[2025-11-08T14:31:07.793+0000] {subprocess.py:93} INFO - Database Error
[2025-11-08T14:31:07.794+0000] {subprocess.py:93} INFO -   ('28000', "[28000] [Microsoft][ODBC Driver 17 for SQL Server][SQL Server]Login failed for user 'imrandbtnew'. (18456) (SQLDriverConnect)")
[2025-11-08T14:31:09.986+0000] {subprocess.py:97} INFO - Command exited with return code 2
[2025-11-08T14:31:10.014+0000] {taskinstance.py:1935} ERROR - Task failed with exception
Traceback (most recent call last):
  File "/home/airflow/.local/lib/python3.9/site-packages/airflow/operators/bash.py", line 210, in execute
    raise AirflowException(
airflow.exceptions.AirflowException: Bash command failed. The command returned a non-zero exit code 2.
[2025-11-08T14:31:10.023+0000] {taskinstance.py:1398} INFO - Marking task as FAILED. dag_id=dbt_transform, task_id=dbt_run, execution_date=20251108T142041, start_date=20251108T143057, end_date=20251108T143110
[2025-11-08T14:31:10.057+0000] {standard_task_runner.py:104} ERROR - Failed to execute job 299 for task dbt_run (Bash command failed. The command returned a non-zero exit code 2.; 6056)
[2025-11-08T14:31:10.109+0000] {local_task_job_runner.py:228} INFO - Task exited with return code 1
[2025-11-08T14:31:10.155+0000] {taskinstance.py:2776} INFO - 0 downstream tasks scheduled from follow-on schedule check
