[2025-11-08T15:46:59.076+0000] {taskinstance.py:1157} INFO - Dependencies all met for dep_context=non-requeueable deps ti=<TaskInstance: dbt_transform.dbt_run scheduled__2025-11-08T15:41:56.426677+00:00 [queued]>
[2025-11-08T15:46:59.091+0000] {taskinstance.py:1157} INFO - Dependencies all met for dep_context=requeueable deps ti=<TaskInstance: dbt_transform.dbt_run scheduled__2025-11-08T15:41:56.426677+00:00 [queued]>
[2025-11-08T15:46:59.092+0000] {taskinstance.py:1359} INFO - Starting attempt 1 of 2
[2025-11-08T15:46:59.113+0000] {taskinstance.py:1380} INFO - Executing <Task(BashOperator): dbt_run> on 2025-11-08 15:41:56.426677+00:00
[2025-11-08T15:46:59.126+0000] {standard_task_runner.py:57} INFO - Started process 9024 to run task
[2025-11-08T15:46:59.132+0000] {standard_task_runner.py:84} INFO - Running: ['***', 'tasks', 'run', 'dbt_transform', 'dbt_run', 'scheduled__2025-11-08T15:41:56.426677+00:00', '--job-id', '467', '--raw', '--subdir', 'DAGS_FOLDER/dbt_dag.py', '--cfg-path', '/tmp/tmp01daxby4']
[2025-11-08T15:46:59.137+0000] {standard_task_runner.py:85} INFO - Job 467: Subtask dbt_run
[2025-11-08T15:46:59.255+0000] {task_command.py:415} INFO - Running <TaskInstance: dbt_transform.dbt_run scheduled__2025-11-08T15:41:56.426677+00:00 [running]> on host 8ce966dfa5f8
[2025-11-08T15:46:59.410+0000] {taskinstance.py:1660} INFO - Exporting env vars: AIRFLOW_CTX_DAG_OWNER='***' AIRFLOW_CTX_DAG_ID='dbt_transform' AIRFLOW_CTX_TASK_ID='dbt_run' AIRFLOW_CTX_EXECUTION_DATE='2025-11-08T15:41:56.426677+00:00' AIRFLOW_CTX_TRY_NUMBER='1' AIRFLOW_CTX_DAG_RUN_ID='scheduled__2025-11-08T15:41:56.426677+00:00'
[2025-11-08T15:46:59.414+0000] {subprocess.py:63} INFO - Tmp dir root location: /tmp
[2025-11-08T15:46:59.416+0000] {subprocess.py:75} INFO - Running command: ['/bin/bash', '-c', 'docker exec dbt_***_project-dbt-1 dbt run']
[2025-11-08T15:46:59.443+0000] {subprocess.py:86} INFO - Output:
[2025-11-08T15:47:03.124+0000] {subprocess.py:93} INFO - [0m15:47:03  Running with dbt=1.8.7
[2025-11-08T15:47:04.392+0000] {subprocess.py:93} INFO - [0m15:47:04  Registered adapter: sqlserver=1.8.7
[2025-11-08T15:47:08.383+0000] {subprocess.py:93} INFO - [0m15:47:08  Found 10 models, 18 data tests, 13 sources, 614 macros
[2025-11-08T15:47:08.391+0000] {subprocess.py:93} INFO - [0m15:47:08
[2025-11-08T15:47:08.519+0000] {subprocess.py:93} INFO - [0m15:47:08
[2025-11-08T15:47:08.521+0000] {subprocess.py:93} INFO - [0m15:47:08  Finished running  in 0 hours 0 minutes and 0.13 seconds (0.13s).
[2025-11-08T15:47:08.522+0000] {subprocess.py:93} INFO - [0m15:47:08  Encountered an error:
[2025-11-08T15:47:08.522+0000] {subprocess.py:93} INFO - Database Error
[2025-11-08T15:47:08.522+0000] {subprocess.py:93} INFO -   ('28000', "[28000] [Microsoft][ODBC Driver 17 for SQL Server][SQL Server]Login failed for user 'imrandbtnew'. (18456) (SQLDriverConnect)")
[2025-11-08T15:47:10.512+0000] {subprocess.py:97} INFO - Command exited with return code 2
[2025-11-08T15:47:10.561+0000] {taskinstance.py:1935} ERROR - Task failed with exception
Traceback (most recent call last):
  File "/home/airflow/.local/lib/python3.9/site-packages/airflow/operators/bash.py", line 210, in execute
    raise AirflowException(
airflow.exceptions.AirflowException: Bash command failed. The command returned a non-zero exit code 2.
[2025-11-08T15:47:10.576+0000] {taskinstance.py:1398} INFO - Marking task as UP_FOR_RETRY. dag_id=dbt_transform, task_id=dbt_run, execution_date=20251108T154156, start_date=20251108T154659, end_date=20251108T154710
[2025-11-08T15:47:10.628+0000] {standard_task_runner.py:104} ERROR - Failed to execute job 467 for task dbt_run (Bash command failed. The command returned a non-zero exit code 2.; 9024)
[2025-11-08T15:47:10.680+0000] {local_task_job_runner.py:228} INFO - Task exited with return code 1
[2025-11-08T15:47:10.736+0000] {taskinstance.py:2776} INFO - 0 downstream tasks scheduled from follow-on schedule check
