[2025-11-08T11:03:11.500+0000] {taskinstance.py:1157} INFO - Dependencies all met for dep_context=non-requeueable deps ti=<TaskInstance: dbt_transform.dbt_run scheduled__2025-11-08T10:52:58.332463+00:00 [queued]>
[2025-11-08T11:03:11.512+0000] {taskinstance.py:1157} INFO - Dependencies all met for dep_context=requeueable deps ti=<TaskInstance: dbt_transform.dbt_run scheduled__2025-11-08T10:52:58.332463+00:00 [queued]>
[2025-11-08T11:03:11.512+0000] {taskinstance.py:1359} INFO - Starting attempt 2 of 2
[2025-11-08T11:03:11.529+0000] {taskinstance.py:1380} INFO - Executing <Task(BashOperator): dbt_run> on 2025-11-08 10:52:58.332463+00:00
[2025-11-08T11:03:11.538+0000] {standard_task_runner.py:57} INFO - Started process 3273 to run task
[2025-11-08T11:03:11.544+0000] {standard_task_runner.py:84} INFO - Running: ['***', 'tasks', 'run', 'dbt_transform', 'dbt_run', 'scheduled__2025-11-08T10:52:58.332463+00:00', '--job-id', '136', '--raw', '--subdir', 'DAGS_FOLDER/dbt_dag.py', '--cfg-path', '/tmp/tmpuf6jtnjc']
[2025-11-08T11:03:11.548+0000] {standard_task_runner.py:85} INFO - Job 136: Subtask dbt_run
[2025-11-08T11:03:11.646+0000] {task_command.py:415} INFO - Running <TaskInstance: dbt_transform.dbt_run scheduled__2025-11-08T10:52:58.332463+00:00 [running]> on host 8ce966dfa5f8
[2025-11-08T11:03:11.742+0000] {taskinstance.py:1660} INFO - Exporting env vars: AIRFLOW_CTX_DAG_OWNER='***' AIRFLOW_CTX_DAG_ID='dbt_transform' AIRFLOW_CTX_TASK_ID='dbt_run' AIRFLOW_CTX_EXECUTION_DATE='2025-11-08T10:52:58.332463+00:00' AIRFLOW_CTX_TRY_NUMBER='2' AIRFLOW_CTX_DAG_RUN_ID='scheduled__2025-11-08T10:52:58.332463+00:00'
[2025-11-08T11:03:11.744+0000] {subprocess.py:63} INFO - Tmp dir root location: /tmp
[2025-11-08T11:03:11.745+0000] {subprocess.py:75} INFO - Running command: ['/bin/bash', '-c', 'docker exec dbt_***_project-dbt-1 dbt run']
[2025-11-08T11:03:11.763+0000] {subprocess.py:86} INFO - Output:
[2025-11-08T11:03:14.166+0000] {subprocess.py:93} INFO - [0m11:03:14  Running with dbt=1.8.7
[2025-11-08T11:03:14.645+0000] {subprocess.py:93} INFO - [0m11:03:14  Registered adapter: sqlserver=1.8.7
[2025-11-08T11:03:16.822+0000] {subprocess.py:93} INFO - [0m11:03:16  Found 10 models, 18 data tests, 13 sources, 614 macros
[2025-11-08T11:03:16.827+0000] {subprocess.py:93} INFO - [0m11:03:16
[2025-11-08T11:03:16.941+0000] {subprocess.py:93} INFO - [0m11:03:16
[2025-11-08T11:03:16.942+0000] {subprocess.py:93} INFO - [0m11:03:16  Finished running  in 0 hours 0 minutes and 0.11 seconds (0.11s).
[2025-11-08T11:03:16.944+0000] {subprocess.py:93} INFO - [0m11:03:16  Encountered an error:
[2025-11-08T11:03:16.944+0000] {subprocess.py:93} INFO - Database Error
[2025-11-08T11:03:16.944+0000] {subprocess.py:93} INFO -   ('28000', "[28000] [Microsoft][ODBC Driver 17 for SQL Server][SQL Server]Login failed for user 'imrandbtnew'. (18456) (SQLDriverConnect)")
[2025-11-08T11:03:18.399+0000] {subprocess.py:97} INFO - Command exited with return code 2
[2025-11-08T11:03:18.415+0000] {taskinstance.py:1935} ERROR - Task failed with exception
Traceback (most recent call last):
  File "/home/airflow/.local/lib/python3.9/site-packages/airflow/operators/bash.py", line 210, in execute
    raise AirflowException(
airflow.exceptions.AirflowException: Bash command failed. The command returned a non-zero exit code 2.
[2025-11-08T11:03:18.420+0000] {taskinstance.py:1398} INFO - Marking task as FAILED. dag_id=dbt_transform, task_id=dbt_run, execution_date=20251108T105258, start_date=20251108T110311, end_date=20251108T110318
[2025-11-08T11:03:18.438+0000] {standard_task_runner.py:104} ERROR - Failed to execute job 136 for task dbt_run (Bash command failed. The command returned a non-zero exit code 2.; 3273)
[2025-11-08T11:03:18.468+0000] {local_task_job_runner.py:228} INFO - Task exited with return code 1
[2025-11-08T11:03:18.504+0000] {taskinstance.py:2776} INFO - 0 downstream tasks scheduled from follow-on schedule check
