[2025-11-08T16:18:49.497+0000] {taskinstance.py:1157} INFO - Dependencies all met for dep_context=non-requeueable deps ti=<TaskInstance: dbt_transform.dbt_run scheduled__2025-11-08T16:08:36.382608+00:00 [queued]>
[2025-11-08T16:18:49.513+0000] {taskinstance.py:1157} INFO - Dependencies all met for dep_context=requeueable deps ti=<TaskInstance: dbt_transform.dbt_run scheduled__2025-11-08T16:08:36.382608+00:00 [queued]>
[2025-11-08T16:18:49.514+0000] {taskinstance.py:1359} INFO - Starting attempt 2 of 2
[2025-11-08T16:18:49.536+0000] {taskinstance.py:1380} INFO - Executing <Task(BashOperator): dbt_run> on 2025-11-08 16:08:36.382608+00:00
[2025-11-08T16:18:49.550+0000] {standard_task_runner.py:57} INFO - Started process 9902 to run task
[2025-11-08T16:18:49.559+0000] {standard_task_runner.py:84} INFO - Running: ['***', 'tasks', 'run', 'dbt_transform', 'dbt_run', 'scheduled__2025-11-08T16:08:36.382608+00:00', '--job-id', '509', '--raw', '--subdir', 'DAGS_FOLDER/dbt_dag.py', '--cfg-path', '/tmp/tmpyoie5gqa']
[2025-11-08T16:18:49.567+0000] {standard_task_runner.py:85} INFO - Job 509: Subtask dbt_run
[2025-11-08T16:18:49.754+0000] {task_command.py:415} INFO - Running <TaskInstance: dbt_transform.dbt_run scheduled__2025-11-08T16:08:36.382608+00:00 [running]> on host 8ce966dfa5f8
[2025-11-08T16:18:49.964+0000] {taskinstance.py:1660} INFO - Exporting env vars: AIRFLOW_CTX_DAG_OWNER='***' AIRFLOW_CTX_DAG_ID='dbt_transform' AIRFLOW_CTX_TASK_ID='dbt_run' AIRFLOW_CTX_EXECUTION_DATE='2025-11-08T16:08:36.382608+00:00' AIRFLOW_CTX_TRY_NUMBER='2' AIRFLOW_CTX_DAG_RUN_ID='scheduled__2025-11-08T16:08:36.382608+00:00'
[2025-11-08T16:18:49.969+0000] {subprocess.py:63} INFO - Tmp dir root location: /tmp
[2025-11-08T16:18:49.973+0000] {subprocess.py:75} INFO - Running command: ['/bin/bash', '-c', 'docker exec dbt_***_project-dbt-1 dbt run']
[2025-11-08T16:18:50.006+0000] {subprocess.py:86} INFO - Output:
[2025-11-08T16:18:54.107+0000] {subprocess.py:93} INFO - [0m16:18:54  Running with dbt=1.8.7
[2025-11-08T16:18:54.902+0000] {subprocess.py:93} INFO - [0m16:18:54  Registered adapter: sqlserver=1.8.7
[2025-11-08T16:18:58.608+0000] {subprocess.py:93} INFO - [0m16:18:58  Found 10 models, 18 data tests, 13 sources, 614 macros
[2025-11-08T16:18:58.628+0000] {subprocess.py:93} INFO - [0m16:18:58
[2025-11-08T16:18:58.827+0000] {subprocess.py:93} INFO - [0m16:18:58
[2025-11-08T16:18:58.829+0000] {subprocess.py:93} INFO - [0m16:18:58  Finished running  in 0 hours 0 minutes and 0.20 seconds (0.20s).
[2025-11-08T16:18:58.831+0000] {subprocess.py:93} INFO - [0m16:18:58  Encountered an error:
[2025-11-08T16:18:58.832+0000] {subprocess.py:93} INFO - Database Error
[2025-11-08T16:18:58.832+0000] {subprocess.py:93} INFO -   ('28000', "[28000] [Microsoft][ODBC Driver 17 for SQL Server][SQL Server]Login failed for user 'imrandbtnew'. (18456) (SQLDriverConnect)")
[2025-11-08T16:19:00.571+0000] {subprocess.py:97} INFO - Command exited with return code 2
[2025-11-08T16:19:00.590+0000] {taskinstance.py:1935} ERROR - Task failed with exception
Traceback (most recent call last):
  File "/home/airflow/.local/lib/python3.9/site-packages/airflow/operators/bash.py", line 210, in execute
    raise AirflowException(
airflow.exceptions.AirflowException: Bash command failed. The command returned a non-zero exit code 2.
[2025-11-08T16:19:00.597+0000] {taskinstance.py:1398} INFO - Marking task as FAILED. dag_id=dbt_transform, task_id=dbt_run, execution_date=20251108T160836, start_date=20251108T161849, end_date=20251108T161900
[2025-11-08T16:19:00.622+0000] {standard_task_runner.py:104} ERROR - Failed to execute job 509 for task dbt_run (Bash command failed. The command returned a non-zero exit code 2.; 9902)
[2025-11-08T16:19:00.650+0000] {local_task_job_runner.py:228} INFO - Task exited with return code 1
[2025-11-08T16:19:00.686+0000] {taskinstance.py:2776} INFO - 0 downstream tasks scheduled from follow-on schedule check
