[2025-11-08T14:20:10.463+0000] {taskinstance.py:1157} INFO - Dependencies all met for dep_context=non-requeueable deps ti=<TaskInstance: dbt_transform.dbt_run scheduled__2025-11-08T14:15:07.233475+00:00 [queued]>
[2025-11-08T14:20:10.491+0000] {taskinstance.py:1157} INFO - Dependencies all met for dep_context=requeueable deps ti=<TaskInstance: dbt_transform.dbt_run scheduled__2025-11-08T14:15:07.233475+00:00 [queued]>
[2025-11-08T14:20:10.494+0000] {taskinstance.py:1359} INFO - Starting attempt 1 of 2
[2025-11-08T14:20:10.524+0000] {taskinstance.py:1380} INFO - Executing <Task(BashOperator): dbt_run> on 2025-11-08 14:15:07.233475+00:00
[2025-11-08T14:20:10.543+0000] {standard_task_runner.py:57} INFO - Started process 5573 to run task
[2025-11-08T14:20:10.554+0000] {standard_task_runner.py:84} INFO - Running: ['***', 'tasks', 'run', 'dbt_transform', 'dbt_run', 'scheduled__2025-11-08T14:15:07.233475+00:00', '--job-id', '270', '--raw', '--subdir', 'DAGS_FOLDER/dbt_dag.py', '--cfg-path', '/tmp/tmplww7l67z']
[2025-11-08T14:20:10.560+0000] {standard_task_runner.py:85} INFO - Job 270: Subtask dbt_run
[2025-11-08T14:20:10.736+0000] {task_command.py:415} INFO - Running <TaskInstance: dbt_transform.dbt_run scheduled__2025-11-08T14:15:07.233475+00:00 [running]> on host 8ce966dfa5f8
[2025-11-08T14:20:10.987+0000] {taskinstance.py:1660} INFO - Exporting env vars: AIRFLOW_CTX_DAG_OWNER='***' AIRFLOW_CTX_DAG_ID='dbt_transform' AIRFLOW_CTX_TASK_ID='dbt_run' AIRFLOW_CTX_EXECUTION_DATE='2025-11-08T14:15:07.233475+00:00' AIRFLOW_CTX_TRY_NUMBER='1' AIRFLOW_CTX_DAG_RUN_ID='scheduled__2025-11-08T14:15:07.233475+00:00'
[2025-11-08T14:20:10.991+0000] {subprocess.py:63} INFO - Tmp dir root location: /tmp
[2025-11-08T14:20:10.994+0000] {subprocess.py:75} INFO - Running command: ['/bin/bash', '-c', 'docker exec dbt_***_project-dbt-1 dbt run']
[2025-11-08T14:20:11.038+0000] {subprocess.py:86} INFO - Output:
[2025-11-08T14:20:14.991+0000] {subprocess.py:93} INFO - [0m14:20:14  Running with dbt=1.8.7
[2025-11-08T14:20:15.790+0000] {subprocess.py:93} INFO - [0m14:20:15  Registered adapter: sqlserver=1.8.7
[2025-11-08T14:20:19.190+0000] {subprocess.py:93} INFO - [0m14:20:19  Found 10 models, 18 data tests, 13 sources, 614 macros
[2025-11-08T14:20:19.215+0000] {subprocess.py:93} INFO - [0m14:20:19
[2025-11-08T14:20:19.469+0000] {subprocess.py:93} INFO - [0m14:20:19
[2025-11-08T14:20:19.471+0000] {subprocess.py:93} INFO - [0m14:20:19  Finished running  in 0 hours 0 minutes and 0.26 seconds (0.26s).
[2025-11-08T14:20:19.472+0000] {subprocess.py:93} INFO - [0m14:20:19  Encountered an error:
[2025-11-08T14:20:19.473+0000] {subprocess.py:93} INFO - Database Error
[2025-11-08T14:20:19.473+0000] {subprocess.py:93} INFO -   ('28000', "[28000] [Microsoft][ODBC Driver 17 for SQL Server][SQL Server]Login failed for user 'imrandbtnew'. (18456) (SQLDriverConnect)")
[2025-11-08T14:20:21.718+0000] {subprocess.py:97} INFO - Command exited with return code 2
[2025-11-08T14:20:21.747+0000] {taskinstance.py:1935} ERROR - Task failed with exception
Traceback (most recent call last):
  File "/home/airflow/.local/lib/python3.9/site-packages/airflow/operators/bash.py", line 210, in execute
    raise AirflowException(
airflow.exceptions.AirflowException: Bash command failed. The command returned a non-zero exit code 2.
[2025-11-08T14:20:21.756+0000] {taskinstance.py:1398} INFO - Marking task as UP_FOR_RETRY. dag_id=dbt_transform, task_id=dbt_run, execution_date=20251108T141507, start_date=20251108T142010, end_date=20251108T142021
[2025-11-08T14:20:21.805+0000] {standard_task_runner.py:104} ERROR - Failed to execute job 270 for task dbt_run (Bash command failed. The command returned a non-zero exit code 2.; 5573)
[2025-11-08T14:20:21.885+0000] {local_task_job_runner.py:228} INFO - Task exited with return code 1
[2025-11-08T14:20:21.983+0000] {taskinstance.py:2776} INFO - 0 downstream tasks scheduled from follow-on schedule check
