[2025-11-08T15:41:29.946+0000] {taskinstance.py:1157} INFO - Dependencies all met for dep_context=non-requeueable deps ti=<TaskInstance: dbt_transform.dbt_run scheduled__2025-11-08T15:36:27.240883+00:00 [queued]>
[2025-11-08T15:41:29.969+0000] {taskinstance.py:1157} INFO - Dependencies all met for dep_context=requeueable deps ti=<TaskInstance: dbt_transform.dbt_run scheduled__2025-11-08T15:36:27.240883+00:00 [queued]>
[2025-11-08T15:41:29.971+0000] {taskinstance.py:1359} INFO - Starting attempt 1 of 2
[2025-11-08T15:41:30.008+0000] {taskinstance.py:1380} INFO - Executing <Task(BashOperator): dbt_run> on 2025-11-08 15:36:27.240883+00:00
[2025-11-08T15:41:30.023+0000] {standard_task_runner.py:57} INFO - Started process 8845 to run task
[2025-11-08T15:41:30.031+0000] {standard_task_runner.py:84} INFO - Running: ['***', 'tasks', 'run', 'dbt_transform', 'dbt_run', 'scheduled__2025-11-08T15:36:27.240883+00:00', '--job-id', '458', '--raw', '--subdir', 'DAGS_FOLDER/dbt_dag.py', '--cfg-path', '/tmp/tmp1ql03zv0']
[2025-11-08T15:41:30.038+0000] {standard_task_runner.py:85} INFO - Job 458: Subtask dbt_run
[2025-11-08T15:41:30.186+0000] {task_command.py:415} INFO - Running <TaskInstance: dbt_transform.dbt_run scheduled__2025-11-08T15:36:27.240883+00:00 [running]> on host 8ce966dfa5f8
[2025-11-08T15:41:30.384+0000] {taskinstance.py:1660} INFO - Exporting env vars: AIRFLOW_CTX_DAG_OWNER='***' AIRFLOW_CTX_DAG_ID='dbt_transform' AIRFLOW_CTX_TASK_ID='dbt_run' AIRFLOW_CTX_EXECUTION_DATE='2025-11-08T15:36:27.240883+00:00' AIRFLOW_CTX_TRY_NUMBER='1' AIRFLOW_CTX_DAG_RUN_ID='scheduled__2025-11-08T15:36:27.240883+00:00'
[2025-11-08T15:41:30.388+0000] {subprocess.py:63} INFO - Tmp dir root location: /tmp
[2025-11-08T15:41:30.391+0000] {subprocess.py:75} INFO - Running command: ['/bin/bash', '-c', 'docker exec dbt_***_project-dbt-1 dbt run']
[2025-11-08T15:41:30.421+0000] {subprocess.py:86} INFO - Output:
[2025-11-08T15:41:34.239+0000] {subprocess.py:93} INFO - [0m15:41:34  Running with dbt=1.8.7
[2025-11-08T15:41:35.291+0000] {subprocess.py:93} INFO - [0m15:41:35  Registered adapter: sqlserver=1.8.7
[2025-11-08T15:41:39.216+0000] {subprocess.py:93} INFO - [0m15:41:39  Found 10 models, 18 data tests, 13 sources, 614 macros
[2025-11-08T15:41:39.228+0000] {subprocess.py:93} INFO - [0m15:41:39
[2025-11-08T15:41:39.485+0000] {subprocess.py:93} INFO - [0m15:41:39
[2025-11-08T15:41:39.486+0000] {subprocess.py:93} INFO - [0m15:41:39  Finished running  in 0 hours 0 minutes and 0.25 seconds (0.25s).
[2025-11-08T15:41:39.488+0000] {subprocess.py:93} INFO - [0m15:41:39  Encountered an error:
[2025-11-08T15:41:39.490+0000] {subprocess.py:93} INFO - Database Error
[2025-11-08T15:41:39.491+0000] {subprocess.py:93} INFO -   ('28000', "[28000] [Microsoft][ODBC Driver 17 for SQL Server][SQL Server]Login failed for user 'imrandbtnew'. (18456) (SQLDriverConnect)")
[2025-11-08T15:41:41.521+0000] {subprocess.py:97} INFO - Command exited with return code 2
[2025-11-08T15:41:41.553+0000] {taskinstance.py:1935} ERROR - Task failed with exception
Traceback (most recent call last):
  File "/home/airflow/.local/lib/python3.9/site-packages/airflow/operators/bash.py", line 210, in execute
    raise AirflowException(
airflow.exceptions.AirflowException: Bash command failed. The command returned a non-zero exit code 2.
[2025-11-08T15:41:41.564+0000] {taskinstance.py:1398} INFO - Marking task as UP_FOR_RETRY. dag_id=dbt_transform, task_id=dbt_run, execution_date=20251108T153627, start_date=20251108T154129, end_date=20251108T154141
[2025-11-08T15:41:41.598+0000] {standard_task_runner.py:104} ERROR - Failed to execute job 458 for task dbt_run (Bash command failed. The command returned a non-zero exit code 2.; 8845)
[2025-11-08T15:41:41.634+0000] {local_task_job_runner.py:228} INFO - Task exited with return code 1
[2025-11-08T15:41:41.683+0000] {taskinstance.py:2776} INFO - 0 downstream tasks scheduled from follow-on schedule check
