[2025-11-08T13:47:21.563+0000] {taskinstance.py:1157} INFO - Dependencies all met for dep_context=non-requeueable deps ti=<TaskInstance: dbt_transform.dbt_run scheduled__2025-11-08T13:42:19.652132+00:00 [queued]>
[2025-11-08T13:47:21.574+0000] {taskinstance.py:1157} INFO - Dependencies all met for dep_context=requeueable deps ti=<TaskInstance: dbt_transform.dbt_run scheduled__2025-11-08T13:42:19.652132+00:00 [queued]>
[2025-11-08T13:47:21.575+0000] {taskinstance.py:1359} INFO - Starting attempt 1 of 2
[2025-11-08T13:47:21.593+0000] {taskinstance.py:1380} INFO - Executing <Task(BashOperator): dbt_run> on 2025-11-08 13:42:19.652132+00:00
[2025-11-08T13:47:21.605+0000] {standard_task_runner.py:57} INFO - Started process 4083 to run task
[2025-11-08T13:47:21.609+0000] {standard_task_runner.py:84} INFO - Running: ['***', 'tasks', 'run', 'dbt_transform', 'dbt_run', 'scheduled__2025-11-08T13:42:19.652132+00:00', '--job-id', '179', '--raw', '--subdir', 'DAGS_FOLDER/dbt_dag.py', '--cfg-path', '/tmp/tmpqtjzlrkh']
[2025-11-08T13:47:21.614+0000] {standard_task_runner.py:85} INFO - Job 179: Subtask dbt_run
[2025-11-08T13:47:21.697+0000] {task_command.py:415} INFO - Running <TaskInstance: dbt_transform.dbt_run scheduled__2025-11-08T13:42:19.652132+00:00 [running]> on host 8ce966dfa5f8
[2025-11-08T13:47:21.805+0000] {taskinstance.py:1660} INFO - Exporting env vars: AIRFLOW_CTX_DAG_OWNER='***' AIRFLOW_CTX_DAG_ID='dbt_transform' AIRFLOW_CTX_TASK_ID='dbt_run' AIRFLOW_CTX_EXECUTION_DATE='2025-11-08T13:42:19.652132+00:00' AIRFLOW_CTX_TRY_NUMBER='1' AIRFLOW_CTX_DAG_RUN_ID='scheduled__2025-11-08T13:42:19.652132+00:00'
[2025-11-08T13:47:21.807+0000] {subprocess.py:63} INFO - Tmp dir root location: /tmp
[2025-11-08T13:47:21.810+0000] {subprocess.py:75} INFO - Running command: ['/bin/bash', '-c', 'docker exec dbt_***_project-dbt-1 dbt run']
[2025-11-08T13:47:21.828+0000] {subprocess.py:86} INFO - Output:
[2025-11-08T13:47:23.773+0000] {subprocess.py:93} INFO - [0m13:47:23  Running with dbt=1.8.7
[2025-11-08T13:47:24.271+0000] {subprocess.py:93} INFO - [0m13:47:24  Registered adapter: sqlserver=1.8.7
[2025-11-08T13:47:26.980+0000] {subprocess.py:93} INFO - [0m13:47:26  Found 10 models, 18 data tests, 13 sources, 614 macros
[2025-11-08T13:47:26.986+0000] {subprocess.py:93} INFO - [0m13:47:26
[2025-11-08T13:47:27.164+0000] {subprocess.py:93} INFO - [0m13:47:27
[2025-11-08T13:47:27.166+0000] {subprocess.py:93} INFO - [0m13:47:27  Finished running  in 0 hours 0 minutes and 0.17 seconds (0.17s).
[2025-11-08T13:47:27.170+0000] {subprocess.py:93} INFO - [0m13:47:27  Encountered an error:
[2025-11-08T13:47:27.171+0000] {subprocess.py:93} INFO - Database Error
[2025-11-08T13:47:27.172+0000] {subprocess.py:93} INFO -   ('28000', "[28000] [Microsoft][ODBC Driver 17 for SQL Server][SQL Server]Login failed for user 'imrandbtnew'. (18456) (SQLDriverConnect)")
[2025-11-08T13:47:28.866+0000] {subprocess.py:97} INFO - Command exited with return code 2
[2025-11-08T13:47:28.884+0000] {taskinstance.py:1935} ERROR - Task failed with exception
Traceback (most recent call last):
  File "/home/airflow/.local/lib/python3.9/site-packages/airflow/operators/bash.py", line 210, in execute
    raise AirflowException(
airflow.exceptions.AirflowException: Bash command failed. The command returned a non-zero exit code 2.
[2025-11-08T13:47:28.888+0000] {taskinstance.py:1398} INFO - Marking task as UP_FOR_RETRY. dag_id=dbt_transform, task_id=dbt_run, execution_date=20251108T134219, start_date=20251108T134721, end_date=20251108T134728
[2025-11-08T13:47:28.918+0000] {standard_task_runner.py:104} ERROR - Failed to execute job 179 for task dbt_run (Bash command failed. The command returned a non-zero exit code 2.; 4083)
[2025-11-08T13:47:28.944+0000] {local_task_job_runner.py:228} INFO - Task exited with return code 1
[2025-11-08T13:47:28.980+0000] {taskinstance.py:2776} INFO - 0 downstream tasks scheduled from follow-on schedule check
