[2025-11-08T16:40:15.842+0000] {taskinstance.py:1157} INFO - Dependencies all met for dep_context=non-requeueable deps ti=<TaskInstance: dbt_transform.dbt_run scheduled__2025-11-08T16:35:13.170655+00:00 [queued]>
[2025-11-08T16:40:15.863+0000] {taskinstance.py:1157} INFO - Dependencies all met for dep_context=requeueable deps ti=<TaskInstance: dbt_transform.dbt_run scheduled__2025-11-08T16:35:13.170655+00:00 [queued]>
[2025-11-08T16:40:15.864+0000] {taskinstance.py:1359} INFO - Starting attempt 1 of 2
[2025-11-08T16:40:15.895+0000] {taskinstance.py:1380} INFO - Executing <Task(BashOperator): dbt_run> on 2025-11-08 16:35:13.170655+00:00
[2025-11-08T16:40:15.911+0000] {standard_task_runner.py:57} INFO - Started process 10631 to run task
[2025-11-08T16:40:15.918+0000] {standard_task_runner.py:84} INFO - Running: ['***', 'tasks', 'run', 'dbt_transform', 'dbt_run', 'scheduled__2025-11-08T16:35:13.170655+00:00', '--job-id', '548', '--raw', '--subdir', 'DAGS_FOLDER/dbt_dag.py', '--cfg-path', '/tmp/tmplo78ct4y']
[2025-11-08T16:40:15.923+0000] {standard_task_runner.py:85} INFO - Job 548: Subtask dbt_run
[2025-11-08T16:40:16.080+0000] {task_command.py:415} INFO - Running <TaskInstance: dbt_transform.dbt_run scheduled__2025-11-08T16:35:13.170655+00:00 [running]> on host 8ce966dfa5f8
[2025-11-08T16:40:16.229+0000] {taskinstance.py:1660} INFO - Exporting env vars: AIRFLOW_CTX_DAG_OWNER='***' AIRFLOW_CTX_DAG_ID='dbt_transform' AIRFLOW_CTX_TASK_ID='dbt_run' AIRFLOW_CTX_EXECUTION_DATE='2025-11-08T16:35:13.170655+00:00' AIRFLOW_CTX_TRY_NUMBER='1' AIRFLOW_CTX_DAG_RUN_ID='scheduled__2025-11-08T16:35:13.170655+00:00'
[2025-11-08T16:40:16.232+0000] {subprocess.py:63} INFO - Tmp dir root location: /tmp
[2025-11-08T16:40:16.236+0000] {subprocess.py:75} INFO - Running command: ['/bin/bash', '-c', 'docker exec dbt_***_project-dbt-1 dbt run']
[2025-11-08T16:40:16.265+0000] {subprocess.py:86} INFO - Output:
[2025-11-08T16:40:19.886+0000] {subprocess.py:93} INFO - [0m16:40:19  Running with dbt=1.8.7
[2025-11-08T16:40:20.585+0000] {subprocess.py:93} INFO - [0m16:40:20  Registered adapter: sqlserver=1.8.7
[2025-11-08T16:40:23.993+0000] {subprocess.py:93} INFO - [0m16:40:23  Found 10 models, 18 data tests, 13 sources, 614 macros
[2025-11-08T16:40:24.012+0000] {subprocess.py:93} INFO - [0m16:40:24
[2025-11-08T16:40:24.216+0000] {subprocess.py:93} INFO - [0m16:40:24
[2025-11-08T16:40:24.218+0000] {subprocess.py:93} INFO - [0m16:40:24  Finished running  in 0 hours 0 minutes and 0.20 seconds (0.20s).
[2025-11-08T16:40:24.221+0000] {subprocess.py:93} INFO - [0m16:40:24  Encountered an error:
[2025-11-08T16:40:24.222+0000] {subprocess.py:93} INFO - Database Error
[2025-11-08T16:40:24.223+0000] {subprocess.py:93} INFO -   ('28000', "[28000] [Microsoft][ODBC Driver 17 for SQL Server][SQL Server]Login failed for user 'imrandbtnew'. (18456) (SQLDriverConnect)")
[2025-11-08T16:40:26.101+0000] {subprocess.py:97} INFO - Command exited with return code 2
[2025-11-08T16:40:26.125+0000] {taskinstance.py:1935} ERROR - Task failed with exception
Traceback (most recent call last):
  File "/home/airflow/.local/lib/python3.9/site-packages/airflow/operators/bash.py", line 210, in execute
    raise AirflowException(
airflow.exceptions.AirflowException: Bash command failed. The command returned a non-zero exit code 2.
[2025-11-08T16:40:26.133+0000] {taskinstance.py:1398} INFO - Marking task as UP_FOR_RETRY. dag_id=dbt_transform, task_id=dbt_run, execution_date=20251108T163513, start_date=20251108T164015, end_date=20251108T164026
[2025-11-08T16:40:26.163+0000] {standard_task_runner.py:104} ERROR - Failed to execute job 548 for task dbt_run (Bash command failed. The command returned a non-zero exit code 2.; 10631)
[2025-11-08T16:40:26.214+0000] {local_task_job_runner.py:228} INFO - Task exited with return code 1
[2025-11-08T16:40:26.263+0000] {taskinstance.py:2776} INFO - 0 downstream tasks scheduled from follow-on schedule check
