[2025-11-08T16:07:59.841+0000] {taskinstance.py:1157} INFO - Dependencies all met for dep_context=non-requeueable deps ti=<TaskInstance: dbt_transform.dbt_run scheduled__2025-11-08T15:57:44.938936+00:00 [queued]>
[2025-11-08T16:07:59.857+0000] {taskinstance.py:1157} INFO - Dependencies all met for dep_context=requeueable deps ti=<TaskInstance: dbt_transform.dbt_run scheduled__2025-11-08T15:57:44.938936+00:00 [queued]>
[2025-11-08T16:07:59.858+0000] {taskinstance.py:1359} INFO - Starting attempt 2 of 2
[2025-11-08T16:07:59.885+0000] {taskinstance.py:1380} INFO - Executing <Task(BashOperator): dbt_run> on 2025-11-08 15:57:44.938936+00:00
[2025-11-08T16:07:59.900+0000] {standard_task_runner.py:57} INFO - Started process 9563 to run task
[2025-11-08T16:07:59.909+0000] {standard_task_runner.py:84} INFO - Running: ['***', 'tasks', 'run', 'dbt_transform', 'dbt_run', 'scheduled__2025-11-08T15:57:44.938936+00:00', '--job-id', '492', '--raw', '--subdir', 'DAGS_FOLDER/dbt_dag.py', '--cfg-path', '/tmp/tmp8q78zb4a']
[2025-11-08T16:07:59.916+0000] {standard_task_runner.py:85} INFO - Job 492: Subtask dbt_run
[2025-11-08T16:08:00.068+0000] {task_command.py:415} INFO - Running <TaskInstance: dbt_transform.dbt_run scheduled__2025-11-08T15:57:44.938936+00:00 [running]> on host 8ce966dfa5f8
[2025-11-08T16:08:00.251+0000] {taskinstance.py:1660} INFO - Exporting env vars: AIRFLOW_CTX_DAG_OWNER='***' AIRFLOW_CTX_DAG_ID='dbt_transform' AIRFLOW_CTX_TASK_ID='dbt_run' AIRFLOW_CTX_EXECUTION_DATE='2025-11-08T15:57:44.938936+00:00' AIRFLOW_CTX_TRY_NUMBER='2' AIRFLOW_CTX_DAG_RUN_ID='scheduled__2025-11-08T15:57:44.938936+00:00'
[2025-11-08T16:08:00.256+0000] {subprocess.py:63} INFO - Tmp dir root location: /tmp
[2025-11-08T16:08:00.259+0000] {subprocess.py:75} INFO - Running command: ['/bin/bash', '-c', 'docker exec dbt_***_project-dbt-1 dbt run']
[2025-11-08T16:08:00.294+0000] {subprocess.py:86} INFO - Output:
[2025-11-08T16:08:04.026+0000] {subprocess.py:93} INFO - [0m16:08:04  Running with dbt=1.8.7
[2025-11-08T16:08:04.945+0000] {subprocess.py:93} INFO - [0m16:08:04  Registered adapter: sqlserver=1.8.7
[2025-11-08T16:08:08.269+0000] {subprocess.py:93} INFO - [0m16:08:08  Found 10 models, 18 data tests, 13 sources, 614 macros
[2025-11-08T16:08:08.280+0000] {subprocess.py:93} INFO - [0m16:08:08
[2025-11-08T16:08:08.471+0000] {subprocess.py:93} INFO - [0m16:08:08
[2025-11-08T16:08:08.473+0000] {subprocess.py:93} INFO - [0m16:08:08  Finished running  in 0 hours 0 minutes and 0.19 seconds (0.19s).
[2025-11-08T16:08:08.476+0000] {subprocess.py:93} INFO - [0m16:08:08  Encountered an error:
[2025-11-08T16:08:08.477+0000] {subprocess.py:93} INFO - Database Error
[2025-11-08T16:08:08.477+0000] {subprocess.py:93} INFO -   ('28000', "[28000] [Microsoft][ODBC Driver 17 for SQL Server][SQL Server]Login failed for user 'imrandbtnew'. (18456) (SQLDriverConnect)")
[2025-11-08T16:08:10.301+0000] {subprocess.py:97} INFO - Command exited with return code 2
[2025-11-08T16:08:10.325+0000] {taskinstance.py:1935} ERROR - Task failed with exception
Traceback (most recent call last):
  File "/home/airflow/.local/lib/python3.9/site-packages/airflow/operators/bash.py", line 210, in execute
    raise AirflowException(
airflow.exceptions.AirflowException: Bash command failed. The command returned a non-zero exit code 2.
[2025-11-08T16:08:10.332+0000] {taskinstance.py:1398} INFO - Marking task as FAILED. dag_id=dbt_transform, task_id=dbt_run, execution_date=20251108T155744, start_date=20251108T160759, end_date=20251108T160810
[2025-11-08T16:08:10.360+0000] {standard_task_runner.py:104} ERROR - Failed to execute job 492 for task dbt_run (Bash command failed. The command returned a non-zero exit code 2.; 9563)
[2025-11-08T16:08:10.410+0000] {local_task_job_runner.py:228} INFO - Task exited with return code 1
[2025-11-08T16:08:10.451+0000] {taskinstance.py:2776} INFO - 0 downstream tasks scheduled from follow-on schedule check
