[2025-11-08T14:52:24.603+0000] {taskinstance.py:1157} INFO - Dependencies all met for dep_context=non-requeueable deps ti=<TaskInstance: dbt_transform.dbt_run scheduled__2025-11-08T14:42:09.872376+00:00 [queued]>
[2025-11-08T14:52:24.619+0000] {taskinstance.py:1157} INFO - Dependencies all met for dep_context=requeueable deps ti=<TaskInstance: dbt_transform.dbt_run scheduled__2025-11-08T14:42:09.872376+00:00 [queued]>
[2025-11-08T14:52:24.620+0000] {taskinstance.py:1359} INFO - Starting attempt 2 of 2
[2025-11-08T14:52:24.648+0000] {taskinstance.py:1380} INFO - Executing <Task(BashOperator): dbt_run> on 2025-11-08 14:42:09.872376+00:00
[2025-11-08T14:52:24.660+0000] {standard_task_runner.py:57} INFO - Started process 6940 to run task
[2025-11-08T14:52:24.667+0000] {standard_task_runner.py:84} INFO - Running: ['***', 'tasks', 'run', 'dbt_transform', 'dbt_run', 'scheduled__2025-11-08T14:42:09.872376+00:00', '--job-id', '351', '--raw', '--subdir', 'DAGS_FOLDER/dbt_dag.py', '--cfg-path', '/tmp/tmpeajax6hl']
[2025-11-08T14:52:24.674+0000] {standard_task_runner.py:85} INFO - Job 351: Subtask dbt_run
[2025-11-08T14:52:24.793+0000] {task_command.py:415} INFO - Running <TaskInstance: dbt_transform.dbt_run scheduled__2025-11-08T14:42:09.872376+00:00 [running]> on host 8ce966dfa5f8
[2025-11-08T14:52:24.935+0000] {taskinstance.py:1660} INFO - Exporting env vars: AIRFLOW_CTX_DAG_OWNER='***' AIRFLOW_CTX_DAG_ID='dbt_transform' AIRFLOW_CTX_TASK_ID='dbt_run' AIRFLOW_CTX_EXECUTION_DATE='2025-11-08T14:42:09.872376+00:00' AIRFLOW_CTX_TRY_NUMBER='2' AIRFLOW_CTX_DAG_RUN_ID='scheduled__2025-11-08T14:42:09.872376+00:00'
[2025-11-08T14:52:24.938+0000] {subprocess.py:63} INFO - Tmp dir root location: /tmp
[2025-11-08T14:52:24.942+0000] {subprocess.py:75} INFO - Running command: ['/bin/bash', '-c', 'docker exec dbt_***_project-dbt-1 dbt run']
[2025-11-08T14:52:24.971+0000] {subprocess.py:86} INFO - Output:
[2025-11-08T14:52:28.396+0000] {subprocess.py:93} INFO - [0m14:52:28  Running with dbt=1.8.7
[2025-11-08T14:52:29.112+0000] {subprocess.py:93} INFO - [0m14:52:29  Registered adapter: sqlserver=1.8.7
[2025-11-08T14:52:31.794+0000] {subprocess.py:93} INFO - [0m14:52:31  Found 10 models, 18 data tests, 13 sources, 614 macros
[2025-11-08T14:52:31.803+0000] {subprocess.py:93} INFO - [0m14:52:31
[2025-11-08T14:52:32.009+0000] {subprocess.py:93} INFO - [0m14:52:32
[2025-11-08T14:52:32.010+0000] {subprocess.py:93} INFO - [0m14:52:32  Finished running  in 0 hours 0 minutes and 0.20 seconds (0.20s).
[2025-11-08T14:52:32.015+0000] {subprocess.py:93} INFO - [0m14:52:32  Encountered an error:
[2025-11-08T14:52:32.016+0000] {subprocess.py:93} INFO - Database Error
[2025-11-08T14:52:32.017+0000] {subprocess.py:93} INFO -   ('28000', "[28000] [Microsoft][ODBC Driver 17 for SQL Server][SQL Server]Login failed for user 'imrandbtnew'. (18456) (SQLDriverConnect)")
[2025-11-08T14:52:33.870+0000] {subprocess.py:97} INFO - Command exited with return code 2
[2025-11-08T14:52:33.899+0000] {taskinstance.py:1935} ERROR - Task failed with exception
Traceback (most recent call last):
  File "/home/airflow/.local/lib/python3.9/site-packages/airflow/operators/bash.py", line 210, in execute
    raise AirflowException(
airflow.exceptions.AirflowException: Bash command failed. The command returned a non-zero exit code 2.
[2025-11-08T14:52:33.909+0000] {taskinstance.py:1398} INFO - Marking task as FAILED. dag_id=dbt_transform, task_id=dbt_run, execution_date=20251108T144209, start_date=20251108T145224, end_date=20251108T145233
[2025-11-08T14:52:34.091+0000] {standard_task_runner.py:104} ERROR - Failed to execute job 351 for task dbt_run (Bash command failed. The command returned a non-zero exit code 2.; 6940)
[2025-11-08T14:52:34.181+0000] {local_task_job_runner.py:228} INFO - Task exited with return code 1
[2025-11-08T14:52:34.260+0000] {taskinstance.py:2776} INFO - 0 downstream tasks scheduled from follow-on schedule check
