[2025-11-08T14:09:10.378+0000] {taskinstance.py:1157} INFO - Dependencies all met for dep_context=non-requeueable deps ti=<TaskInstance: dbt_transform.dbt_run scheduled__2025-11-08T14:04:07.427943+00:00 [queued]>
[2025-11-08T14:09:10.401+0000] {taskinstance.py:1157} INFO - Dependencies all met for dep_context=requeueable deps ti=<TaskInstance: dbt_transform.dbt_run scheduled__2025-11-08T14:04:07.427943+00:00 [queued]>
[2025-11-08T14:09:10.406+0000] {taskinstance.py:1359} INFO - Starting attempt 1 of 2
[2025-11-08T14:09:10.442+0000] {taskinstance.py:1380} INFO - Executing <Task(BashOperator): dbt_run> on 2025-11-08 14:04:07.427943+00:00
[2025-11-08T14:09:10.464+0000] {standard_task_runner.py:57} INFO - Started process 5072 to run task
[2025-11-08T14:09:10.471+0000] {standard_task_runner.py:84} INFO - Running: ['***', 'tasks', 'run', 'dbt_transform', 'dbt_run', 'scheduled__2025-11-08T14:04:07.427943+00:00', '--job-id', '238', '--raw', '--subdir', 'DAGS_FOLDER/dbt_dag.py', '--cfg-path', '/tmp/tmpm8ubd7ld']
[2025-11-08T14:09:10.481+0000] {standard_task_runner.py:85} INFO - Job 238: Subtask dbt_run
[2025-11-08T14:09:10.714+0000] {task_command.py:415} INFO - Running <TaskInstance: dbt_transform.dbt_run scheduled__2025-11-08T14:04:07.427943+00:00 [running]> on host 8ce966dfa5f8
[2025-11-08T14:09:11.169+0000] {taskinstance.py:1660} INFO - Exporting env vars: AIRFLOW_CTX_DAG_OWNER='***' AIRFLOW_CTX_DAG_ID='dbt_transform' AIRFLOW_CTX_TASK_ID='dbt_run' AIRFLOW_CTX_EXECUTION_DATE='2025-11-08T14:04:07.427943+00:00' AIRFLOW_CTX_TRY_NUMBER='1' AIRFLOW_CTX_DAG_RUN_ID='scheduled__2025-11-08T14:04:07.427943+00:00'
[2025-11-08T14:09:11.175+0000] {subprocess.py:63} INFO - Tmp dir root location: /tmp
[2025-11-08T14:09:11.180+0000] {subprocess.py:75} INFO - Running command: ['/bin/bash', '-c', 'docker exec dbt_***_project-dbt-1 dbt run']
[2025-11-08T14:09:11.225+0000] {subprocess.py:86} INFO - Output:
[2025-11-08T14:09:15.286+0000] {subprocess.py:93} INFO - [0m14:09:15  Running with dbt=1.8.7
[2025-11-08T14:09:16.032+0000] {subprocess.py:93} INFO - [0m14:09:16  Registered adapter: sqlserver=1.8.7
[2025-11-08T14:09:18.478+0000] {subprocess.py:93} INFO - [0m14:09:18  Found 10 models, 18 data tests, 13 sources, 614 macros
[2025-11-08T14:09:18.485+0000] {subprocess.py:93} INFO - [0m14:09:18
[2025-11-08T14:09:18.600+0000] {subprocess.py:93} INFO - [0m14:09:18
[2025-11-08T14:09:18.601+0000] {subprocess.py:93} INFO - [0m14:09:18  Finished running  in 0 hours 0 minutes and 0.11 seconds (0.11s).
[2025-11-08T14:09:18.603+0000] {subprocess.py:93} INFO - [0m14:09:18  Encountered an error:
[2025-11-08T14:09:18.604+0000] {subprocess.py:93} INFO - Database Error
[2025-11-08T14:09:18.604+0000] {subprocess.py:93} INFO -   ('28000', "[28000] [Microsoft][ODBC Driver 17 for SQL Server][SQL Server]Login failed for user 'imrandbtnew'. (18456) (SQLDriverConnect)")
[2025-11-08T14:09:20.264+0000] {subprocess.py:97} INFO - Command exited with return code 2
[2025-11-08T14:09:20.288+0000] {taskinstance.py:1935} ERROR - Task failed with exception
Traceback (most recent call last):
  File "/home/airflow/.local/lib/python3.9/site-packages/airflow/operators/bash.py", line 210, in execute
    raise AirflowException(
airflow.exceptions.AirflowException: Bash command failed. The command returned a non-zero exit code 2.
[2025-11-08T14:09:20.293+0000] {taskinstance.py:1398} INFO - Marking task as UP_FOR_RETRY. dag_id=dbt_transform, task_id=dbt_run, execution_date=20251108T140407, start_date=20251108T140910, end_date=20251108T140920
[2025-11-08T14:09:20.319+0000] {standard_task_runner.py:104} ERROR - Failed to execute job 238 for task dbt_run (Bash command failed. The command returned a non-zero exit code 2.; 5072)
[2025-11-08T14:09:20.348+0000] {local_task_job_runner.py:228} INFO - Task exited with return code 1
[2025-11-08T14:09:20.387+0000] {taskinstance.py:2776} INFO - 0 downstream tasks scheduled from follow-on schedule check
