[2025-11-08T13:47:11.320+0000] {taskinstance.py:1157} INFO - Dependencies all met for dep_context=non-requeueable deps ti=<TaskInstance: dbt_transform.dbt_run scheduled__2025-11-08T11:36:00.431067+00:00 [queued]>
[2025-11-08T13:47:11.334+0000] {taskinstance.py:1157} INFO - Dependencies all met for dep_context=requeueable deps ti=<TaskInstance: dbt_transform.dbt_run scheduled__2025-11-08T11:36:00.431067+00:00 [queued]>
[2025-11-08T13:47:11.335+0000] {taskinstance.py:1359} INFO - Starting attempt 2 of 2
[2025-11-08T13:47:11.350+0000] {taskinstance.py:1380} INFO - Executing <Task(BashOperator): dbt_run> on 2025-11-08 11:36:00.431067+00:00
[2025-11-08T13:47:11.359+0000] {standard_task_runner.py:57} INFO - Started process 4018 to run task
[2025-11-08T13:47:11.367+0000] {standard_task_runner.py:84} INFO - Running: ['***', 'tasks', 'run', 'dbt_transform', 'dbt_run', 'scheduled__2025-11-08T11:36:00.431067+00:00', '--job-id', '174', '--raw', '--subdir', 'DAGS_FOLDER/dbt_dag.py', '--cfg-path', '/tmp/tmprdjl_pft']
[2025-11-08T13:47:11.372+0000] {standard_task_runner.py:85} INFO - Job 174: Subtask dbt_run
[2025-11-08T13:47:11.465+0000] {task_command.py:415} INFO - Running <TaskInstance: dbt_transform.dbt_run scheduled__2025-11-08T11:36:00.431067+00:00 [running]> on host 8ce966dfa5f8
[2025-11-08T13:47:11.579+0000] {taskinstance.py:1660} INFO - Exporting env vars: AIRFLOW_CTX_DAG_OWNER='***' AIRFLOW_CTX_DAG_ID='dbt_transform' AIRFLOW_CTX_TASK_ID='dbt_run' AIRFLOW_CTX_EXECUTION_DATE='2025-11-08T11:36:00.431067+00:00' AIRFLOW_CTX_TRY_NUMBER='2' AIRFLOW_CTX_DAG_RUN_ID='scheduled__2025-11-08T11:36:00.431067+00:00'
[2025-11-08T13:47:11.581+0000] {subprocess.py:63} INFO - Tmp dir root location: /tmp
[2025-11-08T13:47:11.584+0000] {subprocess.py:75} INFO - Running command: ['/bin/bash', '-c', 'docker exec dbt_***_project-dbt-1 dbt run']
[2025-11-08T13:47:11.610+0000] {subprocess.py:86} INFO - Output:
[2025-11-08T13:47:13.776+0000] {subprocess.py:93} INFO - [0m13:47:13  Running with dbt=1.8.7
[2025-11-08T13:47:14.440+0000] {subprocess.py:93} INFO - [0m13:47:14  Registered adapter: sqlserver=1.8.7
[2025-11-08T13:47:17.035+0000] {subprocess.py:93} INFO - [0m13:47:17  Found 10 models, 18 data tests, 13 sources, 614 macros
[2025-11-08T13:47:17.043+0000] {subprocess.py:93} INFO - [0m13:47:17
[2025-11-08T13:47:17.212+0000] {subprocess.py:93} INFO - [0m13:47:17
[2025-11-08T13:47:17.212+0000] {subprocess.py:93} INFO - [0m13:47:17  Finished running  in 0 hours 0 minutes and 0.17 seconds (0.17s).
[2025-11-08T13:47:17.214+0000] {subprocess.py:93} INFO - [0m13:47:17  Encountered an error:
[2025-11-08T13:47:17.215+0000] {subprocess.py:93} INFO - Database Error
[2025-11-08T13:47:17.215+0000] {subprocess.py:93} INFO -   ('28000', "[28000] [Microsoft][ODBC Driver 17 for SQL Server][SQL Server]Login failed for user 'imrandbtnew'. (18456) (SQLDriverConnect)")
[2025-11-08T13:47:19.001+0000] {subprocess.py:97} INFO - Command exited with return code 2
[2025-11-08T13:47:19.020+0000] {taskinstance.py:1935} ERROR - Task failed with exception
Traceback (most recent call last):
  File "/home/airflow/.local/lib/python3.9/site-packages/airflow/operators/bash.py", line 210, in execute
    raise AirflowException(
airflow.exceptions.AirflowException: Bash command failed. The command returned a non-zero exit code 2.
[2025-11-08T13:47:19.027+0000] {taskinstance.py:1398} INFO - Marking task as FAILED. dag_id=dbt_transform, task_id=dbt_run, execution_date=20251108T113600, start_date=20251108T134711, end_date=20251108T134719
[2025-11-08T13:47:19.058+0000] {standard_task_runner.py:104} ERROR - Failed to execute job 174 for task dbt_run (Bash command failed. The command returned a non-zero exit code 2.; 4018)
[2025-11-08T13:47:19.102+0000] {local_task_job_runner.py:228} INFO - Task exited with return code 1
[2025-11-08T13:47:19.193+0000] {taskinstance.py:2776} INFO - 0 downstream tasks scheduled from follow-on schedule check
