[2025-11-08T16:40:31.107+0000] {taskinstance.py:1157} INFO - Dependencies all met for dep_context=non-requeueable deps ti=<TaskInstance: dbt_transform.dbt_run scheduled__2025-11-08T16:30:16.464133+00:00 [queued]>
[2025-11-08T16:40:31.135+0000] {taskinstance.py:1157} INFO - Dependencies all met for dep_context=requeueable deps ti=<TaskInstance: dbt_transform.dbt_run scheduled__2025-11-08T16:30:16.464133+00:00 [queued]>
[2025-11-08T16:40:31.138+0000] {taskinstance.py:1359} INFO - Starting attempt 2 of 2
[2025-11-08T16:40:31.193+0000] {taskinstance.py:1380} INFO - Executing <Task(BashOperator): dbt_run> on 2025-11-08 16:30:16.464133+00:00
[2025-11-08T16:40:31.221+0000] {standard_task_runner.py:57} INFO - Started process 10684 to run task
[2025-11-08T16:40:31.227+0000] {standard_task_runner.py:84} INFO - Running: ['***', 'tasks', 'run', 'dbt_transform', 'dbt_run', 'scheduled__2025-11-08T16:30:16.464133+00:00', '--job-id', '552', '--raw', '--subdir', 'DAGS_FOLDER/dbt_dag.py', '--cfg-path', '/tmp/tmpjfg3hy7c']
[2025-11-08T16:40:31.236+0000] {standard_task_runner.py:85} INFO - Job 552: Subtask dbt_run
[2025-11-08T16:40:31.375+0000] {task_command.py:415} INFO - Running <TaskInstance: dbt_transform.dbt_run scheduled__2025-11-08T16:30:16.464133+00:00 [running]> on host 8ce966dfa5f8
[2025-11-08T16:40:31.531+0000] {taskinstance.py:1660} INFO - Exporting env vars: AIRFLOW_CTX_DAG_OWNER='***' AIRFLOW_CTX_DAG_ID='dbt_transform' AIRFLOW_CTX_TASK_ID='dbt_run' AIRFLOW_CTX_EXECUTION_DATE='2025-11-08T16:30:16.464133+00:00' AIRFLOW_CTX_TRY_NUMBER='2' AIRFLOW_CTX_DAG_RUN_ID='scheduled__2025-11-08T16:30:16.464133+00:00'
[2025-11-08T16:40:31.534+0000] {subprocess.py:63} INFO - Tmp dir root location: /tmp
[2025-11-08T16:40:31.537+0000] {subprocess.py:75} INFO - Running command: ['/bin/bash', '-c', 'docker exec dbt_***_project-dbt-1 dbt run']
[2025-11-08T16:40:31.564+0000] {subprocess.py:86} INFO - Output:
[2025-11-08T16:40:35.372+0000] {subprocess.py:93} INFO - [0m16:40:35  Running with dbt=1.8.7
[2025-11-08T16:40:36.145+0000] {subprocess.py:93} INFO - [0m16:40:36  Registered adapter: sqlserver=1.8.7
[2025-11-08T16:40:39.562+0000] {subprocess.py:93} INFO - [0m16:40:39  Found 10 models, 18 data tests, 13 sources, 614 macros
[2025-11-08T16:40:39.572+0000] {subprocess.py:93} INFO - [0m16:40:39
[2025-11-08T16:40:39.770+0000] {subprocess.py:93} INFO - [0m16:40:39
[2025-11-08T16:40:39.771+0000] {subprocess.py:93} INFO - [0m16:40:39  Finished running  in 0 hours 0 minutes and 0.19 seconds (0.19s).
[2025-11-08T16:40:39.776+0000] {subprocess.py:93} INFO - [0m16:40:39  Encountered an error:
[2025-11-08T16:40:39.777+0000] {subprocess.py:93} INFO - Database Error
[2025-11-08T16:40:39.778+0000] {subprocess.py:93} INFO -   ('28000', "[28000] [Microsoft][ODBC Driver 17 for SQL Server][SQL Server]Login failed for user 'imrandbtnew'. (18456) (SQLDriverConnect)")
[2025-11-08T16:40:41.885+0000] {subprocess.py:97} INFO - Command exited with return code 2
[2025-11-08T16:40:41.916+0000] {taskinstance.py:1935} ERROR - Task failed with exception
Traceback (most recent call last):
  File "/home/airflow/.local/lib/python3.9/site-packages/airflow/operators/bash.py", line 210, in execute
    raise AirflowException(
airflow.exceptions.AirflowException: Bash command failed. The command returned a non-zero exit code 2.
[2025-11-08T16:40:41.925+0000] {taskinstance.py:1398} INFO - Marking task as FAILED. dag_id=dbt_transform, task_id=dbt_run, execution_date=20251108T163016, start_date=20251108T164031, end_date=20251108T164041
[2025-11-08T16:40:41.965+0000] {standard_task_runner.py:104} ERROR - Failed to execute job 552 for task dbt_run (Bash command failed. The command returned a non-zero exit code 2.; 10684)
[2025-11-08T16:40:42.009+0000] {local_task_job_runner.py:228} INFO - Task exited with return code 1
[2025-11-08T16:40:42.062+0000] {taskinstance.py:2776} INFO - 0 downstream tasks scheduled from follow-on schedule check
