[2025-11-08T16:35:19.014+0000] {taskinstance.py:1157} INFO - Dependencies all met for dep_context=non-requeueable deps ti=<TaskInstance: dbt_transform.dbt_run scheduled__2025-11-08T16:30:16.464133+00:00 [queued]>
[2025-11-08T16:35:19.031+0000] {taskinstance.py:1157} INFO - Dependencies all met for dep_context=requeueable deps ti=<TaskInstance: dbt_transform.dbt_run scheduled__2025-11-08T16:30:16.464133+00:00 [queued]>
[2025-11-08T16:35:19.032+0000] {taskinstance.py:1359} INFO - Starting attempt 1 of 2
[2025-11-08T16:35:19.061+0000] {taskinstance.py:1380} INFO - Executing <Task(BashOperator): dbt_run> on 2025-11-08 16:30:16.464133+00:00
[2025-11-08T16:35:19.074+0000] {standard_task_runner.py:57} INFO - Started process 10526 to run task
[2025-11-08T16:35:19.080+0000] {standard_task_runner.py:84} INFO - Running: ['***', 'tasks', 'run', 'dbt_transform', 'dbt_run', 'scheduled__2025-11-08T16:30:16.464133+00:00', '--job-id', '544', '--raw', '--subdir', 'DAGS_FOLDER/dbt_dag.py', '--cfg-path', '/tmp/tmpx80ckc2m']
[2025-11-08T16:35:19.085+0000] {standard_task_runner.py:85} INFO - Job 544: Subtask dbt_run
[2025-11-08T16:35:19.211+0000] {task_command.py:415} INFO - Running <TaskInstance: dbt_transform.dbt_run scheduled__2025-11-08T16:30:16.464133+00:00 [running]> on host 8ce966dfa5f8
[2025-11-08T16:35:19.365+0000] {taskinstance.py:1660} INFO - Exporting env vars: AIRFLOW_CTX_DAG_OWNER='***' AIRFLOW_CTX_DAG_ID='dbt_transform' AIRFLOW_CTX_TASK_ID='dbt_run' AIRFLOW_CTX_EXECUTION_DATE='2025-11-08T16:30:16.464133+00:00' AIRFLOW_CTX_TRY_NUMBER='1' AIRFLOW_CTX_DAG_RUN_ID='scheduled__2025-11-08T16:30:16.464133+00:00'
[2025-11-08T16:35:19.368+0000] {subprocess.py:63} INFO - Tmp dir root location: /tmp
[2025-11-08T16:35:19.370+0000] {subprocess.py:75} INFO - Running command: ['/bin/bash', '-c', 'docker exec dbt_***_project-dbt-1 dbt run']
[2025-11-08T16:35:19.403+0000] {subprocess.py:86} INFO - Output:
[2025-11-08T16:35:22.762+0000] {subprocess.py:93} INFO - [0m16:35:22  Running with dbt=1.8.7
[2025-11-08T16:35:23.585+0000] {subprocess.py:93} INFO - [0m16:35:23  Registered adapter: sqlserver=1.8.7
[2025-11-08T16:35:27.074+0000] {subprocess.py:93} INFO - [0m16:35:27  Found 10 models, 18 data tests, 13 sources, 614 macros
[2025-11-08T16:35:27.083+0000] {subprocess.py:93} INFO - [0m16:35:27
[2025-11-08T16:35:27.279+0000] {subprocess.py:93} INFO - [0m16:35:27
[2025-11-08T16:35:27.281+0000] {subprocess.py:93} INFO - [0m16:35:27  Finished running  in 0 hours 0 minutes and 0.19 seconds (0.19s).
[2025-11-08T16:35:27.283+0000] {subprocess.py:93} INFO - [0m16:35:27  Encountered an error:
[2025-11-08T16:35:27.283+0000] {subprocess.py:93} INFO - Database Error
[2025-11-08T16:35:27.284+0000] {subprocess.py:93} INFO -   ('28000', "[28000] [Microsoft][ODBC Driver 17 for SQL Server][SQL Server]Login failed for user 'imrandbtnew'. (18456) (SQLDriverConnect)")
[2025-11-08T16:35:29.137+0000] {subprocess.py:97} INFO - Command exited with return code 2
[2025-11-08T16:35:29.162+0000] {taskinstance.py:1935} ERROR - Task failed with exception
Traceback (most recent call last):
  File "/home/airflow/.local/lib/python3.9/site-packages/airflow/operators/bash.py", line 210, in execute
    raise AirflowException(
airflow.exceptions.AirflowException: Bash command failed. The command returned a non-zero exit code 2.
[2025-11-08T16:35:29.171+0000] {taskinstance.py:1398} INFO - Marking task as UP_FOR_RETRY. dag_id=dbt_transform, task_id=dbt_run, execution_date=20251108T163016, start_date=20251108T163519, end_date=20251108T163529
[2025-11-08T16:35:29.202+0000] {standard_task_runner.py:104} ERROR - Failed to execute job 544 for task dbt_run (Bash command failed. The command returned a non-zero exit code 2.; 10526)
[2025-11-08T16:35:29.235+0000] {local_task_job_runner.py:228} INFO - Task exited with return code 1
[2025-11-08T16:35:29.278+0000] {taskinstance.py:2776} INFO - 0 downstream tasks scheduled from follow-on schedule check
