[2025-11-08T14:30:52.893+0000] {taskinstance.py:1157} INFO - Dependencies all met for dep_context=non-requeueable deps ti=<TaskInstance: dbt_transform.dbt_run scheduled__2025-11-08T14:20:37.803775+00:00 [queued]>
[2025-11-08T14:30:52.913+0000] {taskinstance.py:1157} INFO - Dependencies all met for dep_context=requeueable deps ti=<TaskInstance: dbt_transform.dbt_run scheduled__2025-11-08T14:20:37.803775+00:00 [queued]>
[2025-11-08T14:30:52.915+0000] {taskinstance.py:1359} INFO - Starting attempt 2 of 2
[2025-11-08T14:30:52.946+0000] {taskinstance.py:1380} INFO - Executing <Task(BashOperator): dbt_run> on 2025-11-08 14:20:37.803775+00:00
[2025-11-08T14:30:52.968+0000] {standard_task_runner.py:57} INFO - Started process 6033 to run task
[2025-11-08T14:30:52.977+0000] {standard_task_runner.py:84} INFO - Running: ['***', 'tasks', 'run', 'dbt_transform', 'dbt_run', 'scheduled__2025-11-08T14:20:37.803775+00:00', '--job-id', '297', '--raw', '--subdir', 'DAGS_FOLDER/dbt_dag.py', '--cfg-path', '/tmp/tmpll6i6bvr']
[2025-11-08T14:30:52.987+0000] {standard_task_runner.py:85} INFO - Job 297: Subtask dbt_run
[2025-11-08T14:30:53.144+0000] {task_command.py:415} INFO - Running <TaskInstance: dbt_transform.dbt_run scheduled__2025-11-08T14:20:37.803775+00:00 [running]> on host 8ce966dfa5f8
[2025-11-08T14:30:53.328+0000] {taskinstance.py:1660} INFO - Exporting env vars: AIRFLOW_CTX_DAG_OWNER='***' AIRFLOW_CTX_DAG_ID='dbt_transform' AIRFLOW_CTX_TASK_ID='dbt_run' AIRFLOW_CTX_EXECUTION_DATE='2025-11-08T14:20:37.803775+00:00' AIRFLOW_CTX_TRY_NUMBER='2' AIRFLOW_CTX_DAG_RUN_ID='scheduled__2025-11-08T14:20:37.803775+00:00'
[2025-11-08T14:30:53.331+0000] {subprocess.py:63} INFO - Tmp dir root location: /tmp
[2025-11-08T14:30:53.335+0000] {subprocess.py:75} INFO - Running command: ['/bin/bash', '-c', 'docker exec dbt_***_project-dbt-1 dbt run']
[2025-11-08T14:30:53.375+0000] {subprocess.py:86} INFO - Output:
[2025-11-08T14:30:57.383+0000] {subprocess.py:93} INFO - [0m14:30:57  Running with dbt=1.8.7
[2025-11-08T14:30:58.367+0000] {subprocess.py:93} INFO - [0m14:30:58  Registered adapter: sqlserver=1.8.7
[2025-11-08T14:31:01.799+0000] {subprocess.py:93} INFO - [0m14:31:01  Found 10 models, 18 data tests, 13 sources, 614 macros
[2025-11-08T14:31:01.820+0000] {subprocess.py:93} INFO - [0m14:31:01
[2025-11-08T14:31:02.064+0000] {subprocess.py:93} INFO - [0m14:31:02
[2025-11-08T14:31:02.066+0000] {subprocess.py:93} INFO - [0m14:31:02  Finished running  in 0 hours 0 minutes and 0.24 seconds (0.24s).
[2025-11-08T14:31:02.070+0000] {subprocess.py:93} INFO - [0m14:31:02  Encountered an error:
[2025-11-08T14:31:02.071+0000] {subprocess.py:93} INFO - Database Error
[2025-11-08T14:31:02.072+0000] {subprocess.py:93} INFO -   ('28000', "[28000] [Microsoft][ODBC Driver 17 for SQL Server][SQL Server]Login failed for user 'imrandbtnew'. (18456) (SQLDriverConnect)")
[2025-11-08T14:31:04.676+0000] {subprocess.py:97} INFO - Command exited with return code 2
[2025-11-08T14:31:04.700+0000] {taskinstance.py:1935} ERROR - Task failed with exception
Traceback (most recent call last):
  File "/home/airflow/.local/lib/python3.9/site-packages/airflow/operators/bash.py", line 210, in execute
    raise AirflowException(
airflow.exceptions.AirflowException: Bash command failed. The command returned a non-zero exit code 2.
[2025-11-08T14:31:04.708+0000] {taskinstance.py:1398} INFO - Marking task as FAILED. dag_id=dbt_transform, task_id=dbt_run, execution_date=20251108T142037, start_date=20251108T143052, end_date=20251108T143104
[2025-11-08T14:31:04.743+0000] {standard_task_runner.py:104} ERROR - Failed to execute job 297 for task dbt_run (Bash command failed. The command returned a non-zero exit code 2.; 6033)
[2025-11-08T14:31:04.819+0000] {local_task_job_runner.py:228} INFO - Task exited with return code 1
[2025-11-08T14:31:04.895+0000] {taskinstance.py:2776} INFO - 0 downstream tasks scheduled from follow-on schedule check
